Warning: Design 'toplevel' has '3' unresolved references. For more detailed information, use the "link" command. (UID-341)
 
****************************************
Report : area
Design : toplevel
Version: T-2022.03-SP3
Date   : Wed May 10 15:52:50 2023
****************************************

Library(s) Used:

    No libraries used.

Number of ports:                            2
Number of nets:                           137
Number of cells:                            3
Number of combinational cells:              0
Number of sequential cells:                 3
Number of macros/black boxes:               0
Number of buf/inv:                          0
Number of references:                       3

Combinational area:                  0.000000
Buf/Inv area:                        0.000000
Noncombinational area:               0.000000
Macro/Black Box area:                0.000000
Net Interconnect area:      undefined  (No wire load specified)

Total cell area:                     0.000000
Total area:                 undefined

Information: This design contains black box (unknown) components. (RPT-8)

The above information was reported from the logical library. The following are from the physical library:

Hierarchical area distribution
------------------------------

                                  Global cell area          Local cell area
                                  ------------------  --------------------------- 
Hierarchical cell                 Absolute   Percent  Combi-    Noncombi-  Black-
                                  Total      Total    national  national   boxes   Design
--------------------------------  ---------  -------  --------  ---------  ------  ---------
toplevel                             0.0000      0.0    0.0000     0.0000  0.0000  toplevel
--------------------------------  ---------  -------  --------  ---------  ------  ---------
Total                                                   0.0000     0.0000  0.0000

1
