 
****************************************
Report : area
Design : top_level_with_macros
Version: T-2022.03-SP3
Date   : Mon Jun  5 13:08:46 2023
****************************************

Library(s) Used:

    No libraries used.

Number of ports:                            2
Number of nets:                             0
Number of cells:                            0
Number of combinational cells:              0
Number of sequential cells:                 0
Number of macros/black boxes:               0
Number of buf/inv:                          0
Number of references:                       0

Combinational area:                  0.000000
Buf/Inv area:                        0.000000
Noncombinational area:               0.000000
Macro/Black Box area:                0.000000
Net Interconnect area:      undefined  (Wire load has zero net area)

Total cell area:                     0.000000
Total area:                 undefined

The above information was reported from the logical library. The following are from the physical library:

Hierarchical area distribution
------------------------------

                                  Global cell area          Local cell area
                                  ------------------  --------------------------- 
Hierarchical cell                 Absolute   Percent  Combi-    Noncombi-  Black-
                                  Total      Total    national  national   boxes   Design
--------------------------------  ---------  -------  --------  ---------  ------  ---------
top_level_with_macros                0.0000      0.0    0.0000     0.0000  0.0000  top_level_with_macros
--------------------------------  ---------  -------  --------  ---------  ------  ---------
Total                                                   0.0000     0.0000  0.0000

1
