 
****************************************
Report : power
        -analysis_effort low
        -verbose
Design : toplevel
Version: T-2022.03-SP3
Date   : Wed May 10 15:52:50 2023
****************************************


Library(s) Used:

    No libraries used.


Operating Conditions: nom_pvt   Library: gtech
Wire Load Model Mode: top


Global Operating Voltage = 5    
Power-specific unit information :
    Voltage Units = 1V
    Capacitance Units = 0.100000ff
    Time Units = 1ns
    Dynamic Power Units = 100nW    (derived from V,C,T units)
    Leakage Power Units = Unitless


Attributes
----------
i - Including register clock pin internal power


  Cell Internal Power  =   0.0000 nW        
  Net Switching Power  =   0.0000 nW        
                         ---------
Total Dynamic Power    =   0.0000 nW        

Cell Leakage Power     =   0.0000 

Error: Either dynamic power or leakage power, in the library, is unitless. Unable to display complete power group summary. (PWR-799)
                 Internal         Switching           Leakage            Total                         Cell
Power Group      Power            Power               Power              Power   (   %    )  Attrs  Count
---------------------------------------------------------------------------------------------------------
io_pad             0.0000            0.0000            0.0000               NA   (     N/A)             0
memory             0.0000            0.0000            0.0000               NA   (     N/A)            0
black_box          0.0000            0.0000            0.0000               NA   (     N/A)            0
clock_network      0.0000            0.0000            0.0000               NA   (     N/A)           3 i
register           0.0000            0.0000            0.0000               NA   (     N/A)            0
sequential         0.0000            0.0000            0.0000               NA   (     N/A)            0
combinational      0.0000            0.0000            0.0000               NA   (     N/A)            0
---------------------------------------------------------------------------------------------------------
Total              0.0000 nW         0.0000 nW         0.0000               NA        
1
