 
****************************************
Report : area
Design : cpu
Version: T-2022.03-SP3
Date   : Thu Jun  8 22:30:48 2023
****************************************

Library(s) Used:

    NangateOpenCellLibrary (File: /home/projects/ee478.2023spr/ecarino/OoO_Processor/in-order/top_level_no_macros/freepdk-45nm/stdcells-wc.db)

Number of ports:                         2603
Number of nets:                         23979
Number of cells:                        21173
Number of combinational cells:          19660
Number of sequential cells:              1475
Number of macros/black boxes:               0
Number of buf/inv:                       3336
Number of references:                       8

Combinational area:              21045.388043
Buf/Inv area:                     1999.522006
Noncombinational area:            6670.481758
Macro/Black Box area:                0.000000
Net Interconnect area:      undefined  (Wire load has zero net area)

Total cell area:                 27715.869801
Total area:                 undefined

The above information was reported from the logical library. The following are from the physical library:

Hierarchical area distribution
------------------------------

                                  Global cell area            Local cell area
                                  -------------------  ----------------------------- 
Hierarchical cell                 Absolute    Percent  Combi-      Noncombi-  Black-
                                  Total       Total    national    national   boxes   Design
--------------------------------  ----------  -------  ----------  ---------  ------  -------------
cpu                               27715.8698    100.0      0.7980     0.0000  0.0000  cpu
decode0                            1415.6520      5.1    755.4400   660.2120  0.0000  decode
exec0                             16650.5359     60.1    326.6480   475.3420  0.0000  execute
exec0/alu0                        15848.5459     57.2  15848.5459     0.0000  0.0000  alu
fetch0                              789.7540      2.8    355.6420   434.1120  0.0000  fetch
hazard_detect0                       45.7520      0.2     45.7520     0.0000  0.0000  hazard_detect
memaccess0                          763.4200      2.8    148.4280   614.9920  0.0000  memory_access
regfile0                           7870.1419     28.4   3384.3181  4485.8238  0.0000  regfile
wb0                                 179.8160      0.6    179.8160     0.0000  0.0000  writeback
--------------------------------  ----------  -------  ----------  ---------  ------  -------------
Total                                                  21045.3880  6670.4818  0.0000

1
