 
****************************************
Report : constraint
        -all_violators
        -verbose
Design : cpu
Version: T-2022.03-SP3
Date   : Thu Jun  8 22:30:47 2023
****************************************


  Startpoint: decode0/opsel2_reg[1]
              (rising edge-triggered flip-flop clocked by clk)
  Endpoint: exec0/alu_out_reg[0]
            (rising edge-triggered flip-flop clocked by clk)
  Path Group: Regs_to_Regs
  Path Type: max

  Des/Clust/Port     Wire Load Model       Library
  ------------------------------------------------
  cpu                5K_hvratio_1_1        NangateOpenCellLibrary

  Point                                    Incr       Path
  -----------------------------------------------------------
  clock clk (rise edge)                    0.00       0.00
  clock network delay (ideal)              0.00       0.00
  decode0/opsel2_reg[1]/CK (DFF_X1)        0.00 #     0.00 r
  decode0/opsel2_reg[1]/QN (DFF_X1)        0.25       0.25 f
  decode0/U5/ZN (INV_X1)                   0.08       0.33 r
  exec0/U163/ZN (INV_X1)                   0.04       0.37 f
  exec0/U59/ZN (NOR2_X1)                   0.20       0.57 r
  exec0/U164/Z (BUF_X4)                    0.18       0.75 r
  exec0/U13/ZN (NAND2_X1)                  0.10       0.86 f
  exec0/U53/ZN (NAND2_X4)                  0.14       1.00 r
  exec0/alu0/U1900/ZN (INV_X1)             0.06       1.06 f
  exec0/alu0/U427/ZN (OAI21_X2)            0.10       1.16 r
  exec0/alu0/U1090/ZN (NOR2_X1)            0.06       1.22 f
  exec0/alu0/U15063/ZN (AND3_X2)           0.11       1.33 f
  exec0/alu0/U2996/ZN (NAND2_X2)           0.09       1.42 r
  exec0/alu0/U1605/ZN (AND2_X2)            0.11       1.52 r
  exec0/alu0/U2615/ZN (NAND3_X1)           0.07       1.60 f
  exec0/alu0/U3412/ZN (NAND2_X2)           0.10       1.70 r
  exec0/alu0/U4215/ZN (NOR2_X1)            0.05       1.75 f
  exec0/alu0/U4276/ZN (NOR2_X1)            0.11       1.86 r
  exec0/alu0/U3415/ZN (NAND2_X1)           0.07       1.93 f
  exec0/alu0/U1425/ZN (NAND2_X2)           0.08       2.01 r
  exec0/alu0/U4313/ZN (NAND2_X1)           0.07       2.08 f
  exec0/alu0/U691/ZN (NAND2_X2)            0.08       2.16 r
  exec0/alu0/U4572/ZN (NAND2_X1)           0.06       2.22 f
  exec0/alu0/U2278/ZN (NAND3_X1)           0.08       2.30 r
  exec0/alu0/U3507/ZN (AND4_X4)            0.22       2.52 r
  exec0/alu0/U15040/ZN (INV_X1)            0.06       2.58 f
  exec0/alu0/U314/ZN (OAI21_X1)            0.09       2.68 r
  exec0/alu0/U1077/ZN (NAND2_X2)           0.10       2.78 f
  exec0/alu0/U2579/ZN (INV_X1)             0.09       2.87 r
  exec0/alu0/U1303/ZN (AND2_X2)            0.12       2.99 r
  exec0/alu0/U3441/ZN (NAND2_X1)           0.06       3.05 f
  exec0/alu0/U2681/ZN (OAI211_X2)          0.09       3.14 r
  exec0/alu0/U1461/ZN (NAND2_X2)           0.09       3.24 f
  exec0/alu0/U1091/ZN (INV_X1)             0.09       3.33 r
  exec0/alu0/U5029/ZN (NAND2_X1)           0.07       3.40 f
  exec0/alu0/U1260/ZN (NAND2_X2)           0.12       3.52 r
  exec0/alu0/U1259/ZN (AND2_X4)            0.17       3.69 r
  exec0/alu0/U3501/ZN (NAND2_X1)           0.06       3.75 f
  exec0/alu0/U4732/ZN (NAND4_X1)           0.08       3.83 r
  exec0/alu0/U15024/Z (MUX2_X2)            0.21       4.04 r
  exec0/alu0/U1192/ZN (NOR2_X1)            0.08       4.12 f
  exec0/alu0/U4803/ZN (NOR2_X2)            0.16       4.28 r
  exec0/alu0/U4804/ZN (NAND2_X1)           0.07       4.35 f
  exec0/alu0/U4816/ZN (OAI21_X1)           0.13       4.48 r
  exec0/alu0/U4832/ZN (NAND2_X1)           0.06       4.54 f
  exec0/alu0/U1199/ZN (NAND2_X1)           0.10       4.64 r
  exec0/alu0/U3382/ZN (INV_X1)             0.05       4.69 f
  exec0/alu0/U3527/ZN (AND2_X2)            0.10       4.79 f
  exec0/alu0/U404/ZN (NAND2_X2)            0.07       4.86 r
  exec0/alu0/U3576/ZN (AND4_X4)            0.19       5.05 r
  exec0/alu0/U1083/ZN (INV_X2)             0.08       5.13 f
  exec0/alu0/U1082/ZN (AND2_X2)            0.13       5.26 f
  exec0/alu0/U1416/ZN (NAND2_X1)           0.07       5.34 r
  exec0/alu0/U5242/ZN (NAND2_X1)           0.06       5.39 f
  exec0/alu0/U5251/ZN (OR3_X4)             0.33       5.72 f
  exec0/alu0/U2888/ZN (NOR2_X4)            0.15       5.87 r
  exec0/alu0/U5494/ZN (OAI21_X1)           0.06       5.94 f
  exec0/alu0/U2889/ZN (AOI21_X1)           0.16       6.10 r
  exec0/alu0/U1135/ZN (OAI21_X1)           0.09       6.19 f
  exec0/alu0/U2916/ZN (NAND2_X1)           0.07       6.25 r
  exec0/alu0/U5500/ZN (NAND2_X1)           0.06       6.31 f
  exec0/alu0/U4233/ZN (INV_X1)             0.07       6.38 r
  exec0/alu0/U394/ZN (AND2_X2)             0.12       6.50 r
  exec0/alu0/U2900/ZN (NAND2_X4)           0.12       6.62 f
  exec0/alu0/U3333/ZN (AND3_X4)            0.15       6.77 f
  exec0/alu0/U2731/ZN (AND3_X4)            0.15       6.92 f
  exec0/alu0/U2719/ZN (NAND2_X1)           0.07       6.99 r
  exec0/alu0/U3007/ZN (NAND2_X1)           0.06       7.05 f
  exec0/alu0/U3256/ZN (OR3_X4)             0.34       7.39 f
  exec0/alu0/U3275/ZN (NOR2_X2)            0.15       7.54 r
  exec0/alu0/U3008/ZN (NOR2_X1)            0.06       7.60 f
  exec0/alu0/U3017/ZN (NAND2_X1)           0.06       7.66 r
  exec0/alu0/U3022/ZN (AND2_X2)            0.11       7.77 r
  exec0/alu0/U3119/ZN (OAI21_X1)           0.06       7.83 f
  exec0/alu0/U3182/ZN (INV_X1)             0.06       7.88 r
  exec0/alu0/U2649/ZN (NAND2_X1)           0.05       7.93 f
  exec0/alu0/U3252/ZN (NAND3_X1)           0.08       8.01 r
  exec0/alu0/U3472/ZN (NOR2_X1)            0.05       8.06 f
  exec0/alu0/U6147/ZN (NOR3_X1)            0.26       8.32 r
  exec0/alu0/U3570/ZN (AND2_X4)            0.20       8.52 r
  exec0/alu0/U2781/ZN (AND2_X4)            0.20       8.72 r
  exec0/alu0/U677/ZN (NAND2_X1)            0.08       8.79 f
  exec0/alu0/U6306/ZN (NAND4_X1)           0.12       8.91 r
  exec0/alu0/U6307/ZN (OR2_X4)             0.16       9.08 r
  exec0/alu0/U6769/ZN (NOR2_X2)            0.08       9.16 f
  exec0/alu0/U412/ZN (OAI21_X1)            0.16       9.32 r
  exec0/alu0/U6772/ZN (AOI21_X1)           0.10       9.42 f
  exec0/alu0/U1186/ZN (OAI21_X2)           0.15       9.57 r
  exec0/alu0/U2870/ZN (NAND2_X1)           0.08       9.65 f
  exec0/alu0/U563/ZN (OAI211_X1)           0.18       9.83 r
  exec0/alu0/U6792/ZN (INV_X1)             0.05       9.89 f
  exec0/alu0/U1108/ZN (AND2_X2)            0.11       9.99 f
  exec0/alu0/U6872/ZN (NAND2_X2)           0.07      10.06 r
  exec0/alu0/U6997/ZN (AND4_X4)            0.24      10.30 r
  exec0/alu0/U3732/ZN (OR2_X4)             0.17      10.47 r
  exec0/alu0/U7161/ZN (INV_X1)             0.07      10.54 f
  exec0/alu0/U192/ZN (AND2_X2)             0.10      10.64 f
  exec0/alu0/U3705/ZN (OR3_X4)             0.34      10.99 f
  exec0/alu0/U1263/ZN (NAND2_X2)           0.13      11.11 r
  exec0/alu0/U400/ZN (OAI21_X2)            0.08      11.19 f
  exec0/alu0/U7669/ZN (AOI21_X1)           0.21      11.40 r
  exec0/alu0/U3041/ZN (OAI21_X2)           0.09      11.49 f
  exec0/alu0/U7682/ZN (NAND2_X1)           0.07      11.57 r
  exec0/alu0/U3478/ZN (AND2_X2)            0.12      11.69 r
  exec0/alu0/U12777/ZN (OAI21_X1)          0.06      11.75 f
  exec0/alu0/U1181/ZN (AND2_X2)            0.11      11.86 f
  exec0/alu0/U3475/ZN (NAND2_X2)           0.10      11.96 r
  exec0/alu0/U3708/ZN (NAND4_X4)           0.16      12.12 f
  exec0/alu0/U8119/ZN (OR2_X4)             0.25      12.37 f
  exec0/alu0/U8753/ZN (OAI22_X1)           0.19      12.55 r
  exec0/alu0/U8754/ZN (INV_X1)             0.08      12.63 f
  exec0/alu0/U8771/ZN (NAND4_X4)           0.17      12.80 r
  exec0/alu0/U8998/ZN (NAND2_X2)           0.12      12.92 f
  exec0/alu0/U561/ZN (OAI21_X2)            0.15      13.06 r
  exec0/alu0/U9001/ZN (AOI21_X1)           0.06      13.12 f
  exec0/alu0/U1205/ZN (OAI21_X1)           0.14      13.26 r
  exec0/alu0/U9007/ZN (INV_X1)             0.05      13.31 f
  exec0/alu0/U1174/ZN (AND2_X2)            0.11      13.42 f
  exec0/alu0/U9054/ZN (OAI21_X1)           0.17      13.59 r
  exec0/alu0/U9478/ZN (NAND2_X1)           0.08      13.67 f
  exec0/alu0/U9479/ZN (OR2_X2)             0.18      13.85 f
  exec0/alu0/U9462/ZN (AND4_X2)            0.16      14.01 f
  exec0/alu0/U3721/ZN (AND2_X4)            0.16      14.17 f
  exec0/alu0/U3741/ZN (AOI22_X1)           0.20      14.36 r
  exec0/alu0/U10268/ZN (NAND2_X1)          0.08      14.44 f
  exec0/alu0/U10270/ZN (OR3_X4)            0.29      14.74 f
  exec0/alu0/U3096/ZN (NOR2_X2)            0.17      14.90 r
  exec0/alu0/U10580/ZN (OAI21_X1)          0.08      14.98 f
  exec0/alu0/U557/ZN (AOI21_X2)            0.17      15.16 r
  exec0/alu0/U10581/ZN (OAI21_X1)          0.10      15.26 f
  exec0/alu0/U3408/ZN (AOI21_X1)           0.12      15.38 r
  exec0/alu0/U555/ZN (OAI21_X1)            0.08      15.47 f
  exec0/alu0/U1075/ZN (AND2_X2)            0.12      15.58 f
  exec0/alu0/U1074/ZN (NAND2_X2)           0.07      15.65 r
  exec0/alu0/U11025/ZN (AND4_X4)           0.22      15.88 r
  exec0/alu0/U11038/ZN (NOR2_X2)           0.07      15.95 f
  exec0/alu0/U11039/Z (BUF_X4)             0.14      16.09 f
  exec0/alu0/U11149/ZN (AOI22_X1)          0.28      16.37 r
  exec0/alu0/U11157/ZN (NAND4_X4)          0.23      16.60 f
  exec0/alu0/U11189/ZN (NAND2_X1)          0.11      16.71 r
  exec0/alu0/U11191/ZN (OAI21_X1)          0.07      16.77 f
  exec0/alu0/U359/ZN (AOI21_X2)            0.16      16.93 r
  exec0/alu0/U11197/ZN (OAI21_X1)          0.07      17.00 f
  exec0/alu0/U11491/ZN (NAND2_X1)          0.06      17.06 r
  exec0/alu0/U11503/ZN (AND2_X2)           0.11      17.18 r
  exec0/alu0/U12654/ZN (OAI211_X1)         0.09      17.26 f
  exec0/alu0/U13042/ZN (OR3_X1)            0.35      17.61 f
  exec0/alu0/U1068/ZN (NAND2_X1)           0.08      17.68 r
  exec0/alu0/U1067/ZN (INV_X1)             0.04      17.72 f
  exec0/alu0/U13176/ZN (NAND2_X1)          0.06      17.78 r
  exec0/U149/ZN (AND2_X1)                  0.09      17.87 r
  exec0/alu_out_reg[0]/D (DFF_X2)          0.01      17.88 r
  data arrival time                                  17.88

  clock clk (rise edge)                   15.00      15.00
  clock network delay (ideal)              0.00      15.00
  clock reconvergence pessimism            0.00      15.00
  clock uncertainty                       -0.05      14.95
  exec0/alu_out_reg[0]/CK (DFF_X2)         0.00      14.95 r
  library setup time                      -0.06      14.89
  data required time                                 14.89
  -----------------------------------------------------------
  data required time                                 14.89
  data arrival time                                 -17.88
  -----------------------------------------------------------
  slack (VIOLATED)                                   -2.99


  Startpoint: decode0/opsel2_reg[1]
              (rising edge-triggered flip-flop clocked by clk)
  Endpoint: exec0/alu_out_reg[1]
            (rising edge-triggered flip-flop clocked by clk)
  Path Group: Regs_to_Regs
  Path Type: max

  Des/Clust/Port     Wire Load Model       Library
  ------------------------------------------------
  cpu                5K_hvratio_1_1        NangateOpenCellLibrary

  Point                                    Incr       Path
  -----------------------------------------------------------
  clock clk (rise edge)                    0.00       0.00
  clock network delay (ideal)              0.00       0.00
  decode0/opsel2_reg[1]/CK (DFF_X1)        0.00 #     0.00 r
  decode0/opsel2_reg[1]/QN (DFF_X1)        0.25       0.25 f
  decode0/U5/ZN (INV_X1)                   0.08       0.33 r
  exec0/U163/ZN (INV_X1)                   0.04       0.37 f
  exec0/U59/ZN (NOR2_X1)                   0.20       0.57 r
  exec0/U164/Z (BUF_X4)                    0.18       0.75 r
  exec0/U13/ZN (NAND2_X1)                  0.10       0.86 f
  exec0/U53/ZN (NAND2_X4)                  0.14       1.00 r
  exec0/alu0/U1900/ZN (INV_X1)             0.06       1.06 f
  exec0/alu0/U427/ZN (OAI21_X2)            0.10       1.16 r
  exec0/alu0/U1090/ZN (NOR2_X1)            0.06       1.22 f
  exec0/alu0/U15063/ZN (AND3_X2)           0.11       1.33 f
  exec0/alu0/U2996/ZN (NAND2_X2)           0.09       1.42 r
  exec0/alu0/U1605/ZN (AND2_X2)            0.11       1.52 r
  exec0/alu0/U2615/ZN (NAND3_X1)           0.07       1.60 f
  exec0/alu0/U3412/ZN (NAND2_X2)           0.10       1.70 r
  exec0/alu0/U4215/ZN (NOR2_X1)            0.05       1.75 f
  exec0/alu0/U4276/ZN (NOR2_X1)            0.11       1.86 r
  exec0/alu0/U3415/ZN (NAND2_X1)           0.07       1.93 f
  exec0/alu0/U1425/ZN (NAND2_X2)           0.08       2.01 r
  exec0/alu0/U4313/ZN (NAND2_X1)           0.07       2.08 f
  exec0/alu0/U691/ZN (NAND2_X2)            0.08       2.16 r
  exec0/alu0/U4572/ZN (NAND2_X1)           0.06       2.22 f
  exec0/alu0/U2278/ZN (NAND3_X1)           0.08       2.30 r
  exec0/alu0/U3507/ZN (AND4_X4)            0.22       2.52 r
  exec0/alu0/U15040/ZN (INV_X1)            0.06       2.58 f
  exec0/alu0/U314/ZN (OAI21_X1)            0.09       2.68 r
  exec0/alu0/U1077/ZN (NAND2_X2)           0.10       2.78 f
  exec0/alu0/U2579/ZN (INV_X1)             0.09       2.87 r
  exec0/alu0/U1303/ZN (AND2_X2)            0.12       2.99 r
  exec0/alu0/U3441/ZN (NAND2_X1)           0.06       3.05 f
  exec0/alu0/U2681/ZN (OAI211_X2)          0.09       3.14 r
  exec0/alu0/U1461/ZN (NAND2_X2)           0.09       3.24 f
  exec0/alu0/U1091/ZN (INV_X1)             0.09       3.33 r
  exec0/alu0/U5029/ZN (NAND2_X1)           0.07       3.40 f
  exec0/alu0/U1260/ZN (NAND2_X2)           0.12       3.52 r
  exec0/alu0/U1259/ZN (AND2_X4)            0.17       3.69 r
  exec0/alu0/U3501/ZN (NAND2_X1)           0.06       3.75 f
  exec0/alu0/U4732/ZN (NAND4_X1)           0.08       3.83 r
  exec0/alu0/U15024/Z (MUX2_X2)            0.21       4.04 r
  exec0/alu0/U1192/ZN (NOR2_X1)            0.08       4.12 f
  exec0/alu0/U4803/ZN (NOR2_X2)            0.16       4.28 r
  exec0/alu0/U4804/ZN (NAND2_X1)           0.07       4.35 f
  exec0/alu0/U4816/ZN (OAI21_X1)           0.13       4.48 r
  exec0/alu0/U4832/ZN (NAND2_X1)           0.06       4.54 f
  exec0/alu0/U1199/ZN (NAND2_X1)           0.10       4.64 r
  exec0/alu0/U3382/ZN (INV_X1)             0.05       4.69 f
  exec0/alu0/U3527/ZN (AND2_X2)            0.10       4.79 f
  exec0/alu0/U404/ZN (NAND2_X2)            0.07       4.86 r
  exec0/alu0/U3576/ZN (AND4_X4)            0.19       5.05 r
  exec0/alu0/U1083/ZN (INV_X2)             0.08       5.13 f
  exec0/alu0/U1082/ZN (AND2_X2)            0.13       5.26 f
  exec0/alu0/U1416/ZN (NAND2_X1)           0.07       5.34 r
  exec0/alu0/U5242/ZN (NAND2_X1)           0.06       5.39 f
  exec0/alu0/U5251/ZN (OR3_X4)             0.33       5.72 f
  exec0/alu0/U2888/ZN (NOR2_X4)            0.15       5.87 r
  exec0/alu0/U5494/ZN (OAI21_X1)           0.06       5.94 f
  exec0/alu0/U2889/ZN (AOI21_X1)           0.16       6.10 r
  exec0/alu0/U1135/ZN (OAI21_X1)           0.09       6.19 f
  exec0/alu0/U2916/ZN (NAND2_X1)           0.07       6.25 r
  exec0/alu0/U5500/ZN (NAND2_X1)           0.06       6.31 f
  exec0/alu0/U4233/ZN (INV_X1)             0.07       6.38 r
  exec0/alu0/U394/ZN (AND2_X2)             0.12       6.50 r
  exec0/alu0/U2900/ZN (NAND2_X4)           0.12       6.62 f
  exec0/alu0/U3333/ZN (AND3_X4)            0.15       6.77 f
  exec0/alu0/U2731/ZN (AND3_X4)            0.15       6.92 f
  exec0/alu0/U2719/ZN (NAND2_X1)           0.07       6.99 r
  exec0/alu0/U3007/ZN (NAND2_X1)           0.06       7.05 f
  exec0/alu0/U3256/ZN (OR3_X4)             0.34       7.39 f
  exec0/alu0/U3275/ZN (NOR2_X2)            0.15       7.54 r
  exec0/alu0/U3008/ZN (NOR2_X1)            0.06       7.60 f
  exec0/alu0/U3017/ZN (NAND2_X1)           0.06       7.66 r
  exec0/alu0/U3022/ZN (AND2_X2)            0.11       7.77 r
  exec0/alu0/U3119/ZN (OAI21_X1)           0.06       7.83 f
  exec0/alu0/U3182/ZN (INV_X1)             0.06       7.88 r
  exec0/alu0/U2649/ZN (NAND2_X1)           0.05       7.93 f
  exec0/alu0/U3252/ZN (NAND3_X1)           0.08       8.01 r
  exec0/alu0/U3472/ZN (NOR2_X1)            0.05       8.06 f
  exec0/alu0/U6147/ZN (NOR3_X1)            0.26       8.32 r
  exec0/alu0/U3570/ZN (AND2_X4)            0.20       8.52 r
  exec0/alu0/U2781/ZN (AND2_X4)            0.20       8.72 r
  exec0/alu0/U677/ZN (NAND2_X1)            0.08       8.79 f
  exec0/alu0/U6306/ZN (NAND4_X1)           0.12       8.91 r
  exec0/alu0/U6307/ZN (OR2_X4)             0.16       9.08 r
  exec0/alu0/U6769/ZN (NOR2_X2)            0.08       9.16 f
  exec0/alu0/U412/ZN (OAI21_X1)            0.16       9.32 r
  exec0/alu0/U6772/ZN (AOI21_X1)           0.10       9.42 f
  exec0/alu0/U1186/ZN (OAI21_X2)           0.15       9.57 r
  exec0/alu0/U2870/ZN (NAND2_X1)           0.08       9.65 f
  exec0/alu0/U563/ZN (OAI211_X1)           0.18       9.83 r
  exec0/alu0/U6792/ZN (INV_X1)             0.05       9.89 f
  exec0/alu0/U1108/ZN (AND2_X2)            0.11       9.99 f
  exec0/alu0/U6872/ZN (NAND2_X2)           0.07      10.06 r
  exec0/alu0/U6997/ZN (AND4_X4)            0.24      10.30 r
  exec0/alu0/U3732/ZN (OR2_X4)             0.17      10.47 r
  exec0/alu0/U7161/ZN (INV_X1)             0.07      10.54 f
  exec0/alu0/U192/ZN (AND2_X2)             0.10      10.64 f
  exec0/alu0/U3705/ZN (OR3_X4)             0.34      10.99 f
  exec0/alu0/U1263/ZN (NAND2_X2)           0.13      11.11 r
  exec0/alu0/U400/ZN (OAI21_X2)            0.08      11.19 f
  exec0/alu0/U7669/ZN (AOI21_X1)           0.21      11.40 r
  exec0/alu0/U3041/ZN (OAI21_X2)           0.09      11.49 f
  exec0/alu0/U7682/ZN (NAND2_X1)           0.07      11.57 r
  exec0/alu0/U3478/ZN (AND2_X2)            0.12      11.69 r
  exec0/alu0/U12777/ZN (OAI21_X1)          0.06      11.75 f
  exec0/alu0/U1181/ZN (AND2_X2)            0.11      11.86 f
  exec0/alu0/U3475/ZN (NAND2_X2)           0.10      11.96 r
  exec0/alu0/U3708/ZN (NAND4_X4)           0.16      12.12 f
  exec0/alu0/U8119/ZN (OR2_X4)             0.25      12.37 f
  exec0/alu0/U8753/ZN (OAI22_X1)           0.19      12.55 r
  exec0/alu0/U8754/ZN (INV_X1)             0.08      12.63 f
  exec0/alu0/U8771/ZN (NAND4_X4)           0.17      12.80 r
  exec0/alu0/U8998/ZN (NAND2_X2)           0.12      12.92 f
  exec0/alu0/U561/ZN (OAI21_X2)            0.15      13.06 r
  exec0/alu0/U9001/ZN (AOI21_X1)           0.06      13.12 f
  exec0/alu0/U1205/ZN (OAI21_X1)           0.14      13.26 r
  exec0/alu0/U9007/ZN (INV_X1)             0.05      13.31 f
  exec0/alu0/U1174/ZN (AND2_X2)            0.11      13.42 f
  exec0/alu0/U9054/ZN (OAI21_X1)           0.17      13.59 r
  exec0/alu0/U9478/ZN (NAND2_X1)           0.08      13.67 f
  exec0/alu0/U9479/ZN (OR2_X2)             0.18      13.85 f
  exec0/alu0/U9462/ZN (AND4_X2)            0.16      14.01 f
  exec0/alu0/U3721/ZN (AND2_X4)            0.16      14.17 f
  exec0/alu0/U4144/ZN (AOI22_X1)           0.20      14.36 r
  exec0/alu0/U1200/ZN (AND2_X2)            0.14      14.51 r
  exec0/alu0/U9913/ZN (NAND3_X4)           0.14      14.64 f
  exec0/alu0/U9914/ZN (NOR2_X2)            0.20      14.84 r
  exec0/alu0/U1247/ZN (OAI21_X2)           0.09      14.93 f
  exec0/alu0/U3565/ZN (AOI21_X2)           0.17      15.10 r
  exec0/alu0/U2955/ZN (OAI21_X2)           0.09      15.19 f
  exec0/alu0/U3733/ZN (AOI21_X2)           0.18      15.36 r
  exec0/alu0/U10532/ZN (OAI21_X2)          0.10      15.46 f
  exec0/alu0/U3918/ZN (INV_X1)             0.08      15.55 r
  exec0/alu0/U2330/ZN (NAND3_X1)           0.09      15.63 f
  exec0/alu0/U11025/ZN (AND4_X4)           0.18      15.82 f
  exec0/alu0/U3745/ZN (NOR2_X2)            0.23      16.05 r
  exec0/alu0/U3735/Z (BUF_X4)              0.17      16.22 r
  exec0/alu0/U11426/ZN (NAND2_X1)          0.07      16.29 f
  exec0/alu0/U11427/ZN (NAND2_X1)          0.07      16.36 r
  exec0/alu0/U1994/ZN (NOR2_X1)            0.04      16.40 f
  exec0/alu0/U11459/ZN (NAND4_X1)          0.11      16.50 r
  exec0/alu0/U11460/Z (BUF_X2)             0.13      16.63 r
  exec0/alu0/U11461/ZN (NOR2_X1)           0.06      16.69 f
  exec0/alu0/U1815/ZN (NOR2_X2)            0.15      16.84 r
  exec0/alu0/U3644/ZN (NAND2_X1)           0.08      16.92 f
  exec0/alu0/U11501/ZN (OAI21_X1)          0.14      17.06 r
  exec0/alu0/U11502/ZN (INV_X1)            0.05      17.11 f
  exec0/alu0/U11503/ZN (AND2_X2)           0.11      17.22 f
  exec0/alu0/U12654/ZN (OAI211_X1)         0.18      17.40 r
  exec0/alu0/U14051/Z (CLKBUF_X1)          0.14      17.54 r
  exec0/alu0/U14052/ZN (INV_X1)            0.03      17.57 f
  exec0/alu0/U435/ZN (NAND2_X1)            0.05      17.62 r
  exec0/alu0/U434/ZN (NAND2_X1)            0.05      17.67 f
  exec0/U284/ZN (AND2_X1)                  0.10      17.77 f
  exec0/alu_out_reg[1]/D (DFF_X1)          0.01      17.77 f
  data arrival time                                  17.77

  clock clk (rise edge)                   15.00      15.00
  clock network delay (ideal)              0.00      15.00
  clock reconvergence pessimism            0.00      15.00
  clock uncertainty                       -0.05      14.95
  exec0/alu_out_reg[1]/CK (DFF_X1)         0.00      14.95 r
  library setup time                      -0.13      14.82
  data required time                                 14.82
  -----------------------------------------------------------
  data required time                                 14.82
  data arrival time                                 -17.77
  -----------------------------------------------------------
  slack (VIOLATED)                                   -2.96


  Startpoint: decode0/opsel2_reg[1]
              (rising edge-triggered flip-flop clocked by clk)
  Endpoint: exec0/alu_out_reg[2]
            (rising edge-triggered flip-flop clocked by clk)
  Path Group: Regs_to_Regs
  Path Type: max

  Des/Clust/Port     Wire Load Model       Library
  ------------------------------------------------
  cpu                5K_hvratio_1_1        NangateOpenCellLibrary

  Point                                    Incr       Path
  -----------------------------------------------------------
  clock clk (rise edge)                    0.00       0.00
  clock network delay (ideal)              0.00       0.00
  decode0/opsel2_reg[1]/CK (DFF_X1)        0.00 #     0.00 r
  decode0/opsel2_reg[1]/QN (DFF_X1)        0.25       0.25 f
  decode0/U5/ZN (INV_X1)                   0.08       0.33 r
  exec0/U163/ZN (INV_X1)                   0.04       0.37 f
  exec0/U59/ZN (NOR2_X1)                   0.20       0.57 r
  exec0/U164/Z (BUF_X4)                    0.18       0.75 r
  exec0/U13/ZN (NAND2_X1)                  0.10       0.86 f
  exec0/U53/ZN (NAND2_X4)                  0.14       1.00 r
  exec0/alu0/U1900/ZN (INV_X1)             0.06       1.06 f
  exec0/alu0/U427/ZN (OAI21_X2)            0.10       1.16 r
  exec0/alu0/U1090/ZN (NOR2_X1)            0.06       1.22 f
  exec0/alu0/U15063/ZN (AND3_X2)           0.11       1.33 f
  exec0/alu0/U2996/ZN (NAND2_X2)           0.09       1.42 r
  exec0/alu0/U1605/ZN (AND2_X2)            0.11       1.52 r
  exec0/alu0/U2615/ZN (NAND3_X1)           0.07       1.60 f
  exec0/alu0/U3412/ZN (NAND2_X2)           0.10       1.70 r
  exec0/alu0/U4215/ZN (NOR2_X1)            0.05       1.75 f
  exec0/alu0/U4276/ZN (NOR2_X1)            0.11       1.86 r
  exec0/alu0/U3415/ZN (NAND2_X1)           0.07       1.93 f
  exec0/alu0/U1425/ZN (NAND2_X2)           0.08       2.01 r
  exec0/alu0/U4313/ZN (NAND2_X1)           0.07       2.08 f
  exec0/alu0/U691/ZN (NAND2_X2)            0.08       2.16 r
  exec0/alu0/U4572/ZN (NAND2_X1)           0.06       2.22 f
  exec0/alu0/U2278/ZN (NAND3_X1)           0.08       2.30 r
  exec0/alu0/U3507/ZN (AND4_X4)            0.22       2.52 r
  exec0/alu0/U15040/ZN (INV_X1)            0.06       2.58 f
  exec0/alu0/U314/ZN (OAI21_X1)            0.09       2.68 r
  exec0/alu0/U1077/ZN (NAND2_X2)           0.10       2.78 f
  exec0/alu0/U2579/ZN (INV_X1)             0.09       2.87 r
  exec0/alu0/U1303/ZN (AND2_X2)            0.12       2.99 r
  exec0/alu0/U3441/ZN (NAND2_X1)           0.06       3.05 f
  exec0/alu0/U2681/ZN (OAI211_X2)          0.09       3.14 r
  exec0/alu0/U1461/ZN (NAND2_X2)           0.09       3.24 f
  exec0/alu0/U1091/ZN (INV_X1)             0.09       3.33 r
  exec0/alu0/U5029/ZN (NAND2_X1)           0.07       3.40 f
  exec0/alu0/U1260/ZN (NAND2_X2)           0.12       3.52 r
  exec0/alu0/U1259/ZN (AND2_X4)            0.17       3.69 r
  exec0/alu0/U3501/ZN (NAND2_X1)           0.06       3.75 f
  exec0/alu0/U4732/ZN (NAND4_X1)           0.08       3.83 r
  exec0/alu0/U15024/Z (MUX2_X2)            0.21       4.04 r
  exec0/alu0/U1192/ZN (NOR2_X1)            0.08       4.12 f
  exec0/alu0/U4803/ZN (NOR2_X2)            0.16       4.28 r
  exec0/alu0/U4804/ZN (NAND2_X1)           0.07       4.35 f
  exec0/alu0/U4816/ZN (OAI21_X1)           0.13       4.48 r
  exec0/alu0/U4832/ZN (NAND2_X1)           0.06       4.54 f
  exec0/alu0/U1199/ZN (NAND2_X1)           0.10       4.64 r
  exec0/alu0/U3382/ZN (INV_X1)             0.05       4.69 f
  exec0/alu0/U3527/ZN (AND2_X2)            0.10       4.79 f
  exec0/alu0/U404/ZN (NAND2_X2)            0.07       4.86 r
  exec0/alu0/U3576/ZN (AND4_X4)            0.19       5.05 r
  exec0/alu0/U1083/ZN (INV_X2)             0.08       5.13 f
  exec0/alu0/U1082/ZN (AND2_X2)            0.13       5.26 f
  exec0/alu0/U1416/ZN (NAND2_X1)           0.07       5.34 r
  exec0/alu0/U5242/ZN (NAND2_X1)           0.06       5.39 f
  exec0/alu0/U5251/ZN (OR3_X4)             0.33       5.72 f
  exec0/alu0/U2888/ZN (NOR2_X4)            0.15       5.87 r
  exec0/alu0/U5494/ZN (OAI21_X1)           0.06       5.94 f
  exec0/alu0/U2889/ZN (AOI21_X1)           0.16       6.10 r
  exec0/alu0/U1135/ZN (OAI21_X1)           0.09       6.19 f
  exec0/alu0/U2916/ZN (NAND2_X1)           0.07       6.25 r
  exec0/alu0/U5500/ZN (NAND2_X1)           0.06       6.31 f
  exec0/alu0/U4233/ZN (INV_X1)             0.07       6.38 r
  exec0/alu0/U394/ZN (AND2_X2)             0.12       6.50 r
  exec0/alu0/U2900/ZN (NAND2_X4)           0.12       6.62 f
  exec0/alu0/U3333/ZN (AND3_X4)            0.15       6.77 f
  exec0/alu0/U2731/ZN (AND3_X4)            0.15       6.92 f
  exec0/alu0/U2719/ZN (NAND2_X1)           0.07       6.99 r
  exec0/alu0/U3007/ZN (NAND2_X1)           0.06       7.05 f
  exec0/alu0/U3256/ZN (OR3_X4)             0.34       7.39 f
  exec0/alu0/U3275/ZN (NOR2_X2)            0.15       7.54 r
  exec0/alu0/U3008/ZN (NOR2_X1)            0.06       7.60 f
  exec0/alu0/U3017/ZN (NAND2_X1)           0.06       7.66 r
  exec0/alu0/U3022/ZN (AND2_X2)            0.11       7.77 r
  exec0/alu0/U3119/ZN (OAI21_X1)           0.06       7.83 f
  exec0/alu0/U3182/ZN (INV_X1)             0.06       7.88 r
  exec0/alu0/U2649/ZN (NAND2_X1)           0.05       7.93 f
  exec0/alu0/U3252/ZN (NAND3_X1)           0.08       8.01 r
  exec0/alu0/U3472/ZN (NOR2_X1)            0.05       8.06 f
  exec0/alu0/U6147/ZN (NOR3_X1)            0.26       8.32 r
  exec0/alu0/U3570/ZN (AND2_X4)            0.20       8.52 r
  exec0/alu0/U2781/ZN (AND2_X4)            0.20       8.72 r
  exec0/alu0/U677/ZN (NAND2_X1)            0.08       8.79 f
  exec0/alu0/U6306/ZN (NAND4_X1)           0.12       8.91 r
  exec0/alu0/U6307/ZN (OR2_X4)             0.16       9.08 r
  exec0/alu0/U6769/ZN (NOR2_X2)            0.08       9.16 f
  exec0/alu0/U412/ZN (OAI21_X1)            0.16       9.32 r
  exec0/alu0/U6772/ZN (AOI21_X1)           0.10       9.42 f
  exec0/alu0/U1186/ZN (OAI21_X2)           0.15       9.57 r
  exec0/alu0/U2870/ZN (NAND2_X1)           0.08       9.65 f
  exec0/alu0/U563/ZN (OAI211_X1)           0.18       9.83 r
  exec0/alu0/U6792/ZN (INV_X1)             0.05       9.89 f
  exec0/alu0/U1108/ZN (AND2_X2)            0.11       9.99 f
  exec0/alu0/U6872/ZN (NAND2_X2)           0.07      10.06 r
  exec0/alu0/U6997/ZN (AND4_X4)            0.24      10.30 r
  exec0/alu0/U3732/ZN (OR2_X4)             0.17      10.47 r
  exec0/alu0/U7161/ZN (INV_X1)             0.07      10.54 f
  exec0/alu0/U192/ZN (AND2_X2)             0.10      10.64 f
  exec0/alu0/U3705/ZN (OR3_X4)             0.34      10.99 f
  exec0/alu0/U1263/ZN (NAND2_X2)           0.13      11.11 r
  exec0/alu0/U400/ZN (OAI21_X2)            0.08      11.19 f
  exec0/alu0/U7669/ZN (AOI21_X1)           0.21      11.40 r
  exec0/alu0/U3041/ZN (OAI21_X2)           0.09      11.49 f
  exec0/alu0/U7682/ZN (NAND2_X1)           0.07      11.57 r
  exec0/alu0/U3478/ZN (AND2_X2)            0.12      11.69 r
  exec0/alu0/U12777/ZN (OAI21_X1)          0.06      11.75 f
  exec0/alu0/U1181/ZN (AND2_X2)            0.11      11.86 f
  exec0/alu0/U3475/ZN (NAND2_X2)           0.10      11.96 r
  exec0/alu0/U3708/ZN (NAND4_X4)           0.16      12.12 f
  exec0/alu0/U8119/ZN (OR2_X4)             0.25      12.37 f
  exec0/alu0/U8753/ZN (OAI22_X1)           0.19      12.55 r
  exec0/alu0/U8754/ZN (INV_X1)             0.08      12.63 f
  exec0/alu0/U8771/ZN (NAND4_X4)           0.17      12.80 r
  exec0/alu0/U8998/ZN (NAND2_X2)           0.12      12.92 f
  exec0/alu0/U561/ZN (OAI21_X2)            0.15      13.06 r
  exec0/alu0/U9001/ZN (AOI21_X1)           0.06      13.12 f
  exec0/alu0/U1205/ZN (OAI21_X1)           0.14      13.26 r
  exec0/alu0/U9007/ZN (INV_X1)             0.05      13.31 f
  exec0/alu0/U1174/ZN (AND2_X2)            0.11      13.42 f
  exec0/alu0/U9054/ZN (OAI21_X1)           0.17      13.59 r
  exec0/alu0/U9478/ZN (NAND2_X1)           0.08      13.67 f
  exec0/alu0/U9479/ZN (OR2_X2)             0.18      13.85 f
  exec0/alu0/U9462/ZN (AND4_X2)            0.16      14.01 f
  exec0/alu0/U3721/ZN (AND2_X4)            0.16      14.17 f
  exec0/alu0/U4144/ZN (AOI22_X1)           0.20      14.36 r
  exec0/alu0/U1200/ZN (AND2_X2)            0.14      14.51 r
  exec0/alu0/U9913/ZN (NAND3_X4)           0.14      14.64 f
  exec0/alu0/U9914/ZN (NOR2_X2)            0.20      14.84 r
  exec0/alu0/U1247/ZN (OAI21_X2)           0.09      14.93 f
  exec0/alu0/U3565/ZN (AOI21_X2)           0.17      15.10 r
  exec0/alu0/U2955/ZN (OAI21_X2)           0.09      15.19 f
  exec0/alu0/U3733/ZN (AOI21_X2)           0.18      15.36 r
  exec0/alu0/U10532/ZN (OAI21_X2)          0.10      15.46 f
  exec0/alu0/U3918/ZN (INV_X1)             0.08      15.55 r
  exec0/alu0/U2330/ZN (NAND3_X1)           0.09      15.63 f
  exec0/alu0/U11025/ZN (AND4_X4)           0.18      15.82 f
  exec0/alu0/U3745/ZN (NOR2_X2)            0.23      16.05 r
  exec0/alu0/U3735/Z (BUF_X4)              0.17      16.22 r
  exec0/alu0/U11426/ZN (NAND2_X1)          0.07      16.29 f
  exec0/alu0/U11427/ZN (NAND2_X1)          0.07      16.36 r
  exec0/alu0/U1994/ZN (NOR2_X1)            0.04      16.40 f
  exec0/alu0/U11459/ZN (NAND4_X1)          0.11      16.50 r
  exec0/alu0/U11460/Z (BUF_X2)             0.13      16.63 r
  exec0/alu0/U11461/ZN (NOR2_X1)           0.06      16.69 f
  exec0/alu0/U1815/ZN (NOR2_X2)            0.15      16.84 r
  exec0/alu0/U3644/ZN (NAND2_X1)           0.08      16.92 f
  exec0/alu0/U11501/ZN (OAI21_X1)          0.14      17.06 r
  exec0/alu0/U11502/ZN (INV_X1)            0.05      17.11 f
  exec0/alu0/U11503/ZN (AND2_X2)           0.11      17.22 f
  exec0/alu0/U3662/ZN (OAI21_X2)           0.14      17.37 r
  exec0/alu0/U12205/ZN (NAND2_X1)          0.08      17.45 f
  exec0/alu0/U4129/ZN (AND2_X1)            0.11      17.56 f
  exec0/alu0/U12342/ZN (NAND4_X1)          0.06      17.62 r
  exec0/U285/ZN (AND2_X1)                  0.10      17.73 r
  exec0/alu_out_reg[2]/D (DFF_X1)          0.01      17.73 r
  data arrival time                                  17.73

  clock clk (rise edge)                   15.00      15.00
  clock network delay (ideal)              0.00      15.00
  clock reconvergence pessimism            0.00      15.00
  clock uncertainty                       -0.05      14.95
  exec0/alu_out_reg[2]/CK (DFF_X1)         0.00      14.95 r
  library setup time                      -0.06      14.89
  data required time                                 14.89
  -----------------------------------------------------------
  data required time                                 14.89
  data arrival time                                 -17.73
  -----------------------------------------------------------
  slack (VIOLATED)                                   -2.85


  Startpoint: decode0/opsel2_reg[1]
              (rising edge-triggered flip-flop clocked by clk)
  Endpoint: exec0/alu_out_reg[3]
            (rising edge-triggered flip-flop clocked by clk)
  Path Group: Regs_to_Regs
  Path Type: max

  Des/Clust/Port     Wire Load Model       Library
  ------------------------------------------------
  cpu                5K_hvratio_1_1        NangateOpenCellLibrary

  Point                                    Incr       Path
  -----------------------------------------------------------
  clock clk (rise edge)                    0.00       0.00
  clock network delay (ideal)              0.00       0.00
  decode0/opsel2_reg[1]/CK (DFF_X1)        0.00 #     0.00 r
  decode0/opsel2_reg[1]/QN (DFF_X1)        0.25       0.25 f
  decode0/U5/ZN (INV_X1)                   0.08       0.33 r
  exec0/U163/ZN (INV_X1)                   0.04       0.37 f
  exec0/U59/ZN (NOR2_X1)                   0.20       0.57 r
  exec0/U164/Z (BUF_X4)                    0.18       0.75 r
  exec0/U13/ZN (NAND2_X1)                  0.10       0.86 f
  exec0/U53/ZN (NAND2_X4)                  0.14       1.00 r
  exec0/alu0/U1900/ZN (INV_X1)             0.06       1.06 f
  exec0/alu0/U427/ZN (OAI21_X2)            0.10       1.16 r
  exec0/alu0/U1090/ZN (NOR2_X1)            0.06       1.22 f
  exec0/alu0/U15063/ZN (AND3_X2)           0.11       1.33 f
  exec0/alu0/U2996/ZN (NAND2_X2)           0.09       1.42 r
  exec0/alu0/U1605/ZN (AND2_X2)            0.11       1.52 r
  exec0/alu0/U2615/ZN (NAND3_X1)           0.07       1.60 f
  exec0/alu0/U3412/ZN (NAND2_X2)           0.10       1.70 r
  exec0/alu0/U4215/ZN (NOR2_X1)            0.05       1.75 f
  exec0/alu0/U4276/ZN (NOR2_X1)            0.11       1.86 r
  exec0/alu0/U3415/ZN (NAND2_X1)           0.07       1.93 f
  exec0/alu0/U1425/ZN (NAND2_X2)           0.08       2.01 r
  exec0/alu0/U4313/ZN (NAND2_X1)           0.07       2.08 f
  exec0/alu0/U691/ZN (NAND2_X2)            0.08       2.16 r
  exec0/alu0/U4572/ZN (NAND2_X1)           0.06       2.22 f
  exec0/alu0/U2278/ZN (NAND3_X1)           0.08       2.30 r
  exec0/alu0/U3507/ZN (AND4_X4)            0.22       2.52 r
  exec0/alu0/U15040/ZN (INV_X1)            0.06       2.58 f
  exec0/alu0/U314/ZN (OAI21_X1)            0.09       2.68 r
  exec0/alu0/U1077/ZN (NAND2_X2)           0.10       2.78 f
  exec0/alu0/U2579/ZN (INV_X1)             0.09       2.87 r
  exec0/alu0/U1303/ZN (AND2_X2)            0.12       2.99 r
  exec0/alu0/U3441/ZN (NAND2_X1)           0.06       3.05 f
  exec0/alu0/U2681/ZN (OAI211_X2)          0.09       3.14 r
  exec0/alu0/U1461/ZN (NAND2_X2)           0.09       3.24 f
  exec0/alu0/U1091/ZN (INV_X1)             0.09       3.33 r
  exec0/alu0/U5029/ZN (NAND2_X1)           0.07       3.40 f
  exec0/alu0/U1260/ZN (NAND2_X2)           0.12       3.52 r
  exec0/alu0/U1259/ZN (AND2_X4)            0.17       3.69 r
  exec0/alu0/U3501/ZN (NAND2_X1)           0.06       3.75 f
  exec0/alu0/U4732/ZN (NAND4_X1)           0.08       3.83 r
  exec0/alu0/U15024/Z (MUX2_X2)            0.21       4.04 r
  exec0/alu0/U1192/ZN (NOR2_X1)            0.08       4.12 f
  exec0/alu0/U4803/ZN (NOR2_X2)            0.16       4.28 r
  exec0/alu0/U4804/ZN (NAND2_X1)           0.07       4.35 f
  exec0/alu0/U4816/ZN (OAI21_X1)           0.13       4.48 r
  exec0/alu0/U4832/ZN (NAND2_X1)           0.06       4.54 f
  exec0/alu0/U1199/ZN (NAND2_X1)           0.10       4.64 r
  exec0/alu0/U3382/ZN (INV_X1)             0.05       4.69 f
  exec0/alu0/U3527/ZN (AND2_X2)            0.10       4.79 f
  exec0/alu0/U404/ZN (NAND2_X2)            0.07       4.86 r
  exec0/alu0/U3576/ZN (AND4_X4)            0.19       5.05 r
  exec0/alu0/U1083/ZN (INV_X2)             0.08       5.13 f
  exec0/alu0/U1082/ZN (AND2_X2)            0.13       5.26 f
  exec0/alu0/U1416/ZN (NAND2_X1)           0.07       5.34 r
  exec0/alu0/U5242/ZN (NAND2_X1)           0.06       5.39 f
  exec0/alu0/U5251/ZN (OR3_X4)             0.33       5.72 f
  exec0/alu0/U2888/ZN (NOR2_X4)            0.15       5.87 r
  exec0/alu0/U5494/ZN (OAI21_X1)           0.06       5.94 f
  exec0/alu0/U2889/ZN (AOI21_X1)           0.16       6.10 r
  exec0/alu0/U1135/ZN (OAI21_X1)           0.09       6.19 f
  exec0/alu0/U2916/ZN (NAND2_X1)           0.07       6.25 r
  exec0/alu0/U5500/ZN (NAND2_X1)           0.06       6.31 f
  exec0/alu0/U4233/ZN (INV_X1)             0.07       6.38 r
  exec0/alu0/U394/ZN (AND2_X2)             0.12       6.50 r
  exec0/alu0/U2900/ZN (NAND2_X4)           0.12       6.62 f
  exec0/alu0/U3333/ZN (AND3_X4)            0.15       6.77 f
  exec0/alu0/U2731/ZN (AND3_X4)            0.15       6.92 f
  exec0/alu0/U2719/ZN (NAND2_X1)           0.07       6.99 r
  exec0/alu0/U3007/ZN (NAND2_X1)           0.06       7.05 f
  exec0/alu0/U3256/ZN (OR3_X4)             0.34       7.39 f
  exec0/alu0/U3275/ZN (NOR2_X2)            0.15       7.54 r
  exec0/alu0/U3008/ZN (NOR2_X1)            0.06       7.60 f
  exec0/alu0/U3017/ZN (NAND2_X1)           0.06       7.66 r
  exec0/alu0/U3022/ZN (AND2_X2)            0.11       7.77 r
  exec0/alu0/U3119/ZN (OAI21_X1)           0.06       7.83 f
  exec0/alu0/U3182/ZN (INV_X1)             0.06       7.88 r
  exec0/alu0/U2649/ZN (NAND2_X1)           0.05       7.93 f
  exec0/alu0/U3252/ZN (NAND3_X1)           0.08       8.01 r
  exec0/alu0/U3472/ZN (NOR2_X1)            0.05       8.06 f
  exec0/alu0/U6147/ZN (NOR3_X1)            0.26       8.32 r
  exec0/alu0/U3570/ZN (AND2_X4)            0.20       8.52 r
  exec0/alu0/U2781/ZN (AND2_X4)            0.20       8.72 r
  exec0/alu0/U677/ZN (NAND2_X1)            0.08       8.79 f
  exec0/alu0/U6306/ZN (NAND4_X1)           0.12       8.91 r
  exec0/alu0/U6307/ZN (OR2_X4)             0.16       9.08 r
  exec0/alu0/U6769/ZN (NOR2_X2)            0.08       9.16 f
  exec0/alu0/U412/ZN (OAI21_X1)            0.16       9.32 r
  exec0/alu0/U6772/ZN (AOI21_X1)           0.10       9.42 f
  exec0/alu0/U1186/ZN (OAI21_X2)           0.15       9.57 r
  exec0/alu0/U2870/ZN (NAND2_X1)           0.08       9.65 f
  exec0/alu0/U563/ZN (OAI211_X1)           0.18       9.83 r
  exec0/alu0/U6792/ZN (INV_X1)             0.05       9.89 f
  exec0/alu0/U1108/ZN (AND2_X2)            0.11       9.99 f
  exec0/alu0/U6872/ZN (NAND2_X2)           0.07      10.06 r
  exec0/alu0/U6997/ZN (AND4_X4)            0.24      10.30 r
  exec0/alu0/U3732/ZN (OR2_X4)             0.17      10.47 r
  exec0/alu0/U7161/ZN (INV_X1)             0.07      10.54 f
  exec0/alu0/U192/ZN (AND2_X2)             0.10      10.64 f
  exec0/alu0/U3705/ZN (OR3_X4)             0.34      10.99 f
  exec0/alu0/U1263/ZN (NAND2_X2)           0.13      11.11 r
  exec0/alu0/U400/ZN (OAI21_X2)            0.08      11.19 f
  exec0/alu0/U7669/ZN (AOI21_X1)           0.21      11.40 r
  exec0/alu0/U3041/ZN (OAI21_X2)           0.09      11.49 f
  exec0/alu0/U7682/ZN (NAND2_X1)           0.07      11.57 r
  exec0/alu0/U3478/ZN (AND2_X2)            0.12      11.69 r
  exec0/alu0/U12777/ZN (OAI21_X1)          0.06      11.75 f
  exec0/alu0/U1181/ZN (AND2_X2)            0.11      11.86 f
  exec0/alu0/U3475/ZN (NAND2_X2)           0.10      11.96 r
  exec0/alu0/U3708/ZN (NAND4_X4)           0.16      12.12 f
  exec0/alu0/U8119/ZN (OR2_X4)             0.25      12.37 f
  exec0/alu0/U8753/ZN (OAI22_X1)           0.19      12.55 r
  exec0/alu0/U8754/ZN (INV_X1)             0.08      12.63 f
  exec0/alu0/U8771/ZN (NAND4_X4)           0.17      12.80 r
  exec0/alu0/U8998/ZN (NAND2_X2)           0.12      12.92 f
  exec0/alu0/U561/ZN (OAI21_X2)            0.15      13.06 r
  exec0/alu0/U9001/ZN (AOI21_X1)           0.06      13.12 f
  exec0/alu0/U1205/ZN (OAI21_X1)           0.14      13.26 r
  exec0/alu0/U9007/ZN (INV_X1)             0.05      13.31 f
  exec0/alu0/U1174/ZN (AND2_X2)            0.11      13.42 f
  exec0/alu0/U9054/ZN (OAI21_X1)           0.17      13.59 r
  exec0/alu0/U9478/ZN (NAND2_X1)           0.08      13.67 f
  exec0/alu0/U9479/ZN (OR2_X2)             0.18      13.85 f
  exec0/alu0/U9462/ZN (AND4_X2)            0.16      14.01 f
  exec0/alu0/U3721/ZN (AND2_X4)            0.16      14.17 f
  exec0/alu0/U3741/ZN (AOI22_X1)           0.20      14.36 r
  exec0/alu0/U10268/ZN (NAND2_X1)          0.08      14.44 f
  exec0/alu0/U10270/ZN (OR3_X4)            0.29      14.74 f
  exec0/alu0/U3096/ZN (NOR2_X2)            0.17      14.90 r
  exec0/alu0/U10580/ZN (OAI21_X1)          0.08      14.98 f
  exec0/alu0/U557/ZN (AOI21_X2)            0.17      15.16 r
  exec0/alu0/U10581/ZN (OAI21_X1)          0.10      15.26 f
  exec0/alu0/U3408/ZN (AOI21_X1)           0.12      15.38 r
  exec0/alu0/U555/ZN (OAI21_X1)            0.08      15.47 f
  exec0/alu0/U1075/ZN (AND2_X2)            0.12      15.58 f
  exec0/alu0/U1074/ZN (NAND2_X2)           0.07      15.65 r
  exec0/alu0/U11025/ZN (AND4_X4)           0.22      15.88 r
  exec0/alu0/U3748/Z (BUF_X4)              0.11      15.99 r
  exec0/alu0/U13891/ZN (OAI211_X1)         0.07      16.06 f
  exec0/U191/ZN (AND2_X1)                  0.13      16.19 f
  exec0/alu_out_reg[3]/D (DFF_X1)          0.01      16.20 f
  data arrival time                                  16.20

  clock clk (rise edge)                   15.00      15.00
  clock network delay (ideal)              0.00      15.00
  clock reconvergence pessimism            0.00      15.00
  clock uncertainty                       -0.05      14.95
  exec0/alu_out_reg[3]/CK (DFF_X1)         0.00      14.95 r
  library setup time                      -0.13      14.82
  data required time                                 14.82
  -----------------------------------------------------------
  data required time                                 14.82
  data arrival time                                 -16.20
  -----------------------------------------------------------
  slack (VIOLATED)                                   -1.38


  Startpoint: decode0/opsel2_reg[1]
              (rising edge-triggered flip-flop clocked by clk)
  Endpoint: exec0/alu_out_reg[4]
            (rising edge-triggered flip-flop clocked by clk)
  Path Group: Regs_to_Regs
  Path Type: max

  Des/Clust/Port     Wire Load Model       Library
  ------------------------------------------------
  cpu                5K_hvratio_1_1        NangateOpenCellLibrary

  Point                                    Incr       Path
  -----------------------------------------------------------
  clock clk (rise edge)                    0.00       0.00
  clock network delay (ideal)              0.00       0.00
  decode0/opsel2_reg[1]/CK (DFF_X1)        0.00 #     0.00 r
  decode0/opsel2_reg[1]/QN (DFF_X1)        0.25       0.25 f
  decode0/U5/ZN (INV_X1)                   0.08       0.33 r
  exec0/U163/ZN (INV_X1)                   0.04       0.37 f
  exec0/U59/ZN (NOR2_X1)                   0.20       0.57 r
  exec0/U164/Z (BUF_X4)                    0.18       0.75 r
  exec0/U13/ZN (NAND2_X1)                  0.10       0.86 f
  exec0/U53/ZN (NAND2_X4)                  0.14       1.00 r
  exec0/alu0/U1900/ZN (INV_X1)             0.06       1.06 f
  exec0/alu0/U427/ZN (OAI21_X2)            0.10       1.16 r
  exec0/alu0/U1090/ZN (NOR2_X1)            0.06       1.22 f
  exec0/alu0/U15063/ZN (AND3_X2)           0.11       1.33 f
  exec0/alu0/U2996/ZN (NAND2_X2)           0.09       1.42 r
  exec0/alu0/U1605/ZN (AND2_X2)            0.11       1.52 r
  exec0/alu0/U2615/ZN (NAND3_X1)           0.07       1.60 f
  exec0/alu0/U3412/ZN (NAND2_X2)           0.10       1.70 r
  exec0/alu0/U4215/ZN (NOR2_X1)            0.05       1.75 f
  exec0/alu0/U4276/ZN (NOR2_X1)            0.11       1.86 r
  exec0/alu0/U3415/ZN (NAND2_X1)           0.07       1.93 f
  exec0/alu0/U1425/ZN (NAND2_X2)           0.08       2.01 r
  exec0/alu0/U4313/ZN (NAND2_X1)           0.07       2.08 f
  exec0/alu0/U691/ZN (NAND2_X2)            0.08       2.16 r
  exec0/alu0/U4572/ZN (NAND2_X1)           0.06       2.22 f
  exec0/alu0/U2278/ZN (NAND3_X1)           0.08       2.30 r
  exec0/alu0/U3507/ZN (AND4_X4)            0.22       2.52 r
  exec0/alu0/U15040/ZN (INV_X1)            0.06       2.58 f
  exec0/alu0/U314/ZN (OAI21_X1)            0.09       2.68 r
  exec0/alu0/U1077/ZN (NAND2_X2)           0.10       2.78 f
  exec0/alu0/U2579/ZN (INV_X1)             0.09       2.87 r
  exec0/alu0/U1303/ZN (AND2_X2)            0.12       2.99 r
  exec0/alu0/U3441/ZN (NAND2_X1)           0.06       3.05 f
  exec0/alu0/U2681/ZN (OAI211_X2)          0.09       3.14 r
  exec0/alu0/U1461/ZN (NAND2_X2)           0.09       3.24 f
  exec0/alu0/U1091/ZN (INV_X1)             0.09       3.33 r
  exec0/alu0/U5029/ZN (NAND2_X1)           0.07       3.40 f
  exec0/alu0/U1260/ZN (NAND2_X2)           0.12       3.52 r
  exec0/alu0/U1259/ZN (AND2_X4)            0.17       3.69 r
  exec0/alu0/U3501/ZN (NAND2_X1)           0.06       3.75 f
  exec0/alu0/U4732/ZN (NAND4_X1)           0.08       3.83 r
  exec0/alu0/U15024/Z (MUX2_X2)            0.21       4.04 r
  exec0/alu0/U1192/ZN (NOR2_X1)            0.08       4.12 f
  exec0/alu0/U4803/ZN (NOR2_X2)            0.16       4.28 r
  exec0/alu0/U4804/ZN (NAND2_X1)           0.07       4.35 f
  exec0/alu0/U4816/ZN (OAI21_X1)           0.13       4.48 r
  exec0/alu0/U4832/ZN (NAND2_X1)           0.06       4.54 f
  exec0/alu0/U1199/ZN (NAND2_X1)           0.10       4.64 r
  exec0/alu0/U3382/ZN (INV_X1)             0.05       4.69 f
  exec0/alu0/U3527/ZN (AND2_X2)            0.10       4.79 f
  exec0/alu0/U404/ZN (NAND2_X2)            0.07       4.86 r
  exec0/alu0/U3576/ZN (AND4_X4)            0.19       5.05 r
  exec0/alu0/U1083/ZN (INV_X2)             0.08       5.13 f
  exec0/alu0/U1082/ZN (AND2_X2)            0.13       5.26 f
  exec0/alu0/U1416/ZN (NAND2_X1)           0.07       5.34 r
  exec0/alu0/U5242/ZN (NAND2_X1)           0.06       5.39 f
  exec0/alu0/U5251/ZN (OR3_X4)             0.33       5.72 f
  exec0/alu0/U2888/ZN (NOR2_X4)            0.15       5.87 r
  exec0/alu0/U5494/ZN (OAI21_X1)           0.06       5.94 f
  exec0/alu0/U2889/ZN (AOI21_X1)           0.16       6.10 r
  exec0/alu0/U1135/ZN (OAI21_X1)           0.09       6.19 f
  exec0/alu0/U2916/ZN (NAND2_X1)           0.07       6.25 r
  exec0/alu0/U5500/ZN (NAND2_X1)           0.06       6.31 f
  exec0/alu0/U4233/ZN (INV_X1)             0.07       6.38 r
  exec0/alu0/U394/ZN (AND2_X2)             0.12       6.50 r
  exec0/alu0/U2900/ZN (NAND2_X4)           0.12       6.62 f
  exec0/alu0/U3333/ZN (AND3_X4)            0.15       6.77 f
  exec0/alu0/U2731/ZN (AND3_X4)            0.15       6.92 f
  exec0/alu0/U2719/ZN (NAND2_X1)           0.07       6.99 r
  exec0/alu0/U3007/ZN (NAND2_X1)           0.06       7.05 f
  exec0/alu0/U3256/ZN (OR3_X4)             0.34       7.39 f
  exec0/alu0/U3275/ZN (NOR2_X2)            0.15       7.54 r
  exec0/alu0/U3008/ZN (NOR2_X1)            0.06       7.60 f
  exec0/alu0/U3017/ZN (NAND2_X1)           0.06       7.66 r
  exec0/alu0/U3022/ZN (AND2_X2)            0.11       7.77 r
  exec0/alu0/U3119/ZN (OAI21_X1)           0.06       7.83 f
  exec0/alu0/U3182/ZN (INV_X1)             0.06       7.88 r
  exec0/alu0/U2649/ZN (NAND2_X1)           0.05       7.93 f
  exec0/alu0/U3252/ZN (NAND3_X1)           0.08       8.01 r
  exec0/alu0/U3472/ZN (NOR2_X1)            0.05       8.06 f
  exec0/alu0/U6147/ZN (NOR3_X1)            0.26       8.32 r
  exec0/alu0/U3570/ZN (AND2_X4)            0.20       8.52 r
  exec0/alu0/U2781/ZN (AND2_X4)            0.20       8.72 r
  exec0/alu0/U677/ZN (NAND2_X1)            0.08       8.79 f
  exec0/alu0/U6306/ZN (NAND4_X1)           0.12       8.91 r
  exec0/alu0/U6307/ZN (OR2_X4)             0.16       9.08 r
  exec0/alu0/U6769/ZN (NOR2_X2)            0.08       9.16 f
  exec0/alu0/U412/ZN (OAI21_X1)            0.16       9.32 r
  exec0/alu0/U6772/ZN (AOI21_X1)           0.10       9.42 f
  exec0/alu0/U1186/ZN (OAI21_X2)           0.15       9.57 r
  exec0/alu0/U2870/ZN (NAND2_X1)           0.08       9.65 f
  exec0/alu0/U563/ZN (OAI211_X1)           0.18       9.83 r
  exec0/alu0/U6792/ZN (INV_X1)             0.05       9.89 f
  exec0/alu0/U1108/ZN (AND2_X2)            0.11       9.99 f
  exec0/alu0/U6872/ZN (NAND2_X2)           0.07      10.06 r
  exec0/alu0/U6997/ZN (AND4_X4)            0.24      10.30 r
  exec0/alu0/U3732/ZN (OR2_X4)             0.17      10.47 r
  exec0/alu0/U7161/ZN (INV_X1)             0.07      10.54 f
  exec0/alu0/U192/ZN (AND2_X2)             0.10      10.64 f
  exec0/alu0/U3705/ZN (OR3_X4)             0.34      10.99 f
  exec0/alu0/U1263/ZN (NAND2_X2)           0.13      11.11 r
  exec0/alu0/U400/ZN (OAI21_X2)            0.08      11.19 f
  exec0/alu0/U7669/ZN (AOI21_X1)           0.21      11.40 r
  exec0/alu0/U3041/ZN (OAI21_X2)           0.09      11.49 f
  exec0/alu0/U7682/ZN (NAND2_X1)           0.07      11.57 r
  exec0/alu0/U3478/ZN (AND2_X2)            0.12      11.69 r
  exec0/alu0/U12777/ZN (OAI21_X1)          0.06      11.75 f
  exec0/alu0/U1181/ZN (AND2_X2)            0.11      11.86 f
  exec0/alu0/U3475/ZN (NAND2_X2)           0.10      11.96 r
  exec0/alu0/U3708/ZN (NAND4_X4)           0.16      12.12 f
  exec0/alu0/U8119/ZN (OR2_X4)             0.25      12.37 f
  exec0/alu0/U8753/ZN (OAI22_X1)           0.19      12.55 r
  exec0/alu0/U8754/ZN (INV_X1)             0.08      12.63 f
  exec0/alu0/U8771/ZN (NAND4_X4)           0.17      12.80 r
  exec0/alu0/U8998/ZN (NAND2_X2)           0.12      12.92 f
  exec0/alu0/U561/ZN (OAI21_X2)            0.15      13.06 r
  exec0/alu0/U9001/ZN (AOI21_X1)           0.06      13.12 f
  exec0/alu0/U1205/ZN (OAI21_X1)           0.14      13.26 r
  exec0/alu0/U9007/ZN (INV_X1)             0.05      13.31 f
  exec0/alu0/U1174/ZN (AND2_X2)            0.11      13.42 f
  exec0/alu0/U9054/ZN (OAI21_X1)           0.17      13.59 r
  exec0/alu0/U9478/ZN (NAND2_X1)           0.08      13.67 f
  exec0/alu0/U9479/ZN (OR2_X2)             0.18      13.85 f
  exec0/alu0/U9462/ZN (AND4_X2)            0.16      14.01 f
  exec0/alu0/U3721/ZN (AND2_X4)            0.16      14.17 f
  exec0/alu0/U9342/ZN (AOI22_X1)           0.19      14.36 r
  exec0/alu0/U10327/ZN (NAND2_X1)          0.08      14.44 f
  exec0/alu0/U10345/ZN (OR3_X4)            0.29      14.73 f
  exec0/alu0/U10833/ZN (NOR2_X2)           0.17      14.90 r
  exec0/alu0/U10846/ZN (OAI21_X1)          0.10      15.01 f
  exec0/alu0/U15031/ZN (NAND2_X1)          0.08      15.09 r
  exec0/alu0/U1384/ZN (AND2_X2)            0.10      15.19 r
  exec0/alu0/U1441/ZN (OAI21_X2)           0.08      15.27 f
  exec0/alu0/U651/ZN (AOI21_X2)            0.13      15.40 r
  exec0/alu0/U3030/ZN (OAI21_X1)           0.09      15.49 f
  exec0/alu0/U15042/Z (BUF_X1)             0.12      15.61 f
  exec0/alu0/U11026/ZN (NAND2_X1)          0.18      15.79 r
  exec0/alu0/U3904/ZN (NAND2_X1)           0.08      15.87 f
  exec0/alu0/U13844/ZN (NAND2_X1)          0.07      15.94 r
  exec0/alu0/U13870/ZN (NAND4_X1)          0.08      16.02 f
  exec0/U190/ZN (AND2_X1)                  0.12      16.13 f
  exec0/alu_out_reg[4]/D (DFF_X1)          0.01      16.14 f
  data arrival time                                  16.14

  clock clk (rise edge)                   15.00      15.00
  clock network delay (ideal)              0.00      15.00
  clock reconvergence pessimism            0.00      15.00
  clock uncertainty                       -0.05      14.95
  exec0/alu_out_reg[4]/CK (DFF_X1)         0.00      14.95 r
  library setup time                      -0.13      14.82
  data required time                                 14.82
  -----------------------------------------------------------
  data required time                                 14.82
  data arrival time                                 -16.14
  -----------------------------------------------------------
  slack (VIOLATED)                                   -1.32


  Startpoint: decode0/opsel2_reg[1]
              (rising edge-triggered flip-flop clocked by clk)
  Endpoint: exec0/alu_out_reg[5]
            (rising edge-triggered flip-flop clocked by clk)
  Path Group: Regs_to_Regs
  Path Type: max

  Des/Clust/Port     Wire Load Model       Library
  ------------------------------------------------
  cpu                5K_hvratio_1_1        NangateOpenCellLibrary

  Point                                    Incr       Path
  -----------------------------------------------------------
  clock clk (rise edge)                    0.00       0.00
  clock network delay (ideal)              0.00       0.00
  decode0/opsel2_reg[1]/CK (DFF_X1)        0.00 #     0.00 r
  decode0/opsel2_reg[1]/QN (DFF_X1)        0.25       0.25 f
  decode0/U5/ZN (INV_X1)                   0.08       0.33 r
  exec0/U163/ZN (INV_X1)                   0.04       0.37 f
  exec0/U59/ZN (NOR2_X1)                   0.20       0.57 r
  exec0/U164/Z (BUF_X4)                    0.18       0.75 r
  exec0/U13/ZN (NAND2_X1)                  0.10       0.86 f
  exec0/U53/ZN (NAND2_X4)                  0.14       1.00 r
  exec0/alu0/U1900/ZN (INV_X1)             0.06       1.06 f
  exec0/alu0/U427/ZN (OAI21_X2)            0.10       1.16 r
  exec0/alu0/U1090/ZN (NOR2_X1)            0.06       1.22 f
  exec0/alu0/U15063/ZN (AND3_X2)           0.11       1.33 f
  exec0/alu0/U2996/ZN (NAND2_X2)           0.09       1.42 r
  exec0/alu0/U1605/ZN (AND2_X2)            0.11       1.52 r
  exec0/alu0/U2615/ZN (NAND3_X1)           0.07       1.60 f
  exec0/alu0/U3412/ZN (NAND2_X2)           0.10       1.70 r
  exec0/alu0/U4215/ZN (NOR2_X1)            0.05       1.75 f
  exec0/alu0/U4276/ZN (NOR2_X1)            0.11       1.86 r
  exec0/alu0/U3415/ZN (NAND2_X1)           0.07       1.93 f
  exec0/alu0/U1425/ZN (NAND2_X2)           0.08       2.01 r
  exec0/alu0/U4313/ZN (NAND2_X1)           0.07       2.08 f
  exec0/alu0/U691/ZN (NAND2_X2)            0.08       2.16 r
  exec0/alu0/U4572/ZN (NAND2_X1)           0.06       2.22 f
  exec0/alu0/U2278/ZN (NAND3_X1)           0.08       2.30 r
  exec0/alu0/U3507/ZN (AND4_X4)            0.22       2.52 r
  exec0/alu0/U15040/ZN (INV_X1)            0.06       2.58 f
  exec0/alu0/U314/ZN (OAI21_X1)            0.09       2.68 r
  exec0/alu0/U1077/ZN (NAND2_X2)           0.10       2.78 f
  exec0/alu0/U2579/ZN (INV_X1)             0.09       2.87 r
  exec0/alu0/U1303/ZN (AND2_X2)            0.12       2.99 r
  exec0/alu0/U3441/ZN (NAND2_X1)           0.06       3.05 f
  exec0/alu0/U2681/ZN (OAI211_X2)          0.09       3.14 r
  exec0/alu0/U1461/ZN (NAND2_X2)           0.09       3.24 f
  exec0/alu0/U1091/ZN (INV_X1)             0.09       3.33 r
  exec0/alu0/U5029/ZN (NAND2_X1)           0.07       3.40 f
  exec0/alu0/U1260/ZN (NAND2_X2)           0.12       3.52 r
  exec0/alu0/U1259/ZN (AND2_X4)            0.17       3.69 r
  exec0/alu0/U3501/ZN (NAND2_X1)           0.06       3.75 f
  exec0/alu0/U4732/ZN (NAND4_X1)           0.08       3.83 r
  exec0/alu0/U15024/Z (MUX2_X2)            0.21       4.04 r
  exec0/alu0/U1192/ZN (NOR2_X1)            0.08       4.12 f
  exec0/alu0/U4803/ZN (NOR2_X2)            0.16       4.28 r
  exec0/alu0/U4804/ZN (NAND2_X1)           0.07       4.35 f
  exec0/alu0/U4816/ZN (OAI21_X1)           0.13       4.48 r
  exec0/alu0/U4832/ZN (NAND2_X1)           0.06       4.54 f
  exec0/alu0/U1199/ZN (NAND2_X1)           0.10       4.64 r
  exec0/alu0/U3382/ZN (INV_X1)             0.05       4.69 f
  exec0/alu0/U3527/ZN (AND2_X2)            0.10       4.79 f
  exec0/alu0/U404/ZN (NAND2_X2)            0.07       4.86 r
  exec0/alu0/U3576/ZN (AND4_X4)            0.19       5.05 r
  exec0/alu0/U1083/ZN (INV_X2)             0.08       5.13 f
  exec0/alu0/U1082/ZN (AND2_X2)            0.13       5.26 f
  exec0/alu0/U1416/ZN (NAND2_X1)           0.07       5.34 r
  exec0/alu0/U5242/ZN (NAND2_X1)           0.06       5.39 f
  exec0/alu0/U5251/ZN (OR3_X4)             0.33       5.72 f
  exec0/alu0/U2888/ZN (NOR2_X4)            0.15       5.87 r
  exec0/alu0/U5494/ZN (OAI21_X1)           0.06       5.94 f
  exec0/alu0/U2889/ZN (AOI21_X1)           0.16       6.10 r
  exec0/alu0/U1135/ZN (OAI21_X1)           0.09       6.19 f
  exec0/alu0/U2916/ZN (NAND2_X1)           0.07       6.25 r
  exec0/alu0/U5500/ZN (NAND2_X1)           0.06       6.31 f
  exec0/alu0/U4233/ZN (INV_X1)             0.07       6.38 r
  exec0/alu0/U394/ZN (AND2_X2)             0.12       6.50 r
  exec0/alu0/U2900/ZN (NAND2_X4)           0.12       6.62 f
  exec0/alu0/U3333/ZN (AND3_X4)            0.15       6.77 f
  exec0/alu0/U2731/ZN (AND3_X4)            0.15       6.92 f
  exec0/alu0/U2719/ZN (NAND2_X1)           0.07       6.99 r
  exec0/alu0/U3007/ZN (NAND2_X1)           0.06       7.05 f
  exec0/alu0/U3256/ZN (OR3_X4)             0.34       7.39 f
  exec0/alu0/U3275/ZN (NOR2_X2)            0.15       7.54 r
  exec0/alu0/U3008/ZN (NOR2_X1)            0.06       7.60 f
  exec0/alu0/U3017/ZN (NAND2_X1)           0.06       7.66 r
  exec0/alu0/U3022/ZN (AND2_X2)            0.11       7.77 r
  exec0/alu0/U3119/ZN (OAI21_X1)           0.06       7.83 f
  exec0/alu0/U3182/ZN (INV_X1)             0.06       7.88 r
  exec0/alu0/U2649/ZN (NAND2_X1)           0.05       7.93 f
  exec0/alu0/U3252/ZN (NAND3_X1)           0.08       8.01 r
  exec0/alu0/U3472/ZN (NOR2_X1)            0.05       8.06 f
  exec0/alu0/U6147/ZN (NOR3_X1)            0.26       8.32 r
  exec0/alu0/U3570/ZN (AND2_X4)            0.20       8.52 r
  exec0/alu0/U2781/ZN (AND2_X4)            0.20       8.72 r
  exec0/alu0/U677/ZN (NAND2_X1)            0.08       8.79 f
  exec0/alu0/U6306/ZN (NAND4_X1)           0.12       8.91 r
  exec0/alu0/U6307/ZN (OR2_X4)             0.16       9.08 r
  exec0/alu0/U6769/ZN (NOR2_X2)            0.08       9.16 f
  exec0/alu0/U412/ZN (OAI21_X1)            0.16       9.32 r
  exec0/alu0/U6772/ZN (AOI21_X1)           0.10       9.42 f
  exec0/alu0/U1186/ZN (OAI21_X2)           0.15       9.57 r
  exec0/alu0/U2870/ZN (NAND2_X1)           0.08       9.65 f
  exec0/alu0/U563/ZN (OAI211_X1)           0.18       9.83 r
  exec0/alu0/U6792/ZN (INV_X1)             0.05       9.89 f
  exec0/alu0/U1108/ZN (AND2_X2)            0.11       9.99 f
  exec0/alu0/U6872/ZN (NAND2_X2)           0.07      10.06 r
  exec0/alu0/U6997/ZN (AND4_X4)            0.24      10.30 r
  exec0/alu0/U3732/ZN (OR2_X4)             0.17      10.47 r
  exec0/alu0/U7161/ZN (INV_X1)             0.07      10.54 f
  exec0/alu0/U192/ZN (AND2_X2)             0.10      10.64 f
  exec0/alu0/U3705/ZN (OR3_X4)             0.34      10.99 f
  exec0/alu0/U1263/ZN (NAND2_X2)           0.13      11.11 r
  exec0/alu0/U400/ZN (OAI21_X2)            0.08      11.19 f
  exec0/alu0/U7669/ZN (AOI21_X1)           0.21      11.40 r
  exec0/alu0/U3041/ZN (OAI21_X2)           0.09      11.49 f
  exec0/alu0/U7682/ZN (NAND2_X1)           0.07      11.57 r
  exec0/alu0/U3478/ZN (AND2_X2)            0.12      11.69 r
  exec0/alu0/U12777/ZN (OAI21_X1)          0.06      11.75 f
  exec0/alu0/U1181/ZN (AND2_X2)            0.11      11.86 f
  exec0/alu0/U3475/ZN (NAND2_X2)           0.10      11.96 r
  exec0/alu0/U3708/ZN (NAND4_X4)           0.16      12.12 f
  exec0/alu0/U8119/ZN (OR2_X4)             0.25      12.37 f
  exec0/alu0/U8753/ZN (OAI22_X1)           0.19      12.55 r
  exec0/alu0/U8754/ZN (INV_X1)             0.08      12.63 f
  exec0/alu0/U8771/ZN (NAND4_X4)           0.17      12.80 r
  exec0/alu0/U8998/ZN (NAND2_X2)           0.12      12.92 f
  exec0/alu0/U561/ZN (OAI21_X2)            0.15      13.06 r
  exec0/alu0/U9001/ZN (AOI21_X1)           0.06      13.12 f
  exec0/alu0/U1205/ZN (OAI21_X1)           0.14      13.26 r
  exec0/alu0/U9007/ZN (INV_X1)             0.05      13.31 f
  exec0/alu0/U1174/ZN (AND2_X2)            0.11      13.42 f
  exec0/alu0/U9054/ZN (OAI21_X1)           0.17      13.59 r
  exec0/alu0/U9478/ZN (NAND2_X1)           0.08      13.67 f
  exec0/alu0/U9479/ZN (OR2_X2)             0.18      13.85 f
  exec0/alu0/U9462/ZN (AND4_X2)            0.16      14.01 f
  exec0/alu0/U3721/ZN (AND2_X4)            0.16      14.17 f
  exec0/alu0/U4144/ZN (AOI22_X1)           0.20      14.36 r
  exec0/alu0/U1200/ZN (AND2_X2)            0.14      14.51 r
  exec0/alu0/U9913/ZN (NAND3_X4)           0.14      14.64 f
  exec0/alu0/U9914/ZN (NOR2_X2)            0.20      14.84 r
  exec0/alu0/U1247/ZN (OAI21_X2)           0.09      14.93 f
  exec0/alu0/U3565/ZN (AOI21_X2)           0.17      15.10 r
  exec0/alu0/U2955/ZN (OAI21_X2)           0.09      15.19 f
  exec0/alu0/U3733/ZN (AOI21_X2)           0.18      15.36 r
  exec0/alu0/U10532/ZN (OAI21_X2)          0.10      15.46 f
  exec0/alu0/U3746/Z (CLKBUF_X2)           0.12      15.58 f
  exec0/alu0/U13828/ZN (AOI21_X1)          0.12      15.70 r
  exec0/alu0/U13830/ZN (NAND4_X1)          0.11      15.81 f
  exec0/alu0/U13843/ZN (OR2_X1)            0.18      15.98 f
  exec0/U189/ZN (AND2_X1)                  0.10      16.09 f
  exec0/alu_out_reg[5]/D (DFF_X1)          0.01      16.09 f
  data arrival time                                  16.09

  clock clk (rise edge)                   15.00      15.00
  clock network delay (ideal)              0.00      15.00
  clock reconvergence pessimism            0.00      15.00
  clock uncertainty                       -0.05      14.95
  exec0/alu_out_reg[5]/CK (DFF_X1)         0.00      14.95 r
  library setup time                      -0.13      14.82
  data required time                                 14.82
  -----------------------------------------------------------
  data required time                                 14.82
  data arrival time                                 -16.09
  -----------------------------------------------------------
  slack (VIOLATED)                                   -1.28


    Design: cpu

    max_leakage_power          0.00
  - Current Leakage Power  448272.53
  ----------------------------------
    Slack                  -448272.53  (VIOLATED)


1
