 
****************************************
Report : power
        -analysis_effort low
        -verbose
Design : cpu
Version: T-2022.03-SP3
Date   : Thu Jun  8 22:30:48 2023
****************************************


Library(s) Used:

    NangateOpenCellLibrary (File: /home/projects/ee478.2023spr/ecarino/OoO_Processor/in-order/top_level_no_macros/freepdk-45nm/stdcells-wc.db)


Operating Conditions: slow   Library: NangateOpenCellLibrary
Wire Load Model Mode: top

Design        Wire Load Model            Library
------------------------------------------------
cpu                    5K_hvratio_1_1    NangateOpenCellLibrary


Global Operating Voltage = 0.95 
Power-specific unit information :
    Voltage Units = 1V
    Capacitance Units = 1.000000ff
    Time Units = 1ns
    Dynamic Power Units = 1uW    (derived from V,C,T units)
    Leakage Power Units = 1nW


Attributes
----------
i - Including register clock pin internal power


  Cell Internal Power  = 508.6025 uW   (94%)
  Net Switching Power  =  32.9721 uW    (6%)
                         ---------
Total Dynamic Power    = 541.5746 uW  (100%)

Cell Leakage Power     = 432.3830 uW

                 Internal         Switching           Leakage            Total                         Cell
Power Group      Power            Power               Power              Power   (   %    )  Attrs  Count
---------------------------------------------------------------------------------------------------------
io_pad             0.0000            0.0000            0.0000            0.0000  (   0.00%)            0
memory             0.0000            0.0000            0.0000            0.0000  (   0.00%)            0
black_box          0.0000            0.0000            0.0000            0.0000  (   0.00%)            0
clock_network    488.0520            0.0000            0.0000          488.0520  (  50.11%)            0 i
register           5.9357            2.9390        7.7516e+04           86.3902  (   8.87%)            1475
sequential         0.0000            0.0000            0.0000            0.0000  (   0.00%)            0
combinational     14.6146           30.0336        3.5487e+05          399.5152  (  41.02%)            19660
---------------------------------------------------------------------------------------------------------
Total            508.6023 uW        32.9725 uW     4.3238e+05 nW       973.9574 uW
1
