 
****************************************
Report : power
        -hier
        -analysis_effort low
Design : cpu
Version: T-2022.03-SP3
Date   : Thu Jun  8 22:30:48 2023
****************************************


Library(s) Used:

    NangateOpenCellLibrary (File: /home/projects/ee478.2023spr/ecarino/OoO_Processor/in-order/top_level_no_macros/freepdk-45nm/stdcells-wc.db)


Operating Conditions: slow   Library: NangateOpenCellLibrary
Wire Load Model Mode: top

Design        Wire Load Model            Library
------------------------------------------------
cpu                    5K_hvratio_1_1    NangateOpenCellLibrary


Global Operating Voltage = 0.95 
Power-specific unit information :
    Voltage Units = 1V
    Capacitance Units = 1.000000ff
    Time Units = 1ns
    Dynamic Power Units = 1uW    (derived from V,C,T units)
    Leakage Power Units = 1nW


--------------------------------------------------------------------------------
                                       Switch   Int      Leak     Total
Hierarchy                              Power    Power    Power    Power    %
--------------------------------------------------------------------------------
cpu                                      32.972  508.603 4.32e+05  973.958 100.0
  wb0 (writeback)                         0.125    0.117 2.66e+03    2.907   0.3
  memaccess0 (memory_access)              1.202   44.013 9.15e+03   54.365   5.6
  exec0 (execute)                        12.433   46.098 2.97e+05  355.395  36.5
    alu0 (alu)                           11.695   10.363 2.87e+05  308.742  31.7
  regfile0 (regfile)                     14.029  337.269 9.50e+04  446.286  45.8
  decode0 (decode)                        1.279   50.149 1.83e+04   69.722   7.2
  fetch0 (fetch)                          3.837   30.859 9.57e+03   44.270   4.5
  hazard_detect0 (hazard_detect)       6.43e-02 9.74e-02  841.663    1.003   0.1
1
