Information: Updating design information... (UID-85)
Warning: Design 'cpu' contains 1 high-fanout nets. A fanout number of 1000 will be used for delay calculations involving these nets. (TIM-134)
 
****************************************
Report : timing
        -path end
        -delay max
        -nets
        -max_paths 200
        -capacitance
Design : cpu
Version: T-2022.03-SP3
Date   : Mon Jun  5 14:18:41 2023
****************************************

 # A fanout number of 1000 was used for high fanout net computations.

Operating Conditions: slow   Library: NangateOpenCellLibrary
Wire Load Model Mode: top

Endpoint                         Path Delay     Path Required     Slack
------------------------------------------------------------------------
exec0/alu_out_reg[0]/D (DFF_X1)    18.15 r           14.88        -3.27
exec0/alu_out_reg[2]/D (DFF_X1)    18.03 f           14.82        -3.21
exec0/alu_out_reg[1]/D (DFF_X1)    18.01 f           14.82        -3.20
exec0/alu_out_reg[3]/D (DFF_X1)    16.56 f           14.82        -1.75
exec0/alu_out_reg[4]/D (DFF_X1)    16.46 f           14.82        -1.64
exec0/alu_out_reg[5]/D (DFF_X1)    16.44 f           14.82        -1.63
exec0/alu_out_reg[8]/D (DFF_X1)    14.62 f           14.82         0.19
exec0/alu_out_reg[6]/D (DFF_X1)    14.54 f           14.82         0.27
exec0/alu_out_reg[7]/D (DFF_X1)    14.38 f           14.82         0.44
exec0/alu_out_reg[31]/D (DFF_X1)    13.63 f          14.82         1.19
exec0/alu_out_reg[10]/D (DFF_X1)    13.24 f          14.82         1.58
exec0/alu_out_reg[9]/D (DFF_X1)    13.07 f           14.82         1.74
exec0/alu_out_reg[11]/D (DFF_X1)    12.94 f          14.82         1.88
exec0/alu_out_reg[30]/D (DFF_X1)    12.25 f          14.82         2.56
fetch0/pc_reg[31]/D (DFF_X1)       12.22 f           14.81         2.59
fetch0/pc_reg[30]/D (DFF_X1)       12.11 f           14.81         2.70
fetch0/pc_reg[29]/D (DFF_X1)       11.98 f           14.81         2.83
exec0/alu_out_reg[29]/D (DFF_X1)    11.96 f          14.82         2.85
exec0/alu_out_reg[27]/D (DFF_X1)    11.94 f          14.82         2.87
exec0/alu_out_reg[28]/D (DFF_X1)    11.81 f          14.82         3.00
fetch0/pc_reg[28]/D (DFF_X1)       11.80 r           14.88         3.08
fetch0/pc_reg[27]/D (DFF_X1)       11.66 r           14.88         3.23
fetch0/pc_reg[26]/D (DFF_X1)       11.52 r           14.88         3.36
fetch0/pc_reg[25]/D (DFF_X1)       11.38 r           14.88         3.50
fetch0/pc_reg[31]/D (DFF_X1)       11.31 f           14.81         3.50
fetch0/pc_reg[30]/D (DFF_X1)       11.20 f           14.81         3.61
fetch0/pc_reg[24]/D (DFF_X1)       11.24 r           14.88         3.64
exec0/alu_out_reg[14]/D (DFF_X1)    11.10 f          14.82         3.72
exec0/alu_out_reg[13]/D (DFF_X1)    11.09 f          14.82         3.73
fetch0/pc_reg[23]/D (DFF_X1)       11.13 r           14.87         3.74
exec0/alu_out_reg[12]/D (DFF_X1)    11.14 r          14.89         3.74
fetch0/pc_reg[29]/D (DFF_X1)       11.06 f           14.81         3.75
fetch0/pc_reg[22]/D (DFF_X1)       10.98 r           14.87         3.89
exec0/alu_out_reg[25]/D (DFF_X1)    10.84 f          14.82         3.98
fetch0/pc_reg[28]/D (DFF_X1)       10.89 r           14.88         3.99
fetch0/pc_reg[21]/D (DFF_X1)       10.85 r           14.87         4.02
exec0/alu_out_reg[26]/D (DFF_X1)    10.70 f          14.82         4.12
fetch0/pc_reg[27]/D (DFF_X1)       10.74 r           14.88         4.14
fetch0/pc_reg[20]/D (DFF_X1)       10.70 r           14.87         4.17
exec0/alu_out_reg[23]/D (DFF_X1)    10.57 f          14.82         4.25
fetch0/pc_reg[26]/D (DFF_X1)       10.61 r           14.88         4.27
exec0/alu_out_reg[24]/D (DFF_X1)    10.54 f          14.82         4.28
fetch0/pc_reg[19]/D (DFF_X1)       10.56 r           14.87         4.31
fetch0/pc_reg[18]/D (DFF_X1)       10.44 f           14.81         4.38
exec0/alu_out_reg[21]/D (DFF_X1)    10.41 f          14.82         4.40
fetch0/pc_reg[25]/D (DFF_X1)       10.47 r           14.88         4.42
fetch0/pc_reg[17]/D (DFF_X1)       10.31 f           14.81         4.51
fetch0/pc_reg[24]/D (DFF_X1)       10.32 r           14.88         4.56
fetch0/pc_reg[16]/D (DFF_X1)       10.17 f           14.81         4.64
exec0/alu_out_reg[22]/D (DFF_X1)    10.17 f          14.82         4.64
fetch0/pc_reg[23]/D (DFF_X1)       10.21 r           14.87         4.66
fetch0/pc_reg[15]/D (DFF_X1)       10.04 f           14.81         4.78
fetch0/pc_reg[22]/D (DFF_X1)       10.07 r           14.87         4.80
fetch0/pc_reg[14]/D (DFF_X1)        9.90 f           14.81         4.91
fetch0/pc_reg[21]/D (DFF_X1)        9.93 r           14.87         4.93
fetch0/pc_reg[13]/D (DFF_X1)        9.77 f           14.81         5.04
exec0/alu_out_reg[20]/D (DFF_X1)     9.75 f          14.82         5.07
fetch0/pc_reg[20]/D (DFF_X1)        9.79 r           14.87         5.08
exec0/alu_out_reg[19]/D (DFF_X1)     9.68 f          14.82         5.14
fetch0/pc_reg[12]/D (DFF_X1)        9.64 f           14.81         5.18
fetch0/pc_reg[19]/D (DFF_X1)        9.65 r           14.87         5.22
fetch0/pc_reg[18]/D (DFF_X1)        9.52 f           14.81         5.29
fetch0/pc_reg[11]/D (DFF_X1)        9.50 f           14.81         5.31
fetch0/pc_reg[17]/D (DFF_X1)        9.39 f           14.81         5.42
fetch0/pc_reg[10]/D (DFF_X1)        9.37 f           14.81         5.45
exec0/alu_out_reg[16]/D (DFF_X1)     9.27 f          14.82         5.54
fetch0/pc_reg[16]/D (DFF_X1)        9.26 f           14.81         5.56
fetch0/pc_reg[9]/D (DFF_X1)         9.23 f           14.81         5.58
exec0/alu_out_reg[17]/D (DFF_X1)     9.19 f          14.82         5.62
fetch0/pc_reg[15]/D (DFF_X1)        9.12 f           14.81         5.69
fetch0/pc_reg[8]/D (DFF_X1)         9.10 f           14.81         5.71
exec0/alu_out_reg[15]/D (DFF_X1)     9.07 f          14.82         5.74
fetch0/pc_reg[14]/D (DFF_X1)        8.99 f           14.81         5.83
fetch0/pc_reg[7]/D (DFF_X1)         8.97 f           14.81         5.85
exec0/alu_out_reg[18]/D (DFF_X1)     8.95 f          14.82         5.87
fetch0/pc_reg[13]/D (DFF_X1)        8.86 f           14.81         5.96
fetch0/pc_reg[6]/D (DFF_X1)         8.80 f           14.81         6.02
fetch0/pc_reg[12]/D (DFF_X1)        8.72 f           14.81         6.09
fetch0/pc_reg[5]/D (DFF_X1)         8.66 f           14.81         6.15
fetch0/pc_reg[11]/D (DFF_X1)        8.59 f           14.81         6.23
fetch0/pc_reg[4]/D (DFF_X1)         8.53 f           14.82         6.29
fetch0/pc_reg[10]/D (DFF_X1)        8.45 f           14.81         6.36
fetch0/pc_reg[3]/D (DFF_X1)         8.39 f           14.81         6.42
fetch0/pc_reg[9]/D (DFF_X1)         8.32 f           14.81         6.49
fetch0/pc_reg[2]/D (DFF_X1)         8.20 f           14.81         6.61
fetch0/pc_reg[8]/D (DFF_X1)         8.19 f           14.81         6.63
fetch0/pc_reg[7]/D (DFF_X1)         8.05 f           14.81         6.76
fetch0/pc_reg[0]/D (DFF_X1)         8.01 f           14.81         6.80
fetch0/pc_reg[1]/D (DFF_X1)         8.01 f           14.81         6.80
fetch0/pc_reg[6]/D (DFF_X1)         7.88 f           14.81         6.93
fetch0/pc_reg[5]/D (DFF_X1)         7.75 f           14.81         7.07
fetch0/pc_reg[4]/D (DFF_X1)         7.61 f           14.82         7.20
fetch0/pc_reg[3]/D (DFF_X1)         7.48 f           14.81         7.34
fetch0/pc_reg[2]/D (DFF_X1)         7.29 f           14.81         7.53
fetch0/pc_reg[0]/D (DFF_X1)         7.10 f           14.81         7.72
fetch0/pc_reg[1]/D (DFF_X1)         7.10 f           14.81         7.72
regfile0/register_reg[1][31]/D (DFF_X1)     5.39 r    14.86        9.47
regfile0/register_reg[3][31]/D (DFF_X1)     5.39 r    14.86        9.47
regfile0/register_reg[4][31]/D (DFF_X1)     5.39 r    14.86        9.47
regfile0/register_reg[5][31]/D (DFF_X1)     5.39 r    14.86        9.47
regfile0/register_reg[6][31]/D (DFF_X1)     5.39 r    14.86        9.47
regfile0/register_reg[7][31]/D (DFF_X1)     5.39 r    14.86        9.47
regfile0/register_reg[8][31]/D (DFF_X1)     5.39 r    14.86        9.47
regfile0/register_reg[9][31]/D (DFF_X1)     5.39 r    14.86        9.47
regfile0/register_reg[13][31]/D (DFF_X1)     5.39 r    14.86       9.47
regfile0/register_reg[2][31]/D (DFF_X1)     5.39 r    14.86        9.47
regfile0/register_reg[10][31]/D (DFF_X1)     5.39 r    14.86       9.47
regfile0/register_reg[11][31]/D (DFF_X1)     5.39 r    14.86       9.47
regfile0/register_reg[12][31]/D (DFF_X1)     5.39 r    14.86       9.47
regfile0/register_reg[14][31]/D (DFF_X1)     5.39 r    14.86       9.47
regfile0/register_reg[15][31]/D (DFF_X1)     5.39 r    14.86       9.47
regfile0/register_reg[16][31]/D (DFF_X1)     5.39 r    14.86       9.47
regfile0/register_reg[17][31]/D (DFF_X1)     5.39 r    14.86       9.47
regfile0/register_reg[18][31]/D (DFF_X1)     5.39 r    14.86       9.47
regfile0/register_reg[19][31]/D (DFF_X1)     5.39 r    14.86       9.47
regfile0/register_reg[20][31]/D (DFF_X1)     5.39 r    14.86       9.47
regfile0/register_reg[21][31]/D (DFF_X1)     5.39 r    14.86       9.47
regfile0/register_reg[22][31]/D (DFF_X1)     5.39 r    14.86       9.47
regfile0/register_reg[23][31]/D (DFF_X1)     5.39 r    14.86       9.47
regfile0/register_reg[24][31]/D (DFF_X1)     5.39 r    14.86       9.47
regfile0/register_reg[25][31]/D (DFF_X1)     5.39 r    14.86       9.47
regfile0/register_reg[26][31]/D (DFF_X1)     5.39 r    14.86       9.47
regfile0/register_reg[27][31]/D (DFF_X1)     5.39 r    14.86       9.47
regfile0/register_reg[28][31]/D (DFF_X1)     5.39 r    14.86       9.47
regfile0/register_reg[29][31]/D (DFF_X1)     5.39 r    14.86       9.47
regfile0/register_reg[30][31]/D (DFF_X1)     5.39 r    14.86       9.47
regfile0/register_reg[31][31]/D (DFF_X1)     5.39 r    14.86       9.47
fetch0/instr_o_reg[11]/D (DFF_X1)     5.38 r         14.88         9.50
fetch0/instr_o_reg[6]/D (DFF_X1)     5.37 r          14.88         9.52
fetch0/instr_o_reg[5]/D (DFF_X1)     5.37 r          14.88         9.52
fetch0/instr_o_reg[4]/D (DFF_X1)     5.37 r          14.88         9.52
fetch0/instr_o_reg[1]/D (DFF_X1)     5.37 r          14.88         9.52
fetch0/instr_o_reg[10]/D (DFF_X1)     5.37 r         14.88         9.52
fetch0/instr_o_reg[9]/D (DFF_X1)     5.37 r          14.88         9.52
fetch0/instr_o_reg[8]/D (DFF_X1)     5.37 r          14.88         9.52
fetch0/instr_o_reg[7]/D (DFF_X1)     5.37 r          14.88         9.52
fetch0/instr_o_reg[3]/D (DFF_X1)     5.37 r          14.88         9.52
fetch0/instr_o_reg[2]/D (DFF_X1)     5.37 r          14.88         9.52
fetch0/instr_o_reg[0]/D (DFF_X1)     5.37 r          14.88         9.52
regfile0/register_reg[1][29]/D (DFF_X1)     5.22 f    14.77        9.56
regfile0/register_reg[3][29]/D (DFF_X1)     5.22 f    14.77        9.56
regfile0/register_reg[4][29]/D (DFF_X1)     5.22 f    14.77        9.56
regfile0/register_reg[5][29]/D (DFF_X1)     5.22 f    14.77        9.56
regfile0/register_reg[7][29]/D (DFF_X1)     5.22 f    14.77        9.56
regfile0/register_reg[8][29]/D (DFF_X1)     5.22 f    14.77        9.56
regfile0/register_reg[9][29]/D (DFF_X1)     5.22 f    14.77        9.56
regfile0/register_reg[16][29]/D (DFF_X1)     5.22 f    14.77       9.56
regfile0/register_reg[18][29]/D (DFF_X1)     5.22 f    14.77       9.56
regfile0/register_reg[19][29]/D (DFF_X1)     5.22 f    14.77       9.56
regfile0/register_reg[20][29]/D (DFF_X1)     5.22 f    14.77       9.56
regfile0/register_reg[21][29]/D (DFF_X1)     5.22 f    14.77       9.56
regfile0/register_reg[6][29]/D (DFF_X1)     5.22 f    14.77        9.56
regfile0/register_reg[13][29]/D (DFF_X1)     5.22 f    14.77       9.56
regfile0/register_reg[2][29]/D (DFF_X1)     5.22 f    14.78        9.57
regfile0/register_reg[17][29]/D (DFF_X1)     5.22 f    14.78       9.57
regfile0/register_reg[24][29]/D (DFF_X1)     5.22 f    14.78       9.57
regfile0/register_reg[10][29]/D (DFF_X1)     5.22 f    14.79       9.57
regfile0/register_reg[11][29]/D (DFF_X1)     5.22 f    14.79       9.57
regfile0/register_reg[12][29]/D (DFF_X1)     5.22 f    14.79       9.57
regfile0/register_reg[14][29]/D (DFF_X1)     5.22 f    14.79       9.57
regfile0/register_reg[15][29]/D (DFF_X1)     5.22 f    14.79       9.57
regfile0/register_reg[22][29]/D (DFF_X1)     5.22 f    14.79       9.57
regfile0/register_reg[23][29]/D (DFF_X1)     5.22 f    14.79       9.57
regfile0/register_reg[25][29]/D (DFF_X1)     5.22 f    14.79       9.57
regfile0/register_reg[26][29]/D (DFF_X1)     5.22 f    14.79       9.57
regfile0/register_reg[27][29]/D (DFF_X1)     5.22 f    14.79       9.57
regfile0/register_reg[28][29]/D (DFF_X1)     5.22 f    14.79       9.57
regfile0/register_reg[29][29]/D (DFF_X1)     5.22 f    14.79       9.57
regfile0/register_reg[30][29]/D (DFF_X1)     5.22 f    14.79       9.57
regfile0/register_reg[31][29]/D (DFF_X1)     5.22 f    14.79       9.57
regfile0/register_reg[1][30]/D (DFF_X1)     5.20 f    14.77        9.57
regfile0/register_reg[3][30]/D (DFF_X1)     5.20 f    14.77        9.57
regfile0/register_reg[4][30]/D (DFF_X1)     5.20 f    14.77        9.57
regfile0/register_reg[5][30]/D (DFF_X1)     5.20 f    14.77        9.57
regfile0/register_reg[7][30]/D (DFF_X1)     5.20 f    14.77        9.57
regfile0/register_reg[8][30]/D (DFF_X1)     5.20 f    14.77        9.57
regfile0/register_reg[16][30]/D (DFF_X1)     5.20 f    14.77       9.57
regfile0/register_reg[18][30]/D (DFF_X1)     5.20 f    14.77       9.57
regfile0/register_reg[19][30]/D (DFF_X1)     5.20 f    14.77       9.57
regfile0/register_reg[20][30]/D (DFF_X1)     5.20 f    14.77       9.57
regfile0/register_reg[21][30]/D (DFF_X1)     5.20 f    14.77       9.57
regfile0/register_reg[6][30]/D (DFF_X1)     5.20 f    14.77        9.57
regfile0/register_reg[9][30]/D (DFF_X1)     5.20 f    14.77        9.57
regfile0/register_reg[13][30]/D (DFF_X1)     5.20 f    14.77       9.57
regfile0/register_reg[2][30]/D (DFF_X1)     5.20 f    14.78        9.58
regfile0/register_reg[17][30]/D (DFF_X1)     5.20 f    14.78       9.58
regfile0/register_reg[24][30]/D (DFF_X1)     5.20 f    14.78       9.58
regfile0/register_reg[10][30]/D (DFF_X1)     5.20 f    14.79       9.59
regfile0/register_reg[11][30]/D (DFF_X1)     5.20 f    14.79       9.59
regfile0/register_reg[12][30]/D (DFF_X1)     5.20 f    14.79       9.59
regfile0/register_reg[14][30]/D (DFF_X1)     5.20 f    14.79       9.59
regfile0/register_reg[15][30]/D (DFF_X1)     5.20 f    14.79       9.59
regfile0/register_reg[22][30]/D (DFF_X1)     5.20 f    14.79       9.59
regfile0/register_reg[23][30]/D (DFF_X1)     5.20 f    14.79       9.59
regfile0/register_reg[25][30]/D (DFF_X1)     5.20 f    14.79       9.59
regfile0/register_reg[26][30]/D (DFF_X1)     5.20 f    14.79       9.59
regfile0/register_reg[27][30]/D (DFF_X1)     5.20 f    14.79       9.59
regfile0/register_reg[28][30]/D (DFF_X1)     5.20 f    14.79       9.59
regfile0/register_reg[29][30]/D (DFF_X1)     5.20 f    14.79       9.59
regfile0/register_reg[30][30]/D (DFF_X1)     5.20 f    14.79       9.59

1
