 
****************************************
Report : timing
        -path end
        -delay min
        -nets
        -max_paths 200
        -capacitance
Design : cpu
Version: T-2022.03-SP3
Date   : Mon Jun  5 14:18:49 2023
****************************************

 # A fanout number of 1000 was used for high fanout net computations.

Operating Conditions: fast   Library: NangateOpenCellLibrary
Wire Load Model Mode: top

Endpoint                         Path Delay     Path Required     Slack
------------------------------------------------------------------------
decode0/pc_o_reg[31]/D (DFF_X1)     0.11 f            0.03         0.09
decode0/pc_o_reg[30]/D (DFF_X1)     0.11 f            0.03         0.09
decode0/pc_o_reg[29]/D (DFF_X1)     0.11 f            0.03         0.09
decode0/pc_o_reg[28]/D (DFF_X1)     0.11 f            0.03         0.09
decode0/pc_o_reg[27]/D (DFF_X1)     0.11 f            0.03         0.09
decode0/pc_o_reg[26]/D (DFF_X1)     0.11 f            0.03         0.09
decode0/pc_o_reg[25]/D (DFF_X1)     0.11 f            0.03         0.09
decode0/pc_o_reg[24]/D (DFF_X1)     0.11 f            0.03         0.09
decode0/pc_o_reg[23]/D (DFF_X1)     0.11 f            0.03         0.09
decode0/pc_o_reg[22]/D (DFF_X1)     0.11 f            0.03         0.09
decode0/pc_o_reg[21]/D (DFF_X1)     0.11 f            0.03         0.09
decode0/pc_o_reg[20]/D (DFF_X1)     0.11 f            0.03         0.09
decode0/pc_o_reg[19]/D (DFF_X1)     0.11 f            0.03         0.09
decode0/pc_o_reg[18]/D (DFF_X1)     0.11 f            0.03         0.09
decode0/pc_o_reg[17]/D (DFF_X1)     0.11 f            0.03         0.09
decode0/pc_o_reg[16]/D (DFF_X1)     0.11 f            0.03         0.09
decode0/pc_o_reg[15]/D (DFF_X1)     0.11 f            0.03         0.09
decode0/pc_o_reg[14]/D (DFF_X1)     0.11 f            0.03         0.09
decode0/pc_o_reg[13]/D (DFF_X1)     0.11 f            0.03         0.09
decode0/pc_o_reg[12]/D (DFF_X1)     0.11 f            0.03         0.09
decode0/pc_o_reg[11]/D (DFF_X1)     0.11 f            0.03         0.09
decode0/pc_o_reg[10]/D (DFF_X1)     0.11 f            0.03         0.09
decode0/pc_o_reg[9]/D (DFF_X1)      0.11 f            0.03         0.09
decode0/pc_o_reg[8]/D (DFF_X1)      0.11 f            0.03         0.09
decode0/pc_o_reg[7]/D (DFF_X1)      0.11 f            0.03         0.09
decode0/pc_o_reg[6]/D (DFF_X1)      0.11 f            0.03         0.09
decode0/pc_o_reg[4]/D (DFF_X1)      0.11 f            0.03         0.09
decode0/rs1_value_o_reg[31]/D (DFF_X1)     0.11 f     0.03         0.09
decode0/rs1_value_o_reg[30]/D (DFF_X1)     0.11 f     0.03         0.09
decode0/rs1_value_o_reg[29]/D (DFF_X1)     0.11 f     0.03         0.09
decode0/rs1_value_o_reg[28]/D (DFF_X1)     0.11 f     0.03         0.09
decode0/rs1_value_o_reg[27]/D (DFF_X1)     0.11 f     0.03         0.09
decode0/rs1_value_o_reg[26]/D (DFF_X1)     0.11 f     0.03         0.09
decode0/rs1_value_o_reg[25]/D (DFF_X1)     0.11 f     0.03         0.09
decode0/rs1_value_o_reg[24]/D (DFF_X1)     0.11 f     0.03         0.09
decode0/rs1_value_o_reg[23]/D (DFF_X1)     0.11 f     0.03         0.09
decode0/rs1_value_o_reg[22]/D (DFF_X1)     0.11 f     0.03         0.09
decode0/rs1_value_o_reg[21]/D (DFF_X1)     0.11 f     0.03         0.09
decode0/rs1_value_o_reg[20]/D (DFF_X1)     0.11 f     0.03         0.09
decode0/rs1_value_o_reg[19]/D (DFF_X1)     0.11 f     0.03         0.09
decode0/rs1_value_o_reg[18]/D (DFF_X1)     0.11 f     0.03         0.09
decode0/rs1_value_o_reg[17]/D (DFF_X1)     0.11 f     0.03         0.09
decode0/rs1_value_o_reg[16]/D (DFF_X1)     0.11 f     0.03         0.09
decode0/rs1_value_o_reg[15]/D (DFF_X1)     0.11 f     0.03         0.09
decode0/rs1_value_o_reg[14]/D (DFF_X1)     0.11 f     0.03         0.09
decode0/rs1_value_o_reg[13]/D (DFF_X1)     0.11 f     0.03         0.09
decode0/rs1_value_o_reg[12]/D (DFF_X1)     0.11 f     0.03         0.09
decode0/rs1_value_o_reg[11]/D (DFF_X1)     0.11 f     0.03         0.09
decode0/rs1_value_o_reg[10]/D (DFF_X1)     0.11 f     0.03         0.09
decode0/rs1_value_o_reg[9]/D (DFF_X1)     0.11 f      0.03         0.09
decode0/rs1_value_o_reg[8]/D (DFF_X1)     0.11 f      0.03         0.09
decode0/rs1_value_o_reg[7]/D (DFF_X1)     0.11 f      0.03         0.09
decode0/rs1_value_o_reg[6]/D (DFF_X1)     0.11 f      0.03         0.09
decode0/rs1_value_o_reg[5]/D (DFF_X1)     0.11 f      0.03         0.09
decode0/rs1_value_o_reg[4]/D (DFF_X1)     0.11 f      0.03         0.09
decode0/rs1_value_o_reg[3]/D (DFF_X1)     0.11 f      0.03         0.09
decode0/rs1_value_o_reg[1]/D (DFF_X1)     0.11 f      0.03         0.09
decode0/rs2_value_o_reg[31]/D (DFF_X1)     0.11 f     0.03         0.09
decode0/rs2_value_o_reg[30]/D (DFF_X1)     0.11 f     0.03         0.09
decode0/rs2_value_o_reg[29]/D (DFF_X1)     0.11 f     0.03         0.09
decode0/rs2_value_o_reg[28]/D (DFF_X1)     0.11 f     0.03         0.09
decode0/rs2_value_o_reg[27]/D (DFF_X1)     0.11 f     0.03         0.09
decode0/rs2_value_o_reg[26]/D (DFF_X1)     0.11 f     0.03         0.09
decode0/rs2_value_o_reg[25]/D (DFF_X1)     0.11 f     0.03         0.09
decode0/rs2_value_o_reg[24]/D (DFF_X1)     0.11 f     0.03         0.09
decode0/rs2_value_o_reg[23]/D (DFF_X1)     0.11 f     0.03         0.09
decode0/rs2_value_o_reg[22]/D (DFF_X1)     0.11 f     0.03         0.09
decode0/rs2_value_o_reg[21]/D (DFF_X1)     0.11 f     0.03         0.09
decode0/rs2_value_o_reg[20]/D (DFF_X1)     0.11 f     0.03         0.09
decode0/rs2_value_o_reg[19]/D (DFF_X1)     0.11 f     0.03         0.09
decode0/rs2_value_o_reg[18]/D (DFF_X1)     0.11 f     0.03         0.09
decode0/rs2_value_o_reg[17]/D (DFF_X1)     0.11 f     0.03         0.09
decode0/rs2_value_o_reg[16]/D (DFF_X1)     0.11 f     0.03         0.09
decode0/rs2_value_o_reg[15]/D (DFF_X1)     0.11 f     0.03         0.09
decode0/rs2_value_o_reg[14]/D (DFF_X1)     0.11 f     0.03         0.09
decode0/rs2_value_o_reg[13]/D (DFF_X1)     0.11 f     0.03         0.09
decode0/rs2_value_o_reg[12]/D (DFF_X1)     0.11 f     0.03         0.09
decode0/rs2_value_o_reg[11]/D (DFF_X1)     0.11 f     0.03         0.09
decode0/rs2_value_o_reg[10]/D (DFF_X1)     0.11 f     0.03         0.09
decode0/rs2_value_o_reg[9]/D (DFF_X1)     0.11 f      0.03         0.09
decode0/rs2_value_o_reg[8]/D (DFF_X1)     0.11 f      0.03         0.09
decode0/rs2_value_o_reg[7]/D (DFF_X1)     0.11 f      0.03         0.09
decode0/rs2_value_o_reg[6]/D (DFF_X1)     0.11 f      0.03         0.09
decode0/rs2_value_o_reg[5]/D (DFF_X1)     0.11 f      0.03         0.09
decode0/rs2_value_o_reg[4]/D (DFF_X1)     0.11 f      0.03         0.09
decode0/rs2_value_o_reg[3]/D (DFF_X1)     0.11 f      0.03         0.09
decode0/rs2_value_o_reg[2]/D (DFF_X1)     0.11 f      0.03         0.09
decode0/rs2_value_o_reg[1]/D (DFF_X1)     0.11 f      0.03         0.09
decode0/rs2_value_o_reg[0]/D (DFF_X1)     0.11 f      0.03         0.09
decode0/opsel2_reg[1]/D (DFF_X1)     0.12 f           0.03         0.09
decode0/alu_func_reg[3]/D (DFF_X1)     0.12 f         0.03         0.09
decode0/wbsel_reg[0]/D (DFF_X1)     0.12 f            0.03         0.09
decode0/mem_w_en_reg/D (DFF_X1)     0.15 f            0.03         0.11
memaccess0/load_data_reg[31]/D (DFF_X1)     0.18 r     0.05        0.13
memaccess0/load_data_reg[30]/D (DFF_X1)     0.18 r     0.05        0.13
memaccess0/load_data_reg[29]/D (DFF_X1)     0.18 r     0.05        0.13
memaccess0/load_data_reg[28]/D (DFF_X1)     0.18 r     0.05        0.13
memaccess0/load_data_reg[27]/D (DFF_X1)     0.18 r     0.05        0.13
memaccess0/load_data_reg[26]/D (DFF_X1)     0.18 r     0.05        0.13
memaccess0/load_data_reg[25]/D (DFF_X1)     0.18 r     0.05        0.13
memaccess0/load_data_reg[24]/D (DFF_X1)     0.18 r     0.05        0.13
memaccess0/load_data_reg[23]/D (DFF_X1)     0.18 r     0.05        0.13
memaccess0/load_data_reg[22]/D (DFF_X1)     0.18 r     0.05        0.13
memaccess0/load_data_reg[21]/D (DFF_X1)     0.18 r     0.05        0.13
memaccess0/load_data_reg[20]/D (DFF_X1)     0.18 r     0.05        0.13
memaccess0/load_data_reg[19]/D (DFF_X1)     0.18 r     0.05        0.13
memaccess0/load_data_reg[18]/D (DFF_X1)     0.18 r     0.05        0.13
memaccess0/load_data_reg[17]/D (DFF_X1)     0.18 r     0.05        0.13
memaccess0/load_data_reg[16]/D (DFF_X1)     0.18 r     0.05        0.13
memaccess0/load_data_reg[15]/D (DFF_X1)     0.18 r     0.05        0.13
memaccess0/load_data_reg[14]/D (DFF_X1)     0.18 r     0.05        0.13
memaccess0/load_data_reg[13]/D (DFF_X1)     0.18 r     0.05        0.13
memaccess0/load_data_reg[12]/D (DFF_X1)     0.18 r     0.05        0.13
memaccess0/load_data_reg[11]/D (DFF_X1)     0.18 r     0.05        0.13
memaccess0/load_data_reg[10]/D (DFF_X1)     0.18 r     0.05        0.13
memaccess0/load_data_reg[9]/D (DFF_X1)     0.18 r     0.05         0.13
memaccess0/load_data_reg[8]/D (DFF_X1)     0.18 r     0.05         0.13
memaccess0/load_data_reg[7]/D (DFF_X1)     0.18 r     0.05         0.13
memaccess0/load_data_reg[6]/D (DFF_X1)     0.18 r     0.05         0.13
memaccess0/load_data_reg[5]/D (DFF_X1)     0.18 r     0.05         0.13
memaccess0/load_data_reg[4]/D (DFF_X1)     0.18 r     0.05         0.13
memaccess0/load_data_reg[3]/D (DFF_X1)     0.18 r     0.05         0.13
memaccess0/load_data_reg[2]/D (DFF_X1)     0.18 r     0.05         0.13
memaccess0/load_data_reg[1]/D (DFF_X1)     0.18 r     0.05         0.13
memaccess0/load_data_reg[0]/D (DFF_X1)     0.18 r     0.05         0.13
fetch0/instr_o_reg[31]/D (DFF_X1)     0.20 r          0.05         0.14
fetch0/instr_o_reg[30]/D (DFF_X1)     0.20 r          0.05         0.14
fetch0/instr_o_reg[29]/D (DFF_X1)     0.20 r          0.05         0.14
fetch0/instr_o_reg[28]/D (DFF_X1)     0.20 r          0.05         0.14
fetch0/instr_o_reg[27]/D (DFF_X1)     0.20 r          0.05         0.14
fetch0/instr_o_reg[26]/D (DFF_X1)     0.20 r          0.05         0.14
fetch0/instr_o_reg[25]/D (DFF_X1)     0.20 r          0.05         0.14
fetch0/instr_o_reg[24]/D (DFF_X1)     0.20 r          0.05         0.14
fetch0/instr_o_reg[23]/D (DFF_X1)     0.20 r          0.05         0.14
fetch0/instr_o_reg[22]/D (DFF_X1)     0.20 r          0.05         0.14
fetch0/instr_o_reg[21]/D (DFF_X1)     0.20 r          0.05         0.14
fetch0/instr_o_reg[20]/D (DFF_X1)     0.20 r          0.05         0.14
fetch0/instr_o_reg[19]/D (DFF_X1)     0.20 r          0.05         0.14
fetch0/instr_o_reg[18]/D (DFF_X1)     0.20 r          0.05         0.14
fetch0/instr_o_reg[17]/D (DFF_X1)     0.20 r          0.05         0.14
fetch0/instr_o_reg[16]/D (DFF_X1)     0.20 r          0.05         0.14
fetch0/instr_o_reg[15]/D (DFF_X1)     0.20 r          0.05         0.14
fetch0/instr_o_reg[14]/D (DFF_X1)     0.20 r          0.05         0.14
fetch0/instr_o_reg[13]/D (DFF_X1)     0.20 r          0.05         0.14
fetch0/instr_o_reg[12]/D (DFF_X1)     0.20 r          0.05         0.14
fetch0/instr_o_reg[11]/D (DFF_X1)     0.20 r          0.05         0.14
fetch0/instr_o_reg[10]/D (DFF_X1)     0.20 r          0.05         0.14
fetch0/instr_o_reg[9]/D (DFF_X1)     0.20 r           0.05         0.14
fetch0/instr_o_reg[8]/D (DFF_X1)     0.20 r           0.05         0.14
fetch0/instr_o_reg[7]/D (DFF_X1)     0.20 r           0.05         0.14
fetch0/instr_o_reg[6]/D (DFF_X1)     0.20 r           0.05         0.14
fetch0/instr_o_reg[5]/D (DFF_X1)     0.20 r           0.05         0.14
fetch0/instr_o_reg[4]/D (DFF_X1)     0.20 r           0.05         0.14
fetch0/instr_o_reg[3]/D (DFF_X1)     0.20 r           0.05         0.14
fetch0/instr_o_reg[2]/D (DFF_X1)     0.20 r           0.05         0.14
fetch0/instr_o_reg[1]/D (DFF_X1)     0.20 r           0.05         0.14
fetch0/instr_o_reg[0]/D (DFF_X1)     0.20 r           0.05         0.14
regfile0/register_reg[22][31]/D (DFF_X1)     0.21 r     0.07       0.15
regfile0/register_reg[22][30]/D (DFF_X1)     0.21 r     0.07       0.15
regfile0/register_reg[22][29]/D (DFF_X1)     0.21 r     0.07       0.15
regfile0/register_reg[22][28]/D (DFF_X1)     0.21 r     0.07       0.15
regfile0/register_reg[22][27]/D (DFF_X1)     0.21 r     0.07       0.15
regfile0/register_reg[22][26]/D (DFF_X1)     0.21 r     0.07       0.15
regfile0/register_reg[22][25]/D (DFF_X1)     0.21 r     0.07       0.15
regfile0/register_reg[22][24]/D (DFF_X1)     0.21 r     0.07       0.15
regfile0/register_reg[22][22]/D (DFF_X1)     0.21 r     0.07       0.15
regfile0/register_reg[22][21]/D (DFF_X1)     0.21 r     0.07       0.15
regfile0/register_reg[22][19]/D (DFF_X1)     0.21 r     0.07       0.15
regfile0/register_reg[23][31]/D (DFF_X1)     0.21 r     0.07       0.15
regfile0/register_reg[23][30]/D (DFF_X1)     0.21 r     0.07       0.15
regfile0/register_reg[23][29]/D (DFF_X1)     0.21 r     0.07       0.15
regfile0/register_reg[23][28]/D (DFF_X1)     0.21 r     0.07       0.15
regfile0/register_reg[23][27]/D (DFF_X1)     0.21 r     0.07       0.15
regfile0/register_reg[23][26]/D (DFF_X1)     0.21 r     0.07       0.15
regfile0/register_reg[23][25]/D (DFF_X1)     0.21 r     0.07       0.15
regfile0/register_reg[23][24]/D (DFF_X1)     0.21 r     0.07       0.15
regfile0/register_reg[23][22]/D (DFF_X1)     0.21 r     0.07       0.15
regfile0/register_reg[23][21]/D (DFF_X1)     0.21 r     0.07       0.15
regfile0/register_reg[23][19]/D (DFF_X1)     0.21 r     0.07       0.15
regfile0/register_reg[25][31]/D (DFF_X1)     0.21 r     0.07       0.15
regfile0/register_reg[25][30]/D (DFF_X1)     0.21 r     0.07       0.15
regfile0/register_reg[25][29]/D (DFF_X1)     0.21 r     0.07       0.15
regfile0/register_reg[25][28]/D (DFF_X1)     0.21 r     0.07       0.15
regfile0/register_reg[25][27]/D (DFF_X1)     0.21 r     0.07       0.15
regfile0/register_reg[25][26]/D (DFF_X1)     0.21 r     0.07       0.15
regfile0/register_reg[25][25]/D (DFF_X1)     0.21 r     0.07       0.15
regfile0/register_reg[25][24]/D (DFF_X1)     0.21 r     0.07       0.15
regfile0/register_reg[25][22]/D (DFF_X1)     0.21 r     0.07       0.15
regfile0/register_reg[25][21]/D (DFF_X1)     0.21 r     0.07       0.15
regfile0/register_reg[25][19]/D (DFF_X1)     0.21 r     0.07       0.15
regfile0/register_reg[27][30]/D (DFF_X1)     0.21 r     0.07       0.15
regfile0/register_reg[27][29]/D (DFF_X1)     0.21 r     0.07       0.15
regfile0/register_reg[27][28]/D (DFF_X1)     0.21 r     0.07       0.15
regfile0/register_reg[27][27]/D (DFF_X1)     0.21 r     0.07       0.15
regfile0/register_reg[27][26]/D (DFF_X1)     0.21 r     0.07       0.15
regfile0/register_reg[27][25]/D (DFF_X1)     0.21 r     0.07       0.15
regfile0/register_reg[27][24]/D (DFF_X1)     0.21 r     0.07       0.15
regfile0/register_reg[27][22]/D (DFF_X1)     0.21 r     0.07       0.15
regfile0/register_reg[27][21]/D (DFF_X1)     0.21 r     0.07       0.15
regfile0/register_reg[27][19]/D (DFF_X1)     0.21 r     0.07       0.15

1
