 
****************************************
Report : power
        -analysis_effort low
        -verbose
Design : lsu
Version: T-2022.03-SP3
Date   : Thu Jun  8 16:26:17 2023
****************************************


Library(s) Used:

    NangateOpenCellLibrary (File: /homes/gbeatty3/ee478/gbeatty3/OoO_Processor/out-of-order/rob/freepdk-45nm/stdcells-wc.db)


Operating Conditions: slow   Library: NangateOpenCellLibrary
Wire Load Model Mode: top

Design        Wire Load Model            Library
------------------------------------------------
lsu                    5K_hvratio_1_1    NangateOpenCellLibrary


Global Operating Voltage = 0.95 
Power-specific unit information :
    Voltage Units = 1V
    Capacitance Units = 1.000000ff
    Time Units = 1ns
    Dynamic Power Units = 1uW    (derived from V,C,T units)
    Leakage Power Units = 1nW


Attributes
----------
i - Including register clock pin internal power


  Cell Internal Power  =  27.4601 uW   (69%)
  Net Switching Power  =  12.4912 uW   (31%)
                         ---------
Total Dynamic Power    =  39.9513 uW  (100%)

Cell Leakage Power     =   7.3032 uW

                 Internal         Switching           Leakage            Total                         Cell
Power Group      Power            Power               Power              Power   (   %    )  Attrs  Count
---------------------------------------------------------------------------------------------------------
io_pad             0.0000            0.0000            0.0000            0.0000  (   0.00%)            0
memory             0.0000            0.0000            0.0000            0.0000  (   0.00%)            0
black_box          0.0000            0.0000            0.0000            0.0000  (   0.00%)            0
clock_network     22.2336            0.0000            0.0000           22.2336  (  47.05%)            0 i
register           1.7121            0.9699        2.8743e+03            5.5563  (  11.76%)            54
sequential         0.0000            0.0000            0.0000            0.0000  (   0.00%)            0
combinational      3.5144           11.5213        4.4289e+03           19.4646  (  41.19%)            272
---------------------------------------------------------------------------------------------------------
Total             27.4601 uW        12.4912 uW     7.3032e+03 nW        47.2544 uW
1
