Information: Updating design information... (UID-85)
 
****************************************
Report : timing
        -path end
        -delay max
        -nets
        -max_paths 200
        -capacitance
Design : lsu
Version: T-2022.03-SP3
Date   : Thu Jun  8 16:26:17 2023
****************************************

Operating Conditions: slow   Library: NangateOpenCellLibrary
Wire Load Model Mode: top

Endpoint                         Path Delay     Path Required     Slack
------------------------------------------------------------------------
dmem_wmask_o[2] (out)               2.93 r            9.85         6.92
dmem_wmask_o[0] (out)               2.87 r            9.85         6.98
lsu_fifo/mem_reg[3][11]/D (DFF_X1)     2.60 r         9.85         7.26
dmem_waddr_o[5] (out)               2.56 r            9.85         7.29
lsu_fifo/mem_reg[0][11]/D (DFF_X1)     2.54 r         9.86         7.32
lsu_fifo/mem_reg[2][11]/D (DFF_X1)     2.54 r         9.86         7.32
lsu_fifo/mem_reg[1][11]/D (DFF_X1)     2.54 r         9.86         7.32
dmem_wmask_o[3] (out)               2.53 r            9.85         7.32
writeback_value_o[23] (out)         2.52 r            9.85         7.33
writeback_value_o[22] (out)         2.52 r            9.85         7.33
writeback_value_o[21] (out)         2.52 r            9.85         7.33
writeback_value_o[20] (out)         2.52 r            9.85         7.33
writeback_value_o[19] (out)         2.52 r            9.85         7.33
writeback_value_o[18] (out)         2.52 r            9.85         7.33
writeback_value_o[17] (out)         2.52 r            9.85         7.33
writeback_value_o[16] (out)         2.52 r            9.85         7.33
dmem_wmask_o[1] (out)               2.47 r            9.85         7.38
dmem_raddr_o[5] (out)               2.45 r            9.85         7.40
writeback_value_o[30] (out)         2.38 r            9.85         7.47
writeback_value_o[29] (out)         2.38 r            9.85         7.47
writeback_value_o[28] (out)         2.38 r            9.85         7.47
writeback_value_o[27] (out)         2.38 r            9.85         7.47
writeback_value_o[26] (out)         2.38 r            9.85         7.47
writeback_value_o[25] (out)         2.38 r            9.85         7.47
writeback_value_o[24] (out)         2.38 r            9.85         7.47
writeback_value_o[31] (out)         2.37 r            9.85         7.48
lsu_fifo/mem_reg[3][10]/D (DFF_X1)     2.36 r         9.85         7.49
lsu_fifo/mem_reg[0][10]/D (DFF_X1)     2.30 r         9.86         7.56
lsu_fifo/mem_reg[2][10]/D (DFF_X1)     2.30 r         9.86         7.56
lsu_fifo/mem_reg[1][10]/D (DFF_X1)     2.30 r         9.86         7.56
writeback_value_o[15] (out)         2.29 r            9.85         7.56
writeback_value_o[14] (out)         2.29 r            9.85         7.56
writeback_value_o[13] (out)         2.29 r            9.85         7.56
writeback_value_o[12] (out)         2.29 r            9.85         7.56
writeback_value_o[11] (out)         2.29 r            9.85         7.56
writeback_value_o[10] (out)         2.29 r            9.85         7.56
writeback_value_o[9] (out)          2.29 r            9.85         7.56
writeback_value_o[8] (out)          2.29 r            9.85         7.56
writeback_value_o[0] (out)          2.29 r            9.85         7.56
writeback_value_o[7] (out)          2.26 r            9.85         7.59
writeback_value_o[6] (out)          2.26 r            9.85         7.59
writeback_value_o[5] (out)          2.26 r            9.85         7.59
writeback_value_o[4] (out)          2.26 r            9.85         7.59
writeback_value_o[3] (out)          2.26 r            9.85         7.59
writeback_value_o[2] (out)          2.26 r            9.85         7.59
writeback_value_o[1] (out)          2.26 r            9.85         7.59
lsu_fifo/mem_reg[3][2]/D (DFF_X1)     2.26 r          9.85         7.59
lsu_fifo/mem_reg[3][1]/D (DFF_X1)     2.26 r          9.85         7.59
dmem_waddr_o[4] (out)               2.23 r            9.85         7.62
dmem_raddr_o[4] (out)               2.22 r            9.85         7.63
dmem_waddr_o[3] (out)               2.21 r            9.85         7.64
lsu_fifo/mem_reg[0][2]/D (DFF_X1)     2.20 r          9.86         7.66
lsu_fifo/mem_reg[0][1]/D (DFF_X1)     2.20 r          9.86         7.66
lsu_fifo/mem_reg[2][2]/D (DFF_X1)     2.20 r          9.86         7.66
lsu_fifo/mem_reg[2][1]/D (DFF_X1)     2.20 r          9.86         7.66
lsu_fifo/mem_reg[1][2]/D (DFF_X1)     2.20 r          9.86         7.66
lsu_fifo/mem_reg[1][1]/D (DFF_X1)     2.20 r          9.86         7.66
lsu_fifo/mem_reg[3][9]/D (DFF_X1)     2.18 r          9.85         7.68
lsu_fifo/mem_reg[3][3]/D (DFF_X1)     2.14 r          9.85         7.72
lsu_fifo/mem_reg[0][9]/D (DFF_X1)     2.12 r          9.86         7.74
lsu_fifo/mem_reg[2][9]/D (DFF_X1)     2.12 r          9.86         7.74
lsu_fifo/mem_reg[1][9]/D (DFF_X1)     2.12 r          9.86         7.74
lsu_fifo/mem_reg[3][8]/D (DFF_X1)     2.10 r          9.85         7.76
lsu_fifo/mem_reg[0][3]/D (DFF_X1)     2.08 r          9.86         7.78
lsu_fifo/mem_reg[2][3]/D (DFF_X1)     2.08 r          9.86         7.78
lsu_fifo/mem_reg[1][3]/D (DFF_X1)     2.08 r          9.86         7.78
dmem_raddr_o[3] (out)               2.03 r            9.85         7.82
lsu_fifo/mem_reg[0][8]/D (DFF_X1)     2.04 r          9.86         7.82
lsu_fifo/mem_reg[2][8]/D (DFF_X1)     2.04 r          9.86         7.82
lsu_fifo/mem_reg[1][8]/D (DFF_X1)     2.04 r          9.86         7.82
dmem_raddr_o[2] (out)               1.96 r            9.85         7.89
dmem_waddr_o[2] (out)               1.93 r            9.85         7.92
lsu_fifo/mem_reg[3][7]/D (DFF_X1)     1.80 r          9.85         8.05
lsu_fifo/mem_reg[0][7]/D (DFF_X1)     1.74 r          9.86         8.11
lsu_fifo/mem_reg[2][7]/D (DFF_X1)     1.74 r          9.86         8.11
lsu_fifo/mem_reg[1][7]/D (DFF_X1)     1.74 r          9.86         8.11
dmem_raddr_o[1] (out)               1.67 r            9.85         8.18
dmem_waddr_o[1] (out)               1.63 r            9.85         8.22
lsu_fifo/mem_reg[3][11]/D (DFF_X1)     1.54 r         9.85         8.31
lsu_fifo/mem_reg[3][10]/D (DFF_X1)     1.54 r         9.85         8.31
lsu_fifo/mem_reg[3][9]/D (DFF_X1)     1.54 r          9.85         8.31
lsu_fifo/mem_reg[3][8]/D (DFF_X1)     1.54 r          9.85         8.31
lsu_fifo/mem_reg[3][7]/D (DFF_X1)     1.54 r          9.85         8.31
lsu_fifo/mem_reg[3][6]/D (DFF_X1)     1.54 r          9.85         8.31
lsu_fifo/mem_reg[3][5]/D (DFF_X1)     1.54 r          9.85         8.31
lsu_fifo/mem_reg[3][4]/D (DFF_X1)     1.54 r          9.85         8.31
lsu_fifo/mem_reg[3][3]/D (DFF_X1)     1.54 r          9.85         8.31
lsu_fifo/mem_reg[3][2]/D (DFF_X1)     1.54 r          9.85         8.31
lsu_fifo/mem_reg[3][1]/D (DFF_X1)     1.54 r          9.85         8.31
lsu_fifo/mem_reg[2][11]/D (DFF_X1)     1.52 r         9.86         8.34
lsu_fifo/mem_reg[2][10]/D (DFF_X1)     1.52 r         9.86         8.34
lsu_fifo/mem_reg[2][9]/D (DFF_X1)     1.52 r          9.86         8.34
lsu_fifo/mem_reg[2][8]/D (DFF_X1)     1.52 r          9.86         8.34
lsu_fifo/mem_reg[2][7]/D (DFF_X1)     1.52 r          9.86         8.34
lsu_fifo/mem_reg[2][6]/D (DFF_X1)     1.52 r          9.86         8.34
lsu_fifo/mem_reg[2][5]/D (DFF_X1)     1.52 r          9.86         8.34
lsu_fifo/mem_reg[2][4]/D (DFF_X1)     1.52 r          9.86         8.34
lsu_fifo/mem_reg[2][3]/D (DFF_X1)     1.52 r          9.86         8.34
lsu_fifo/mem_reg[2][2]/D (DFF_X1)     1.52 r          9.86         8.34
lsu_fifo/mem_reg[2][1]/D (DFF_X1)     1.52 r          9.86         8.34
lsu_fifo/mem_reg[3][6]/D (DFF_X1)     1.51 r          9.85         8.35
lsu_fifo/mem_reg[0][11]/D (DFF_X1)     1.48 r         9.86         8.38
lsu_fifo/mem_reg[0][10]/D (DFF_X1)     1.48 r         9.86         8.38
lsu_fifo/mem_reg[0][9]/D (DFF_X1)     1.48 r          9.86         8.38
lsu_fifo/mem_reg[0][8]/D (DFF_X1)     1.48 r          9.86         8.38
lsu_fifo/mem_reg[0][7]/D (DFF_X1)     1.48 r          9.86         8.38
lsu_fifo/mem_reg[0][6]/D (DFF_X1)     1.48 r          9.86         8.38
lsu_fifo/mem_reg[0][5]/D (DFF_X1)     1.48 r          9.86         8.38
lsu_fifo/mem_reg[0][4]/D (DFF_X1)     1.48 r          9.86         8.38
lsu_fifo/mem_reg[0][3]/D (DFF_X1)     1.48 r          9.86         8.38
lsu_fifo/mem_reg[0][2]/D (DFF_X1)     1.48 r          9.86         8.38
lsu_fifo/mem_reg[0][1]/D (DFF_X1)     1.48 r          9.86         8.38
lsu_fifo/mem_reg[0][6]/D (DFF_X1)     1.45 r          9.86         8.41
lsu_fifo/mem_reg[2][6]/D (DFF_X1)     1.45 r          9.86         8.41
lsu_fifo/mem_reg[1][6]/D (DFF_X1)     1.45 r          9.86         8.41
lsu_fifo/mem_reg[3][5]/D (DFF_X1)     1.40 r          9.85         8.45
lsu_fifo/mem_reg[3][4]/D (DFF_X1)     1.40 r          9.85         8.45
lsu_fifo/mem_reg[0][5]/D (DFF_X1)     1.40 r          9.86         8.46
lsu_fifo/mem_reg[0][4]/D (DFF_X1)     1.40 r          9.86         8.46
lsu_fifo/mem_reg[2][5]/D (DFF_X1)     1.38 r          9.86         8.47
lsu_fifo/mem_reg[2][4]/D (DFF_X1)     1.38 r          9.86         8.47
dmem_raddr_o[0] (out)               1.37 r            9.85         8.48
dmem_waddr_o[0] (out)               1.34 r            9.85         8.51
dmem_csb_write_o (out)              1.14 f            9.85         8.71
lsu_fifo/mem_reg[1][11]/D (DFF_X1)     1.14 r         9.86         8.72
lsu_fifo/mem_reg[1][10]/D (DFF_X1)     1.14 r         9.86         8.72
lsu_fifo/mem_reg[1][9]/D (DFF_X1)     1.14 r          9.86         8.72
lsu_fifo/mem_reg[1][8]/D (DFF_X1)     1.14 r          9.86         8.72
lsu_fifo/mem_reg[1][7]/D (DFF_X1)     1.14 r          9.86         8.72
lsu_fifo/mem_reg[1][6]/D (DFF_X1)     1.14 r          9.86         8.72
lsu_fifo/mem_reg[1][5]/D (DFF_X1)     1.14 r          9.86         8.72
lsu_fifo/mem_reg[1][4]/D (DFF_X1)     1.14 r          9.86         8.72
lsu_fifo/mem_reg[1][3]/D (DFF_X1)     1.14 r          9.86         8.72
lsu_fifo/mem_reg[1][2]/D (DFF_X1)     1.14 r          9.86         8.72
lsu_fifo/mem_reg[1][1]/D (DFF_X1)     1.14 r          9.86         8.72
dmem_csb_read_o (out)               1.13 f            9.85         8.72
lsu_fifo/rd_ptr_reg[1]/D (DFF_X1)     1.03 r          9.84         8.82
lsu_fifo/mem_reg[1][5]/D (DFF_X1)     1.02 r          9.86         8.84
lsu_fifo/mem_reg[1][4]/D (DFF_X1)     1.02 r          9.86         8.84
writeback_value_o[23] (out)         1.00 r            9.85         8.85
writeback_value_o[22] (out)         1.00 r            9.85         8.85
writeback_value_o[21] (out)         1.00 r            9.85         8.85
writeback_value_o[20] (out)         1.00 r            9.85         8.85
writeback_value_o[19] (out)         1.00 r            9.85         8.85
writeback_value_o[18] (out)         1.00 r            9.85         8.85
writeback_value_o[17] (out)         1.00 r            9.85         8.85
writeback_value_o[16] (out)         1.00 r            9.85         8.85
writeback_value_o[30] (out)         0.98 r            9.85         8.87
writeback_value_o[29] (out)         0.98 r            9.85         8.87
writeback_value_o[28] (out)         0.98 r            9.85         8.87
writeback_value_o[27] (out)         0.98 r            9.85         8.87
writeback_value_o[26] (out)         0.98 r            9.85         8.87
writeback_value_o[25] (out)         0.98 r            9.85         8.87
writeback_value_o[24] (out)         0.98 r            9.85         8.87
writeback_value_o[7] (out)          0.89 r            9.85         8.96
writeback_value_o[6] (out)          0.89 r            9.85         8.96
writeback_value_o[5] (out)          0.89 r            9.85         8.96
writeback_value_o[4] (out)          0.89 r            9.85         8.96
writeback_value_o[3] (out)          0.89 r            9.85         8.96
writeback_value_o[2] (out)          0.89 r            9.85         8.96
writeback_value_o[1] (out)          0.89 r            9.85         8.96
writeback_value_o[0] (out)          0.88 r            9.85         8.97
lsu_fifo/rd_ptr_reg[0]/D (DFF_X1)     0.86 r          9.84         8.98
writeback_value_o[31] (out)         0.83 r            9.85         9.02
writeback_valid_o (out)             0.79 r            9.85         9.06
lsu_fifo/wr_ptr_reg[1]/D (DFF_X1)     0.77 r          9.84         9.07
lsu_fifo/wr_ptr_reg[0]/D (DFF_X1)     0.69 r          9.84         9.15
rob_idx_o[4] (out)                  0.66 r            9.85         9.19
rob_idx_o[3] (out)                  0.66 r            9.85         9.19
rob_idx_o[2] (out)                  0.66 r            9.85         9.19
rob_idx_o[1] (out)                  0.66 r            9.85         9.19
rob_idx_o[0] (out)                  0.66 r            9.85         9.19
mem_load_success_reg/D (DFF_X1)     0.65 r            9.83         9.19
lsu_fifo/wr_ptr_reg[1]/D (DFF_X1)     0.64 r          9.84         9.20
lsu_fifo/wr_ptr_reg[0]/D (DFF_X1)     0.61 r          9.84         9.23
writeback_value_o[15] (out)         0.61 r            9.85         9.24
writeback_value_o[14] (out)         0.58 r            9.85         9.27
writeback_value_o[13] (out)         0.58 r            9.85         9.27
writeback_value_o[12] (out)         0.58 r            9.85         9.27
writeback_value_o[11] (out)         0.58 r            9.85         9.27
writeback_value_o[10] (out)         0.58 r            9.85         9.27
writeback_value_o[9] (out)          0.58 r            9.85         9.27
writeback_value_o[8] (out)          0.58 r            9.85         9.27
dmem_din_o[31] (out)                0.54 r            9.85         9.31
dmem_din_o[30] (out)                0.54 r            9.85         9.31
dmem_din_o[29] (out)                0.54 r            9.85         9.31
dmem_din_o[28] (out)                0.54 r            9.85         9.31
dmem_din_o[27] (out)                0.54 r            9.85         9.31
dmem_din_o[26] (out)                0.54 r            9.85         9.31
dmem_din_o[25] (out)                0.54 r            9.85         9.31
dmem_din_o[24] (out)                0.54 r            9.85         9.31
dmem_din_o[23] (out)                0.54 r            9.85         9.31
dmem_din_o[22] (out)                0.54 r            9.85         9.31
dmem_din_o[21] (out)                0.54 r            9.85         9.31
dmem_din_o[20] (out)                0.54 r            9.85         9.31
dmem_din_o[19] (out)                0.54 r            9.85         9.31
dmem_din_o[18] (out)                0.54 r            9.85         9.31
dmem_din_o[17] (out)                0.54 r            9.85         9.31
dmem_din_o[16] (out)                0.54 r            9.85         9.31
dmem_din_o[15] (out)                0.54 r            9.85         9.31

1
