 
****************************************
Report : timing
        -path end
        -delay min
        -nets
        -max_paths 200
        -capacitance
Design : lsu
Version: T-2022.03-SP3
Date   : Thu Jun  8 16:26:17 2023
****************************************

Operating Conditions: fast   Library: NangateOpenCellLibrary
Wire Load Model Mode: top

Endpoint                         Path Delay     Path Required     Slack
------------------------------------------------------------------------
rob_idx_o_reg[4]/D (DFF_X1)         0.12 r            0.05         0.07
rob_idx_o_reg[3]/D (DFF_X1)         0.12 r            0.05         0.07
rob_idx_o_reg[2]/D (DFF_X1)         0.12 r            0.05         0.07
rob_idx_o_reg[1]/D (DFF_X1)         0.12 r            0.05         0.07
rob_idx_o_reg[0]/D (DFF_X1)         0.12 r            0.05         0.07
lsu_fifo/rd_ptr_reg[0]/D (DFF_X1)     0.12 f          0.03         0.09
lsu_fifo/rd_ptr_reg[1]/D (DFF_X1)     0.12 f          0.03         0.09
lsu_fifo/wr_ptr_reg[0]/D (DFF_X1)     0.12 f          0.03         0.09
lsu_fifo/wr_ptr_reg[1]/D (DFF_X1)     0.12 f          0.03         0.09
mem_load_success_reg/D (DFF_X1)     0.16 f            0.03         0.13
lsu_fifo/mem_reg[0][11]/D (DFF_X1)     0.22 f         0.03         0.19
lsu_fifo/mem_reg[0][10]/D (DFF_X1)     0.22 f         0.03         0.19
lsu_fifo/mem_reg[0][9]/D (DFF_X1)     0.22 f          0.03         0.19
lsu_fifo/mem_reg[0][8]/D (DFF_X1)     0.22 f          0.03         0.19
lsu_fifo/mem_reg[0][7]/D (DFF_X1)     0.22 f          0.03         0.19
lsu_fifo/mem_reg[0][6]/D (DFF_X1)     0.22 f          0.03         0.19
lsu_fifo/mem_reg[0][5]/D (DFF_X1)     0.22 f          0.03         0.19
lsu_fifo/mem_reg[0][4]/D (DFF_X1)     0.22 f          0.03         0.19
lsu_fifo/mem_reg[0][3]/D (DFF_X1)     0.22 f          0.03         0.19
lsu_fifo/mem_reg[0][2]/D (DFF_X1)     0.22 f          0.03         0.19
lsu_fifo/mem_reg[0][1]/D (DFF_X1)     0.22 f          0.03         0.19
lsu_fifo/mem_reg[2][11]/D (DFF_X1)     0.22 f         0.03         0.19
lsu_fifo/mem_reg[2][10]/D (DFF_X1)     0.22 f         0.03         0.19
lsu_fifo/mem_reg[2][9]/D (DFF_X1)     0.22 f          0.03         0.19
lsu_fifo/mem_reg[2][8]/D (DFF_X1)     0.22 f          0.03         0.19
lsu_fifo/mem_reg[2][7]/D (DFF_X1)     0.22 f          0.03         0.19
lsu_fifo/mem_reg[2][6]/D (DFF_X1)     0.22 f          0.03         0.19
lsu_fifo/mem_reg[2][4]/D (DFF_X1)     0.22 f          0.03         0.19
lsu_fifo/mem_reg[3][11]/D (DFF_X1)     0.24 f         0.03         0.21
lsu_fifo/mem_reg[3][10]/D (DFF_X1)     0.24 f         0.03         0.21
lsu_fifo/mem_reg[3][9]/D (DFF_X1)     0.24 f          0.03         0.21
lsu_fifo/mem_reg[3][8]/D (DFF_X1)     0.24 f          0.03         0.21
lsu_fifo/mem_reg[3][7]/D (DFF_X1)     0.24 f          0.03         0.21
lsu_fifo/mem_reg[3][6]/D (DFF_X1)     0.24 f          0.03         0.21
lsu_fifo/mem_reg[3][5]/D (DFF_X1)     0.24 f          0.03         0.21
lsu_fifo/mem_reg[3][4]/D (DFF_X1)     0.24 f          0.03         0.21
lsu_fifo/mem_reg[3][3]/D (DFF_X1)     0.24 f          0.03         0.21
lsu_fifo/mem_reg[3][2]/D (DFF_X1)     0.24 f          0.03         0.21
lsu_fifo/mem_reg[3][1]/D (DFF_X1)     0.24 f          0.03         0.21
lsu_fifo/wr_ptr_reg[1]/D (DFF_X1)     0.24 f          0.03         0.21
lsu_fifo/mem_reg[1][11]/D (DFF_X1)     0.24 f         0.03         0.21
lsu_fifo/mem_reg[1][10]/D (DFF_X1)     0.24 f         0.03         0.21
lsu_fifo/mem_reg[1][9]/D (DFF_X1)     0.24 f          0.03         0.21
lsu_fifo/mem_reg[1][8]/D (DFF_X1)     0.24 f          0.03         0.21
lsu_fifo/mem_reg[1][7]/D (DFF_X1)     0.24 f          0.03         0.21
lsu_fifo/mem_reg[1][6]/D (DFF_X1)     0.24 f          0.03         0.21
lsu_fifo/mem_reg[1][5]/D (DFF_X1)     0.24 f          0.03         0.21
lsu_fifo/mem_reg[1][4]/D (DFF_X1)     0.24 f          0.03         0.21
lsu_fifo/mem_reg[1][3]/D (DFF_X1)     0.24 f          0.03         0.21
lsu_fifo/mem_reg[1][2]/D (DFF_X1)     0.24 f          0.03         0.21
lsu_fifo/mem_reg[1][1]/D (DFF_X1)     0.24 f          0.03         0.21
lsu_fifo/mem_reg[2][5]/D (DFF_X1)     0.24 f          0.03         0.21
lsu_fifo/mem_reg[2][3]/D (DFF_X1)     0.24 f          0.03         0.21
lsu_fifo/mem_reg[2][2]/D (DFF_X1)     0.24 f          0.03         0.21
lsu_fifo/mem_reg[2][1]/D (DFF_X1)     0.24 f          0.03         0.21
lsu_fifo/rd_ptr_reg[0]/D (DFF_X1)     0.24 f          0.03         0.21
lsu_fifo/rd_ptr_reg[1]/D (DFF_X1)     0.24 f          0.03         0.21
lsu_fifo/wr_ptr_reg[0]/D (DFF_X1)     0.28 f          0.03         0.25
lsu_fifo/mem_reg[0][5]/D (DFF_X1)     0.40 r          0.08         0.32
lsu_fifo/mem_reg[1][5]/D (DFF_X1)     0.40 r          0.08         0.32
lsu_fifo/mem_reg[2][5]/D (DFF_X1)     0.40 r          0.08         0.32
lsu_fifo/mem_reg[1][4]/D (DFF_X1)     0.37 f          0.03         0.34
lsu_fifo/mem_reg[0][4]/D (DFF_X1)     0.37 f          0.03         0.34
lsu_fifo/mem_reg[2][4]/D (DFF_X1)     0.37 f          0.03         0.34
lsu_fifo/mem_reg[3][4]/D (DFF_X1)     0.38 f          0.03         0.35
lsu_fifo/mem_reg[3][5]/D (DFF_X1)     0.44 r          0.08         0.36
lsu_fifo/mem_reg[2][3]/D (DFF_X1)     0.41 f          0.03         0.38
lsu_fifo/mem_reg[2][2]/D (DFF_X1)     0.41 f          0.03         0.38
lsu_fifo/mem_reg[2][1]/D (DFF_X1)     0.41 f          0.03         0.38
lsu_fifo/mem_reg[1][11]/D (DFF_X1)     0.41 f         0.03         0.38
lsu_fifo/mem_reg[1][10]/D (DFF_X1)     0.41 f         0.03         0.38
lsu_fifo/mem_reg[1][9]/D (DFF_X1)     0.41 f          0.03         0.38
lsu_fifo/mem_reg[1][8]/D (DFF_X1)     0.41 f          0.03         0.38
lsu_fifo/mem_reg[1][7]/D (DFF_X1)     0.41 f          0.03         0.38
lsu_fifo/mem_reg[1][6]/D (DFF_X1)     0.41 f          0.03         0.38
lsu_fifo/mem_reg[1][3]/D (DFF_X1)     0.41 f          0.03         0.38
lsu_fifo/mem_reg[1][2]/D (DFF_X1)     0.41 f          0.03         0.38
lsu_fifo/mem_reg[1][1]/D (DFF_X1)     0.41 f          0.03         0.38
lsu_fifo/mem_reg[0][11]/D (DFF_X1)     0.41 f         0.03         0.38
lsu_fifo/mem_reg[0][10]/D (DFF_X1)     0.41 f         0.03         0.38
lsu_fifo/mem_reg[0][9]/D (DFF_X1)     0.41 f          0.03         0.38
lsu_fifo/mem_reg[0][8]/D (DFF_X1)     0.41 f          0.03         0.38
lsu_fifo/mem_reg[0][7]/D (DFF_X1)     0.41 f          0.03         0.38
lsu_fifo/mem_reg[0][6]/D (DFF_X1)     0.41 f          0.03         0.38
lsu_fifo/mem_reg[0][3]/D (DFF_X1)     0.41 f          0.03         0.38
lsu_fifo/mem_reg[0][2]/D (DFF_X1)     0.41 f          0.03         0.38
lsu_fifo/mem_reg[0][1]/D (DFF_X1)     0.41 f          0.03         0.38
lsu_fifo/mem_reg[2][11]/D (DFF_X1)     0.41 f         0.03         0.38
lsu_fifo/mem_reg[2][10]/D (DFF_X1)     0.41 f         0.03         0.38
lsu_fifo/mem_reg[2][9]/D (DFF_X1)     0.41 f          0.03         0.38
lsu_fifo/mem_reg[2][8]/D (DFF_X1)     0.41 f          0.03         0.38
lsu_fifo/mem_reg[2][7]/D (DFF_X1)     0.41 f          0.03         0.38
lsu_fifo/mem_reg[2][6]/D (DFF_X1)     0.41 f          0.03         0.38
lsu_fifo/mem_reg[3][11]/D (DFF_X1)     0.42 f         0.03         0.39
lsu_fifo/mem_reg[3][10]/D (DFF_X1)     0.42 f         0.03         0.39
lsu_fifo/mem_reg[3][9]/D (DFF_X1)     0.42 f          0.03         0.39
lsu_fifo/mem_reg[3][8]/D (DFF_X1)     0.42 f          0.03         0.39
lsu_fifo/mem_reg[3][7]/D (DFF_X1)     0.42 f          0.03         0.39
lsu_fifo/mem_reg[3][6]/D (DFF_X1)     0.42 f          0.03         0.39
lsu_fifo/mem_reg[3][3]/D (DFF_X1)     0.42 f          0.03         0.39
lsu_fifo/mem_reg[3][2]/D (DFF_X1)     0.42 f          0.03         0.39
lsu_fifo/mem_reg[3][1]/D (DFF_X1)     0.42 f          0.03         0.39
writeback_value_o[0] (out)          0.37 f           -0.09         0.46
writeback_value_o[7] (out)          0.37 f           -0.09         0.46
writeback_value_o[6] (out)          0.37 f           -0.09         0.46
writeback_value_o[5] (out)          0.37 f           -0.09         0.46
writeback_value_o[4] (out)          0.37 f           -0.09         0.46
writeback_value_o[3] (out)          0.37 f           -0.09         0.46
writeback_value_o[2] (out)          0.37 f           -0.09         0.46
writeback_value_o[1] (out)          0.37 f           -0.09         0.46
writeback_value_o[14] (out)         0.39 f           -0.09         0.48
writeback_value_o[13] (out)         0.39 f           -0.09         0.48
writeback_value_o[12] (out)         0.39 f           -0.09         0.48
writeback_value_o[11] (out)         0.39 f           -0.09         0.48
writeback_value_o[10] (out)         0.39 f           -0.09         0.48
writeback_value_o[9] (out)          0.39 f           -0.09         0.48
writeback_value_o[8] (out)          0.39 f           -0.09         0.48
rob_idx_o[4] (out)                  0.39 f           -0.09         0.48
rob_idx_o[3] (out)                  0.39 f           -0.09         0.48
rob_idx_o[2] (out)                  0.39 f           -0.09         0.48
rob_idx_o[1] (out)                  0.39 f           -0.09         0.48
rob_idx_o[0] (out)                  0.39 f           -0.09         0.48
dmem_din_o[31] (out)                0.40 f           -0.09         0.49
dmem_din_o[30] (out)                0.40 f           -0.09         0.49
dmem_din_o[29] (out)                0.40 f           -0.09         0.49
dmem_din_o[28] (out)                0.40 f           -0.09         0.49
dmem_din_o[27] (out)                0.40 f           -0.09         0.49
dmem_din_o[26] (out)                0.40 f           -0.09         0.49
dmem_din_o[25] (out)                0.40 f           -0.09         0.49
dmem_din_o[24] (out)                0.40 f           -0.09         0.49
dmem_din_o[23] (out)                0.40 f           -0.09         0.49
dmem_din_o[22] (out)                0.40 f           -0.09         0.49
dmem_din_o[21] (out)                0.40 f           -0.09         0.49
dmem_din_o[20] (out)                0.40 f           -0.09         0.49
dmem_din_o[19] (out)                0.40 f           -0.09         0.49
dmem_din_o[18] (out)                0.40 f           -0.09         0.49
dmem_din_o[17] (out)                0.40 f           -0.09         0.49
dmem_din_o[16] (out)                0.40 f           -0.09         0.49
dmem_din_o[15] (out)                0.40 f           -0.09         0.49
dmem_din_o[14] (out)                0.40 f           -0.09         0.49
dmem_din_o[13] (out)                0.40 f           -0.09         0.49
dmem_din_o[12] (out)                0.40 f           -0.09         0.49
dmem_din_o[11] (out)                0.40 f           -0.09         0.49
dmem_din_o[10] (out)                0.40 f           -0.09         0.49
dmem_din_o[9] (out)                 0.40 f           -0.09         0.49
dmem_din_o[8] (out)                 0.40 f           -0.09         0.49
dmem_din_o[7] (out)                 0.40 f           -0.09         0.49
dmem_din_o[6] (out)                 0.40 f           -0.09         0.49
dmem_din_o[5] (out)                 0.40 f           -0.09         0.49
dmem_din_o[4] (out)                 0.40 f           -0.09         0.49
dmem_din_o[3] (out)                 0.40 f           -0.09         0.49
dmem_din_o[2] (out)                 0.40 f           -0.09         0.49
dmem_din_o[1] (out)                 0.40 f           -0.09         0.49
dmem_din_o[0] (out)                 0.40 f           -0.09         0.49
writeback_value_o[15] (out)         0.41 f           -0.09         0.50
writeback_valid_o (out)             0.45 f           -0.09         0.54
dmem_csb_write_o (out)              0.46 f           -0.09         0.55
writeback_value_o[23] (out)         0.46 f           -0.09         0.55
writeback_value_o[22] (out)         0.46 f           -0.09         0.55
writeback_value_o[21] (out)         0.46 f           -0.09         0.55
writeback_value_o[20] (out)         0.46 f           -0.09         0.55
writeback_value_o[19] (out)         0.46 f           -0.09         0.55
writeback_value_o[18] (out)         0.46 f           -0.09         0.55
writeback_value_o[17] (out)         0.46 f           -0.09         0.55
writeback_value_o[16] (out)         0.46 f           -0.09         0.55
writeback_value_o[30] (out)         0.47 f           -0.09         0.56
writeback_value_o[29] (out)         0.47 f           -0.09         0.56
writeback_value_o[28] (out)         0.47 f           -0.09         0.56
writeback_value_o[27] (out)         0.47 f           -0.09         0.56
writeback_value_o[26] (out)         0.47 f           -0.09         0.56
writeback_value_o[25] (out)         0.47 f           -0.09         0.56
writeback_value_o[24] (out)         0.47 f           -0.09         0.56
writeback_value_o[31] (out)         0.48 f           -0.09         0.57
dmem_wmask_o[3] (out)               0.48 f           -0.09         0.57
dmem_raddr_o[5] (out)               0.48 f           -0.09         0.57
dmem_csb_read_o (out)               0.49 f           -0.09         0.58
dmem_wmask_o[1] (out)               0.50 f           -0.09         0.59
dmem_waddr_o[5] (out)               0.51 f           -0.09         0.60
dmem_waddr_o[2] (out)               0.53 r           -0.09         0.62
dmem_waddr_o[1] (out)               0.53 r           -0.09         0.62
dmem_waddr_o[0] (out)               0.53 r           -0.09         0.62
dmem_raddr_o[4] (out)               0.53 f           -0.09         0.62
dmem_waddr_o[3] (out)               0.54 f           -0.09         0.63
dmem_raddr_o[3] (out)               0.54 f           -0.09         0.63
dmem_waddr_o[4] (out)               0.55 f           -0.09         0.64
dmem_raddr_o[2] (out)               0.56 r           -0.09         0.65
dmem_raddr_o[1] (out)               0.56 r           -0.09         0.65
dmem_raddr_o[0] (out)               0.56 r           -0.09         0.65
writeback_value_o[31] (out)         0.64 f           -0.09         0.73
dmem_wmask_o[2] (out)               0.66 f           -0.09         0.75
dmem_wmask_o[0] (out)               0.67 f           -0.09         0.76
writeback_value_o[15] (out)         0.72 f           -0.09         0.81
writeback_value_o[14] (out)         0.72 f           -0.09         0.81
writeback_value_o[13] (out)         0.72 f           -0.09         0.81
writeback_value_o[12] (out)         0.72 f           -0.09         0.81
writeback_value_o[11] (out)         0.72 f           -0.09         0.81
writeback_value_o[10] (out)         0.72 f           -0.09         0.81
writeback_value_o[9] (out)          0.72 f           -0.09         0.81
writeback_value_o[8] (out)          0.72 f           -0.09         0.81
writeback_value_o[30] (out)         0.72 f           -0.09         0.81

1
