 
****************************************
Report : area
Design : rob
Version: T-2022.03-SP3
Date   : Thu Jun  8 22:40:32 2023
****************************************

Library(s) Used:

    NangateOpenCellLibrary (File: /homes/gbeatty3/ee478/gbeatty3/OoO_Processor/out-of-order/rob/freepdk-45nm/stdcells-wc.db)

Number of ports:                          451
Number of nets:                         14520
Number of cells:                        11939
Number of combinational cells:           8553
Number of sequential cells:              3382
Number of macros/black boxes:               0
Number of buf/inv:                        562
Number of references:                      28

Combinational area:              10028.732199
Buf/Inv area:                      413.895992
Noncombinational area:           15293.403445
Macro/Black Box area:                0.000000
Net Interconnect area:      undefined  (Wire load has zero net area)

Total cell area:                 25322.135644
Total area:                 undefined

The above information was reported from the logical library. The following are from the physical library:

Hierarchical area distribution
------------------------------

                                  Global cell area            Local cell area
                                  -------------------  ------------------------------ 
Hierarchical cell                 Absolute    Percent  Combi-      Noncombi-   Black-
                                  Total       Total    national    national    boxes   Design
--------------------------------  ----------  -------  ----------  ----------  ------  --------------------------------
rob                               25322.1356    100.0   4489.8141   5173.1678  0.0000  rob
cbuf_inst                          7198.4919     28.4   2522.7441   4675.7478  0.0000  fifo_WIDTH32_DEPTH32_ADDR_LEN5_0
cbuf_pc                            7198.4919     28.4   2522.7441   4675.7478  0.0000  fifo_WIDTH32_DEPTH32_ADDR_LEN5_1
cbuf_prd                           1262.1700      5.0    493.4300    768.7400  0.0000  fifo_WIDTH5_DEPTH32_ADDR_LEN5
--------------------------------  ----------  -------  ----------  ----------  ------  --------------------------------
Total                                                  10028.7322  15293.4034  0.0000

1
