 
****************************************
Report : constraint
        -all_violators
        -verbose
Design : rob
Version: T-2022.03-SP3
Date   : Thu Jun  8 15:06:30 2023
****************************************


    Net: update_req_alu_i

    max_transition         0.50
  - Transition Time        0.61
  ------------------------------
    Slack                 -0.11  (VIOLATED)

    List of pins on net "update_req_alu_i" with transition violations :
   -----------------------------------------------------------------
                             Required        Actual
                            Transition     Transition       Slack
   -----------------------------------------------------------------
       PIN :   U7790/A          0.50           0.61          -0.11  (VIOLATED)
       PIN :   U7830/A          0.50           0.61          -0.11  (VIOLATED)
       PIN :   U7897/A2         0.50           0.61          -0.11  (VIOLATED)
       PIN :   U7898/A3         0.50           0.61          -0.11  (VIOLATED)
       PIN :   U7900/B1         0.50           0.61          -0.11  (VIOLATED)
       PIN :   U8504/B1         0.50           0.61          -0.11  (VIOLATED)
       PIN :   U8678/B1         0.50           0.61          -0.11  (VIOLATED)
       PIN :   U8825/B1         0.50           0.61          -0.11  (VIOLATED)
       PIN :   U9013/B1         0.50           0.61          -0.11  (VIOLATED)
       PIN :   U9183/B1         0.50           0.61          -0.11  (VIOLATED)
       PIN :   U9305/B1         0.50           0.61          -0.11  (VIOLATED)
       PIN :   U9517/B1         0.50           0.61          -0.11  (VIOLATED)
       PIN :   U9636/B1         0.50           0.61          -0.11  (VIOLATED)
       PIN :   U9842/B1         0.50           0.61          -0.11  (VIOLATED)
       PIN :   U9984/B1         0.50           0.61          -0.11  (VIOLATED)
       PIN :   U10127/B1        0.50           0.61          -0.11  (VIOLATED)
       PIN :   U10316/B1        0.50           0.61          -0.11  (VIOLATED)
       PIN :   U10502/B1        0.50           0.61          -0.11  (VIOLATED)
       PIN :   U10669/B1        0.50           0.61          -0.11  (VIOLATED)
       PIN :   U10810/B1        0.50           0.61          -0.11  (VIOLATED)
       PIN :   U10997/B1        0.50           0.61          -0.11  (VIOLATED)
       PIN :   U11117/B1        0.50           0.61          -0.11  (VIOLATED)
       PIN :   U11325/B1        0.50           0.61          -0.11  (VIOLATED)
       PIN :   U11489/B1        0.50           0.61          -0.11  (VIOLATED)
       PIN :   U11651/B1        0.50           0.61          -0.11  (VIOLATED)
       PIN :   U11795/B1        0.50           0.61          -0.11  (VIOLATED)
       PIN :   U11958/B1        0.50           0.61          -0.11  (VIOLATED)
       PIN :   U12100/B1        0.50           0.61          -0.11  (VIOLATED)
       PIN :   U12284/B1        0.50           0.61          -0.11  (VIOLATED)
       PIN :   U12425/B1        0.50           0.61          -0.11  (VIOLATED)
       PIN :   U13607/A         0.50           0.61          -0.11  (VIOLATED)

    Design: rob

    max_leakage_power          0.00
  - Current Leakage Power  399335.78
  ----------------------------------
    Slack                  -399335.78  (VIOLATED)


1
