 
****************************************
Report : power
        -hier
        -analysis_effort low
Design : rob
Version: T-2022.03-SP3
Date   : Thu Jun  8 22:40:32 2023
****************************************


Library(s) Used:

    NangateOpenCellLibrary (File: /homes/gbeatty3/ee478/gbeatty3/OoO_Processor/out-of-order/rob/freepdk-45nm/stdcells-wc.db)


Operating Conditions: slow   Library: NangateOpenCellLibrary
Wire Load Model Mode: top

Design        Wire Load Model            Library
------------------------------------------------
rob                    5K_hvratio_1_1    NangateOpenCellLibrary


Global Operating Voltage = 0.95 
Power-specific unit information :
    Voltage Units = 1V
    Capacitance Units = 1.000000ff
    Time Units = 1ns
    Dynamic Power Units = 1uW    (derived from V,C,T units)
    Leakage Power Units = 1nW


--------------------------------------------------------------------------------
                                       Switch   Int      Leak     Total
Hierarchy                              Power    Power    Power    Power    %
--------------------------------------------------------------------------------
rob                                     100.739 1.65e+03 3.14e+05 2.06e+03 100.0
  cbuf_inst (fifo_WIDTH32_DEPTH32_ADDR_LEN5_0)   25.930  502.308 8.77e+04  615.903  29.8
  cbuf_pc (fifo_WIDTH32_DEPTH32_ADDR_LEN5_1)   25.855  502.081 8.77e+04  615.605  29.8
  cbuf_prd (fifo_WIDTH5_DEPTH32_ADDR_LEN5)    7.904   88.030 1.59e+04  111.800   5.4
1
