 
****************************************
Report : power
        -analysis_effort low
        -verbose
Design : rob
Version: T-2022.03-SP3
Date   : Thu Jun  8 22:40:32 2023
****************************************


Library(s) Used:

    NangateOpenCellLibrary (File: /homes/gbeatty3/ee478/gbeatty3/OoO_Processor/out-of-order/rob/freepdk-45nm/stdcells-wc.db)


Operating Conditions: slow   Library: NangateOpenCellLibrary
Wire Load Model Mode: top

Design        Wire Load Model            Library
------------------------------------------------
rob                    5K_hvratio_1_1    NangateOpenCellLibrary


Global Operating Voltage = 0.95 
Power-specific unit information :
    Voltage Units = 1V
    Capacitance Units = 1.000000ff
    Time Units = 1ns
    Dynamic Power Units = 1uW    (derived from V,C,T units)
    Leakage Power Units = 1nW


Attributes
----------
i - Including register clock pin internal power


  Cell Internal Power  =   1.6493 mW   (94%)
  Net Switching Power  = 100.7385 uW    (6%)
                         ---------
Total Dynamic Power    =   1.7500 mW  (100%)

Cell Leakage Power     = 313.5569 uW

                 Internal         Switching           Leakage            Total                         Cell
Power Group      Power            Power               Power              Power   (   %    )  Attrs  Count
---------------------------------------------------------------------------------------------------------
io_pad             0.0000            0.0000            0.0000            0.0000  (   0.00%)            0
memory             0.0000            0.0000            0.0000            0.0000  (   0.00%)            0
black_box          0.0000            0.0000            0.0000            0.0000  (   0.00%)            0
clock_network  1.5931e+03            0.0000            0.0000        1.5931e+03  (  77.20%)            0 i
register          29.5752            9.9429        1.7843e+05          217.9493  (  10.56%)            3382
sequential         0.0000            0.0000            0.0000            0.0000  (   0.00%)            0
combinational     26.6041           90.7957        1.3513e+05          252.5292  (  12.24%)            8553
---------------------------------------------------------------------------------------------------------
Total          1.6493e+03 uW       100.7386 uW     3.1356e+05 nW     2.0636e+03 uW
1
