 
****************************************
Report : net fanout
        -threshold 32
Design : core
Version: T-2022.03-SP3
Date   : Thu Jun  8 15:48:01 2023
****************************************


Operating Conditions: slow   Library: NangateOpenCellLibrary
Wire Load Model Mode: top

Design        Wire Load Model            Library
------------------------------------------------
core                   5K_hvratio_1_1    NangateOpenCellLibrary


Attributes:
   dr - drc disabled
    c - annotated capacitance
    d - dont_touch
    i - ideal_net
    I - ideal_network
    p - includes pin load
    r - annotated resistance
    h - high fanout

Net                 Fanout   Attributes   Capacitance   Driver
--------------------------------------------------------------------------------
clk_i                 5336   dr, h        1001882.06    clk_i
reset_i                266   d, I             0.00      reset_i
lsu0/lsu_fifo/*Logic0*    402 dr, d         350.72      lsu0/lsu_fifo/U2/**logic_0**
1
