 
****************************************
Report : power
        -analysis_effort low
        -verbose
Design : core
Version: T-2022.03-SP3
Date   : Tue Jun  6 19:43:09 2023
****************************************


Library(s) Used:

    NangateOpenCellLibrary (File: /homes/gbeatty3/ee478/gbeatty3/OoO_Processor/out-of-order/OOO_no_macros/freepdk-45nm/stdcells-wc.db)
    gtech (File: /home/lab.apps/vlsiapps_new/syn/current/libraries/syn/gtech.db)


Operating Conditions: slow   Library: NangateOpenCellLibrary
Wire Load Model Mode: top

Design        Wire Load Model            Library
------------------------------------------------
core                   5K_hvratio_1_1    NangateOpenCellLibrary


Global Operating Voltage = 0.95 
Power-specific unit information :
    Voltage Units = 1V
    Capacitance Units = 1.000000ff
    Time Units = 1ns
    Dynamic Power Units = 1uW    (derived from V,C,T units)
    Leakage Power Units = 1nW


Attributes
----------
i - Including register clock pin internal power


  Cell Internal Power  =   1.3947 mW   (96%)
  Net Switching Power  =  63.6564 uW    (4%)
                         ---------
Total Dynamic Power    =   1.4584 mW  (100%)

Cell Leakage Power     = 230.6669 uW

                 Internal         Switching           Leakage            Total                         Cell
Power Group      Power            Power               Power              Power   (   %    )  Attrs  Count
---------------------------------------------------------------------------------------------------------
io_pad             0.0000            0.0000            0.0000            0.0000  (   0.00%)            0
memory             0.0000            0.0000            0.0000            0.0000  (   0.00%)            0
black_box          0.0000            0.0000            0.0000            0.0000  (   0.00%)            0
clock_network  1.3933e+03            0.0000            0.0000        1.3933e+03  (  82.49%)            0 i
register       -1.5068e+01            7.9591        1.4371e+05          136.5980 (   8.09%)            2790
sequential         0.0000            0.0000            0.0000            0.0000  (   0.00%)            0
combinational     16.5095           55.6965        8.6961e+04          159.1681  (   9.42%)            6105
---------------------------------------------------------------------------------------------------------
Total          1.3947e+03 uW        63.6556 uW     2.3067e+05 nW     1.6890e+03 uW
1
