 
****************************************
Report : power
        -analysis_effort low
        -verbose
Design : core
Version: T-2022.03-SP3
Date   : Thu Jun  8 15:48:01 2023
****************************************


Library(s) Used:

    NangateOpenCellLibrary (File: /homes/gbeatty3/ee478/gbeatty3/OoO_Processor/out-of-order/rob/freepdk-45nm/stdcells-wc.db)
    gtech (File: /home/lab.apps/vlsiapps_new/syn/current/libraries/syn/gtech.db)


Operating Conditions: slow   Library: NangateOpenCellLibrary
Wire Load Model Mode: top

Design        Wire Load Model            Library
------------------------------------------------
core                   5K_hvratio_1_1    NangateOpenCellLibrary


Global Operating Voltage = 0.95 
Power-specific unit information :
    Voltage Units = 1V
    Capacitance Units = 1.000000ff
    Time Units = 1ns
    Dynamic Power Units = 1uW    (derived from V,C,T units)
    Leakage Power Units = 1nW


Attributes
----------
i - Including register clock pin internal power


  Cell Internal Power  =   2.7018 mW   (97%)
  Net Switching Power  =  94.0692 uW    (3%)
                         ---------
Total Dynamic Power    =   2.7958 mW  (100%)

Cell Leakage Power     = 657.5725 uW

                 Internal         Switching           Leakage            Total                         Cell
Power Group      Power            Power               Power              Power   (   %    )  Attrs  Count
---------------------------------------------------------------------------------------------------------
io_pad             0.0000            0.0000            0.0000            0.0000  (   0.00%)            0
memory             0.0000            0.0000            0.0000            0.0000  (   0.00%)            0
black_box          0.0000            0.0000            0.0000            0.0000  (   0.00%)            0
clock_network  2.6924e+03            0.0000            0.0000        2.6924e+03  (  77.96%)            0 i
register       -1.3449e+01            7.0532        2.7733e+05          270.9377 (   7.85%)            5336
sequential         0.0000            0.0000            0.0000            0.0000  (   0.00%)            0
combinational     22.7885           87.0159        3.8024e+05          490.0485  (  14.19%)            26549
---------------------------------------------------------------------------------------------------------
Total          2.7018e+03 uW        94.0691 uW     6.5757e+05 nW     3.4534e+03 uW
1
