 
****************************************
Report : power
        -hier
        -analysis_effort low
Design : core
Version: T-2022.03-SP3
Date   : Tue Jun  6 19:43:09 2023
****************************************


Library(s) Used:

    NangateOpenCellLibrary (File: /homes/gbeatty3/ee478/gbeatty3/OoO_Processor/out-of-order/OOO_no_macros/freepdk-45nm/stdcells-wc.db)
    gtech (File: /home/lab.apps/vlsiapps_new/syn/current/libraries/syn/gtech.db)


Operating Conditions: slow   Library: NangateOpenCellLibrary
Wire Load Model Mode: top

Design        Wire Load Model            Library
------------------------------------------------
core                   5K_hvratio_1_1    NangateOpenCellLibrary


Global Operating Voltage = 0.95 
Power-specific unit information :
    Voltage Units = 1V
    Capacitance Units = 1.000000ff
    Time Units = 1ns
    Dynamic Power Units = 1uW    (derived from V,C,T units)
    Leakage Power Units = 1nW


--------------------------------------------------------------------------------
                                       Switch   Int      Leak     Total
Hierarchy                              Power    Power    Power    Power    %
--------------------------------------------------------------------------------
core                                     63.656 1.39e+03 2.31e+05 1.69e+03 100.0
  lsu0 (lsu)                              0.230    0.500  465.869    1.197   0.1
    lsu_fifo (fifo_WIDTH12_DEPTH4_ADDR_LEN2)    0.170    0.000    0.000    0.170   0.0
      C189 (*MUX_OP_4_2_12)               0.000    0.000    0.000    0.000   0.0
      C188 (*SELECT_OP_2.12_2.1_12)    2.25e-05    0.000    0.000 2.25e-05   0.0
      C187 (*SELECT_OP_3.4_3.1_4)         0.103    0.000    0.000    0.103   0.0
      C186 (*SELECT_OP_2.2_2.1_2)      2.68e-03    0.000    0.000 2.68e-03   0.0
      C185 (*SELECT_OP_2.2_2.1_2)      2.66e-03    0.000    0.000 2.66e-03   0.0
      C184 (*SELECT_OP_3.2_3.1_2)      3.24e-05    0.000    0.000 3.24e-05   0.0
      C183 (*SELECT_OP_4.1_4.1_1)      3.17e-03    0.000    0.000 3.17e-03   0.0
      add_41 (*ADD_UNS_OP_2_1_2)       2.80e-03    0.000    0.000 2.80e-03   0.0
      sub_39 (*SUB_UNS_OP_2_1_2)       2.80e-03    0.000    0.000 2.80e-03   0.0
      add_53 (*ADD_UNS_OP_2_1_2)       2.80e-03    0.000    0.000 2.80e-03   0.0
      add_54 (*ADD_UNS_OP_2_1_2)       2.80e-03    0.000    0.000 2.80e-03   0.0
  reorder_buf (rob)                      37.304 1.11e+03 1.73e+05 1.32e+03  78.1
    cbuf_inst (fifo_WIDTH32_DEPTH32_ADDR_LEN5_0)   16.535  526.682 8.15e+04  624.680  37.0
    cbuf_pc (fifo_WIDTH32_DEPTH32_ADDR_LEN5_1)   15.525  494.366 7.66e+04  586.531  34.7
    cbuf_prd (fifo_WIDTH5_DEPTH32_ADDR_LEN5)    5.244   87.682 1.47e+04  107.603   6.4
  reservation_station (rs)                3.639  129.093 2.53e+04  157.993   9.4
    genblk3[3].lsu_entry (rs_entry_0)     0.268   13.334 1.98e+03   15.582   0.9
    genblk3[2].lsu_entry (rs_entry_1)     0.271   13.321 1.98e+03   15.572   0.9
    genblk3[1].lsu_entry (rs_entry_2)     0.293   13.223 1.98e+03   15.499   0.9
    genblk3[0].lsu_entry (rs_entry_3)     0.328   13.129 1.99e+03   15.444   0.9
    genblk2[3].mul_entry (rs_entry_4)  2.08e-02    1.546  286.467    1.853   0.1
    genblk2[2].mul_entry (rs_entry_5)  2.12e-02    1.546  286.471    1.854   0.1
    genblk2[1].mul_entry (rs_entry_6)  2.10e-02    1.546  286.461    1.853   0.1
    genblk2[0].mul_entry (rs_entry_7)  2.13e-02    1.546  286.469    1.854   0.1
    genblk1[3].alu_entry (rs_entry_8)     0.394   17.834 2.65e+03   20.878   1.2
    genblk1[2].alu_entry (rs_entry_9)     0.417   17.684 2.66e+03   20.757   1.2
    genblk1[1].alu_entry (rs_entry_10)    0.542   17.256 2.68e+03   20.477   1.2
    genblk1[0].alu_entry (rs_entry_11)    0.672   16.900 2.68e+03   20.254   1.2
    pm_mul (priority_management_0)     8.89e-03 5.60e-03 1.05e+03    1.062   0.1
    pm_lsu (priority_management_1)     4.20e-02 2.54e-02 1.05e+03    1.116   0.1
    pm_alu (priority_management_2)        0.136 8.27e-02 1.05e+03    1.268   0.1
  rename0 (rename)                       15.871  110.975 2.39e+04  150.713   8.9
    freelist0 (freelist)                  2.862    3.993 1.23e+03    8.089   0.5
  decode (decode)                         0.741    0.337  410.170    1.488   0.1
    dec0 (decoder)                        0.107    0.101  203.035    0.411   0.0
  fetch (fetch)                           5.850   45.064 7.52e+03   58.434   3.5
1
