Information: Updating design information... (UID-85)
Warning: Design 'core' contains 1 high-fanout nets. A fanout number of 1000 will be used for delay calculations involving these nets. (TIM-134)
Information: Timing loop detected. (OPT-150)
	reservation_station/pm_lsu/U17/A reservation_station/pm_lsu/U17/ZN reservation_station/pm_lsu/U18/A1 reservation_station/pm_lsu/U18/ZN reservation_station/pm_lsu/U72/A reservation_station/pm_lsu/U72/ZN 
Information: Timing loop detected. (OPT-150)
	reservation_station/pm_lsu/U61/B1 reservation_station/pm_lsu/U61/ZN 
Warning: Disabling timing arc between pins 'A1' and 'ZN' on cell 'reservation_station/pm_lsu/U18'
         to break a timing loop. (OPT-314)
Warning: Disabling timing arc between pins 'B1' and 'ZN' on cell 'reservation_station/pm_lsu/U61'
         to break a timing loop. (OPT-314)
Warning: Disabling timing arc between pins 'B1' and 'ZN' on cell 'reservation_station/pm_lsu/U61'
         to break a timing loop. (OPT-314)
Warning: Disabling timing arc between pins 'B1' and 'ZN' on cell 'reservation_station/pm_lsu/U61'
         to break a timing loop. (OPT-314)
Warning: Disabling timing arc between pins 'A' and 'ZN' on cell 'reservation_station/pm_lsu/U70'
         to break a timing loop. (OPT-314)
Warning: Disabling timing arc between pins 'A' and 'ZN' on cell 'reservation_station/pm_lsu/U70'
         to break a timing loop. (OPT-314)
Warning: Disabling timing arc between pins 'A' and 'ZN' on cell 'reservation_station/pm_lsu/U70'
         to break a timing loop. (OPT-314)
Warning: Disabling timing arc between pins 'C1' and 'ZN' on cell 'reservation_station/pm_lsu/U70'
         to break a timing loop. (OPT-314)
Warning: Disabling timing arc between pins 'A' and 'ZN' on cell 'reservation_station/pm_lsu/U69'
         to break a timing loop. (OPT-314)
Warning: Disabling timing arc between pins 'A' and 'ZN' on cell 'reservation_station/pm_lsu/U69'
         to break a timing loop. (OPT-314)
Warning: Disabling timing arc between pins 'A' and 'ZN' on cell 'reservation_station/pm_lsu/U69'
         to break a timing loop. (OPT-314)
Warning: Disabling timing arc between pins 'C1' and 'ZN' on cell 'reservation_station/pm_lsu/U69'
         to break a timing loop. (OPT-314)
Warning: Disabling timing arc between pins 'C1' and 'ZN' on cell 'reservation_station/pm_lsu/U61'
         to break a timing loop. (OPT-314)
Warning: Disabling timing arc between pins 'C1' and 'ZN' on cell 'reservation_station/pm_lsu/U61'
         to break a timing loop. (OPT-314)
Warning: Disabling timing arc between pins 'C1' and 'ZN' on cell 'reservation_station/pm_lsu/U61'
         to break a timing loop. (OPT-314)
Warning: Disabling timing arc between pins 'B1' and 'ZN' on cell 'reservation_station/pm_lsu/U65'
         to break a timing loop. (OPT-314)
Warning: Disabling timing arc between pins 'B1' and 'ZN' on cell 'reservation_station/pm_lsu/U65'
         to break a timing loop. (OPT-314)
Warning: Disabling timing arc between pins 'B1' and 'ZN' on cell 'reservation_station/pm_lsu/U65'
         to break a timing loop. (OPT-314)
Warning: Disabling timing arc between pins 'A' and 'ZN' on cell 'reservation_station/pm_lsu/U67'
         to break a timing loop. (OPT-314)
Warning: Disabling timing arc between pins 'A' and 'ZN' on cell 'reservation_station/pm_lsu/U67'
         to break a timing loop. (OPT-314)
Warning: Disabling timing arc between pins 'A' and 'ZN' on cell 'reservation_station/pm_lsu/U67'
         to break a timing loop. (OPT-314)
Warning: Disabling timing arc between pins 'C1' and 'ZN' on cell 'reservation_station/pm_lsu/U67'
         to break a timing loop. (OPT-314)
Warning: Disabling timing arc between pins 'A' and 'ZN' on cell 'reservation_station/pm_lsu/U66'
         to break a timing loop. (OPT-314)
Warning: Disabling timing arc between pins 'A' and 'ZN' on cell 'reservation_station/pm_lsu/U66'
         to break a timing loop. (OPT-314)
Warning: Disabling timing arc between pins 'A' and 'ZN' on cell 'reservation_station/pm_lsu/U66'
         to break a timing loop. (OPT-314)
Warning: Disabling timing arc between pins 'C1' and 'ZN' on cell 'reservation_station/pm_lsu/U66'
         to break a timing loop. (OPT-314)
Warning: Disabling timing arc between pins 'C1' and 'ZN' on cell 'reservation_station/pm_lsu/U65'
         to break a timing loop. (OPT-314)
Warning: Disabling timing arc between pins 'C1' and 'ZN' on cell 'reservation_station/pm_lsu/U65'
         to break a timing loop. (OPT-314)
Warning: Disabling timing arc between pins 'C1' and 'ZN' on cell 'reservation_station/pm_lsu/U65'
         to break a timing loop. (OPT-314)
Warning: Disabling timing arc between pins 'A1' and 'ZN' on cell 'reservation_station/pm_lsu/U19'
         to break a timing loop. (OPT-314)
Warning: Disabling timing arc between pins 'C1' and 'ZN' on cell 'reservation_station/pm_lsu/U74'
         to break a timing loop. (OPT-314)
Warning: Disabling timing arc between pins 'B1' and 'ZN' on cell 'reservation_station/pm_lsu/U57'
         to break a timing loop. (OPT-314)
Warning: Disabling timing arc between pins 'B1' and 'ZN' on cell 'reservation_station/pm_lsu/U57'
         to break a timing loop. (OPT-314)
Warning: Disabling timing arc between pins 'B1' and 'ZN' on cell 'reservation_station/pm_lsu/U57'
         to break a timing loop. (OPT-314)
Warning: Disabling timing arc between pins 'C1' and 'ZN' on cell 'reservation_station/pm_lsu/U57'
         to break a timing loop. (OPT-314)
Warning: Disabling timing arc between pins 'C1' and 'ZN' on cell 'reservation_station/pm_lsu/U57'
         to break a timing loop. (OPT-314)
Warning: Disabling timing arc between pins 'C1' and 'ZN' on cell 'reservation_station/pm_lsu/U57'
         to break a timing loop. (OPT-314)
Warning: Disabling timing arc between pins 'B1' and 'ZN' on cell 'reservation_station/pm_lsu/U79'
         to break a timing loop. (OPT-314)
Warning: Disabling timing arc between pins 'B1' and 'ZN' on cell 'reservation_station/pm_lsu/U79'
         to break a timing loop. (OPT-314)
Warning: Disabling timing arc between pins 'B1' and 'ZN' on cell 'reservation_station/pm_lsu/U79'
         to break a timing loop. (OPT-314)
Warning: Disabling timing arc between pins 'B' and 'ZN' on cell 'reservation_station/pm_lsu/U82'
         to break a timing loop. (OPT-314)
Warning: Disabling timing arc between pins 'B' and 'ZN' on cell 'reservation_station/pm_lsu/U82'
         to break a timing loop. (OPT-314)
Warning: Disabling timing arc between pins 'B' and 'ZN' on cell 'reservation_station/pm_lsu/U82'
         to break a timing loop. (OPT-314)
Warning: Disabling timing arc between pins 'C1' and 'ZN' on cell 'reservation_station/pm_lsu/U82'
         to break a timing loop. (OPT-314)
Warning: Disabling timing arc between pins 'A' and 'ZN' on cell 'reservation_station/pm_lsu/U80'
         to break a timing loop. (OPT-314)
Warning: Disabling timing arc between pins 'A' and 'ZN' on cell 'reservation_station/pm_lsu/U80'
         to break a timing loop. (OPT-314)
Warning: Disabling timing arc between pins 'A' and 'ZN' on cell 'reservation_station/pm_lsu/U80'
         to break a timing loop. (OPT-314)
Warning: Disabling timing arc between pins 'C1' and 'ZN' on cell 'reservation_station/pm_lsu/U80'
         to break a timing loop. (OPT-314)
Warning: Disabling timing arc between pins 'C1' and 'ZN' on cell 'reservation_station/pm_lsu/U79'
         to break a timing loop. (OPT-314)
Warning: Disabling timing arc between pins 'C1' and 'ZN' on cell 'reservation_station/pm_lsu/U79'
         to break a timing loop. (OPT-314)
Warning: Disabling timing arc between pins 'C1' and 'ZN' on cell 'reservation_station/pm_lsu/U79'
         to break a timing loop. (OPT-314)
Warning: Disabling timing arc between pins 'A' and 'ZN' on cell 'reservation_station/pm_lsu/U17'
         to break a timing loop. (OPT-314)
Warning: Disabling timing arc between pins 'A1' and 'ZN' on cell 'reservation_station/pm_alu/U64'
         to break a timing loop. (OPT-314)
Warning: Disabling timing arc between pins 'A' and 'ZN' on cell 'reservation_station/pm_alu/U72'
         to break a timing loop. (OPT-314)
Warning: Disabling timing arc between pins 'A' and 'ZN' on cell 'reservation_station/pm_alu/U72'
         to break a timing loop. (OPT-314)
Warning: Disabling timing arc between pins 'A' and 'ZN' on cell 'reservation_station/pm_alu/U72'
         to break a timing loop. (OPT-314)
Warning: Disabling timing arc between pins 'C1' and 'ZN' on cell 'reservation_station/pm_alu/U72'
         to break a timing loop. (OPT-314)
Warning: Disabling timing arc between pins 'A' and 'ZN' on cell 'reservation_station/pm_alu/U16'
         to break a timing loop. (OPT-314)
Warning: Disabling timing arc between pins 'A1' and 'ZN' on cell 'reservation_station/pm_alu/U75'
         to break a timing loop. (OPT-314)
Warning: Disabling timing arc between pins 'A' and 'ZN' on cell 'reservation_station/pm_alu/U69'
         to break a timing loop. (OPT-314)
Warning: Disabling timing arc between pins 'A' and 'ZN' on cell 'reservation_station/pm_alu/U69'
         to break a timing loop. (OPT-314)
Warning: Disabling timing arc between pins 'A' and 'ZN' on cell 'reservation_station/pm_alu/U69'
         to break a timing loop. (OPT-314)
Warning: Disabling timing arc between pins 'C1' and 'ZN' on cell 'reservation_station/pm_alu/U69'
         to break a timing loop. (OPT-314)
Warning: Disabling timing arc between pins 'C1' and 'ZN' on cell 'reservation_station/pm_alu/U70'
         to break a timing loop. (OPT-314)
Warning: Disabling timing arc between pins 'A1' and 'ZN' on cell 'reservation_station/pm_alu/U71'
         to break a timing loop. (OPT-314)
Warning: Disabling timing arc between pins 'A' and 'ZN' on cell 'reservation_station/pm_alu/U66'
         to break a timing loop. (OPT-314)
Warning: Disabling timing arc between pins 'A' and 'ZN' on cell 'reservation_station/pm_alu/U66'
         to break a timing loop. (OPT-314)
Warning: Disabling timing arc between pins 'A' and 'ZN' on cell 'reservation_station/pm_alu/U66'
         to break a timing loop. (OPT-314)
Warning: Disabling timing arc between pins 'C1' and 'ZN' on cell 'reservation_station/pm_alu/U66'
         to break a timing loop. (OPT-314)
Warning: Disabling timing arc between pins 'C1' and 'ZN' on cell 'reservation_station/pm_alu/U67'
         to break a timing loop. (OPT-314)
Warning: Disabling timing arc between pins 'B1' and 'ZN' on cell 'reservation_station/pm_alu/U61'
         to break a timing loop. (OPT-314)
Warning: Disabling timing arc between pins 'B1' and 'ZN' on cell 'reservation_station/pm_alu/U61'
         to break a timing loop. (OPT-314)
Warning: Disabling timing arc between pins 'B1' and 'ZN' on cell 'reservation_station/pm_alu/U61'
         to break a timing loop. (OPT-314)
Warning: Disabling timing arc between pins 'C1' and 'ZN' on cell 'reservation_station/pm_alu/U61'
         to break a timing loop. (OPT-314)
Warning: Disabling timing arc between pins 'C1' and 'ZN' on cell 'reservation_station/pm_alu/U61'
         to break a timing loop. (OPT-314)
Warning: Disabling timing arc between pins 'C1' and 'ZN' on cell 'reservation_station/pm_alu/U61'
         to break a timing loop. (OPT-314)
Warning: Disabling timing arc between pins 'A' and 'Z' on cell 'reservation_station/pm_alu/U5'
         to break a timing loop. (OPT-314)
Warning: Disabling timing arc between pins 'B1' and 'ZN' on cell 'reservation_station/pm_alu/U57'
         to break a timing loop. (OPT-314)
Warning: Disabling timing arc between pins 'B1' and 'ZN' on cell 'reservation_station/pm_alu/U57'
         to break a timing loop. (OPT-314)
Warning: Disabling timing arc between pins 'B1' and 'ZN' on cell 'reservation_station/pm_alu/U57'
         to break a timing loop. (OPT-314)
Warning: Disabling timing arc between pins 'C1' and 'ZN' on cell 'reservation_station/pm_alu/U57'
         to break a timing loop. (OPT-314)
Warning: Disabling timing arc between pins 'C1' and 'ZN' on cell 'reservation_station/pm_alu/U57'
         to break a timing loop. (OPT-314)
Warning: Disabling timing arc between pins 'C1' and 'ZN' on cell 'reservation_station/pm_alu/U57'
         to break a timing loop. (OPT-314)
Warning: Disabling timing arc between pins 'A1' and 'ZN' on cell 'reservation_station/pm_alu/U88'
         to break a timing loop. (OPT-314)
Warning: Disabling timing arc between pins 'C1' and 'ZN' on cell 'reservation_station/pm_alu/U80'
         to break a timing loop. (OPT-314)
Warning: Disabling timing arc between pins 'A1' and 'ZN' on cell 'reservation_station/pm_alu/U89'
         to break a timing loop. (OPT-314)
Warning: Disabling timing arc between pins 'B1' and 'ZN' on cell 'reservation_station/pm_alu/U79'
         to break a timing loop. (OPT-314)
Warning: Disabling timing arc between pins 'B1' and 'ZN' on cell 'reservation_station/pm_alu/U79'
         to break a timing loop. (OPT-314)
Warning: Disabling timing arc between pins 'B1' and 'ZN' on cell 'reservation_station/pm_alu/U79'
         to break a timing loop. (OPT-314)
Warning: Disabling timing arc between pins 'C1' and 'ZN' on cell 'reservation_station/pm_alu/U79'
         to break a timing loop. (OPT-314)
Warning: Disabling timing arc between pins 'C1' and 'ZN' on cell 'reservation_station/pm_alu/U79'
         to break a timing loop. (OPT-314)
Warning: Disabling timing arc between pins 'C1' and 'ZN' on cell 'reservation_station/pm_alu/U79'
         to break a timing loop. (OPT-314)
Warning: Disabling timing arc between pins 'A' and 'ZN' on cell 'reservation_station/pm_alu/U18'
         to break a timing loop. (OPT-314)
Warning: Disabling timing arc between pins 'A1' and 'ZN' on cell 'reservation_station/pm_mul/U41'
         to break a timing loop. (OPT-314)
Warning: Disabling timing arc between pins 'B1' and 'ZN' on cell 'reservation_station/pm_mul/U61'
         to break a timing loop. (OPT-314)
Warning: Disabling timing arc between pins 'B1' and 'ZN' on cell 'reservation_station/pm_mul/U61'
         to break a timing loop. (OPT-314)
Warning: Disabling timing arc between pins 'B1' and 'ZN' on cell 'reservation_station/pm_mul/U61'
         to break a timing loop. (OPT-314)
Warning: Disabling timing arc between pins 'A' and 'ZN' on cell 'reservation_station/pm_mul/U70'
         to break a timing loop. (OPT-314)
Warning: Disabling timing arc between pins 'A' and 'ZN' on cell 'reservation_station/pm_mul/U70'
         to break a timing loop. (OPT-314)
Warning: Disabling timing arc between pins 'A' and 'ZN' on cell 'reservation_station/pm_mul/U70'
         to break a timing loop. (OPT-314)
Warning: Disabling timing arc between pins 'C1' and 'ZN' on cell 'reservation_station/pm_mul/U70'
         to break a timing loop. (OPT-314)
Warning: Disabling timing arc between pins 'A' and 'ZN' on cell 'reservation_station/pm_mul/U69'
         to break a timing loop. (OPT-314)
Warning: Disabling timing arc between pins 'A' and 'ZN' on cell 'reservation_station/pm_mul/U69'
         to break a timing loop. (OPT-314)
Warning: Disabling timing arc between pins 'A' and 'ZN' on cell 'reservation_station/pm_mul/U69'
         to break a timing loop. (OPT-314)
Warning: Disabling timing arc between pins 'C1' and 'ZN' on cell 'reservation_station/pm_mul/U69'
         to break a timing loop. (OPT-314)
Warning: Disabling timing arc between pins 'C1' and 'ZN' on cell 'reservation_station/pm_mul/U61'
         to break a timing loop. (OPT-314)
Warning: Disabling timing arc between pins 'C1' and 'ZN' on cell 'reservation_station/pm_mul/U61'
         to break a timing loop. (OPT-314)
Warning: Disabling timing arc between pins 'C1' and 'ZN' on cell 'reservation_station/pm_mul/U61'
         to break a timing loop. (OPT-314)
Warning: Disabling timing arc between pins 'B1' and 'ZN' on cell 'reservation_station/pm_mul/U65'
         to break a timing loop. (OPT-314)
Warning: Disabling timing arc between pins 'B1' and 'ZN' on cell 'reservation_station/pm_mul/U65'
         to break a timing loop. (OPT-314)
Warning: Disabling timing arc between pins 'B1' and 'ZN' on cell 'reservation_station/pm_mul/U65'
         to break a timing loop. (OPT-314)
Warning: Disabling timing arc between pins 'A' and 'ZN' on cell 'reservation_station/pm_mul/U67'
         to break a timing loop. (OPT-314)
Warning: Disabling timing arc between pins 'A' and 'ZN' on cell 'reservation_station/pm_mul/U67'
         to break a timing loop. (OPT-314)
Warning: Disabling timing arc between pins 'A' and 'ZN' on cell 'reservation_station/pm_mul/U67'
         to break a timing loop. (OPT-314)
Warning: Disabling timing arc between pins 'C1' and 'ZN' on cell 'reservation_station/pm_mul/U67'
         to break a timing loop. (OPT-314)
Warning: Disabling timing arc between pins 'A' and 'ZN' on cell 'reservation_station/pm_mul/U66'
         to break a timing loop. (OPT-314)
Warning: Disabling timing arc between pins 'A' and 'ZN' on cell 'reservation_station/pm_mul/U66'
         to break a timing loop. (OPT-314)
Warning: Disabling timing arc between pins 'A' and 'ZN' on cell 'reservation_station/pm_mul/U66'
         to break a timing loop. (OPT-314)
Warning: Disabling timing arc between pins 'C1' and 'ZN' on cell 'reservation_station/pm_mul/U66'
         to break a timing loop. (OPT-314)
Warning: Disabling timing arc between pins 'C1' and 'ZN' on cell 'reservation_station/pm_mul/U65'
         to break a timing loop. (OPT-314)
Warning: Disabling timing arc between pins 'C1' and 'ZN' on cell 'reservation_station/pm_mul/U65'
         to break a timing loop. (OPT-314)
Warning: Disabling timing arc between pins 'C1' and 'ZN' on cell 'reservation_station/pm_mul/U65'
         to break a timing loop. (OPT-314)
Warning: Disabling timing arc between pins 'A1' and 'ZN' on cell 'reservation_station/pm_mul/U42'
         to break a timing loop. (OPT-314)
Warning: Disabling timing arc between pins 'C1' and 'ZN' on cell 'reservation_station/pm_mul/U74'
         to break a timing loop. (OPT-314)
Warning: Disabling timing arc between pins 'B1' and 'ZN' on cell 'reservation_station/pm_mul/U57'
         to break a timing loop. (OPT-314)
Warning: Disabling timing arc between pins 'B1' and 'ZN' on cell 'reservation_station/pm_mul/U57'
         to break a timing loop. (OPT-314)
Warning: Disabling timing arc between pins 'B1' and 'ZN' on cell 'reservation_station/pm_mul/U57'
         to break a timing loop. (OPT-314)
Warning: Disabling timing arc between pins 'C1' and 'ZN' on cell 'reservation_station/pm_mul/U57'
         to break a timing loop. (OPT-314)
Warning: Disabling timing arc between pins 'C1' and 'ZN' on cell 'reservation_station/pm_mul/U57'
         to break a timing loop. (OPT-314)
Warning: Disabling timing arc between pins 'C1' and 'ZN' on cell 'reservation_station/pm_mul/U57'
         to break a timing loop. (OPT-314)
Warning: Disabling timing arc between pins 'B1' and 'ZN' on cell 'reservation_station/pm_mul/U79'
         to break a timing loop. (OPT-314)
Warning: Disabling timing arc between pins 'B1' and 'ZN' on cell 'reservation_station/pm_mul/U79'
         to break a timing loop. (OPT-314)
Warning: Disabling timing arc between pins 'B1' and 'ZN' on cell 'reservation_station/pm_mul/U79'
         to break a timing loop. (OPT-314)
Warning: Disabling timing arc between pins 'B' and 'ZN' on cell 'reservation_station/pm_mul/U82'
         to break a timing loop. (OPT-314)
Warning: Disabling timing arc between pins 'B' and 'ZN' on cell 'reservation_station/pm_mul/U82'
         to break a timing loop. (OPT-314)
Warning: Disabling timing arc between pins 'B' and 'ZN' on cell 'reservation_station/pm_mul/U82'
         to break a timing loop. (OPT-314)
Warning: Disabling timing arc between pins 'C1' and 'ZN' on cell 'reservation_station/pm_mul/U82'
         to break a timing loop. (OPT-314)
Warning: Disabling timing arc between pins 'A' and 'ZN' on cell 'reservation_station/pm_mul/U80'
         to break a timing loop. (OPT-314)
Warning: Disabling timing arc between pins 'A' and 'ZN' on cell 'reservation_station/pm_mul/U80'
         to break a timing loop. (OPT-314)
Warning: Disabling timing arc between pins 'A' and 'ZN' on cell 'reservation_station/pm_mul/U80'
         to break a timing loop. (OPT-314)
Warning: Disabling timing arc between pins 'C1' and 'ZN' on cell 'reservation_station/pm_mul/U80'
         to break a timing loop. (OPT-314)
Warning: Disabling timing arc between pins 'C1' and 'ZN' on cell 'reservation_station/pm_mul/U79'
         to break a timing loop. (OPT-314)
Warning: Disabling timing arc between pins 'C1' and 'ZN' on cell 'reservation_station/pm_mul/U79'
         to break a timing loop. (OPT-314)
Warning: Disabling timing arc between pins 'C1' and 'ZN' on cell 'reservation_station/pm_mul/U79'
         to break a timing loop. (OPT-314)
Warning: Disabling timing arc between pins 'A' and 'ZN' on cell 'reservation_station/pm_mul/U11'
         to break a timing loop. (OPT-314)
 
****************************************
Report : timing
        -path end
        -delay max
        -nets
        -max_paths 200
        -capacitance
Design : core
Version: T-2022.03-SP3
Date   : Thu Jun  8 15:48:00 2023
****************************************

 # A fanout number of 1000 was used for high fanout net computations.

Operating Conditions: slow   Library: NangateOpenCellLibrary
Wire Load Model Mode: top

Endpoint                         Path Delay     Path Required     Slack
------------------------------------------------------------------------
reorder_buf/reg_value_reg[31][10]/D (DFF_X1)     9.82 f     9.82     0.00
reorder_buf/reg_value_reg[28][10]/D (DFF_X1)     9.82 f     9.82     0.00
reorder_buf/reg_value_reg[23][10]/D (DFF_X1)     9.82 f     9.82     0.00
reorder_buf/reg_value_reg[20][10]/D (DFF_X1)     9.82 f     9.82     0.00
reorder_buf/reg_value_reg[15][10]/D (DFF_X1)     9.82 f     9.82     0.00
reorder_buf/reg_value_reg[12][10]/D (DFF_X1)     9.82 f     9.82     0.00
reorder_buf/reg_value_reg[0][10]/D (DFF_X1)     9.82 f     9.82     0.00
reorder_buf/reg_value_reg[27][10]/D (DFF_X1)     9.82 f     9.82     0.00
reorder_buf/reg_value_reg[24][10]/D (DFF_X1)     9.82 f     9.82     0.00
reorder_buf/reg_value_reg[19][10]/D (DFF_X1)     9.82 f     9.82     0.00
reorder_buf/reg_value_reg[16][10]/D (DFF_X1)     9.82 f     9.82     0.00
reorder_buf/reg_value_reg[11][10]/D (DFF_X1)     9.82 f     9.82     0.00
reorder_buf/reg_value_reg[8][10]/D (DFF_X1)     9.82 f     9.82     0.00
reorder_buf/reg_value_reg[7][10]/D (DFF_X1)     9.82 f     9.82     0.00
reorder_buf/reg_value_reg[4][10]/D (DFF_X1)     9.82 f     9.82     0.00
reorder_buf/reg_value_reg[3][10]/D (DFF_X1)     9.82 f     9.82     0.00
reorder_buf/reg_value_reg[1][10]/D (DFF_X1)     9.82 f     9.82     0.00
reorder_buf/reg_value_reg[30][10]/D (DFF_X1)     9.82 f     9.82     0.00
reorder_buf/reg_value_reg[29][10]/D (DFF_X1)     9.82 f     9.82     0.00
reorder_buf/reg_value_reg[26][10]/D (DFF_X1)     9.82 f     9.82     0.00
reorder_buf/reg_value_reg[25][10]/D (DFF_X1)     9.82 f     9.82     0.00
reorder_buf/reg_value_reg[22][10]/D (DFF_X1)     9.82 f     9.82     0.00
reorder_buf/reg_value_reg[21][10]/D (DFF_X1)     9.82 f     9.82     0.00
reorder_buf/reg_value_reg[18][10]/D (DFF_X1)     9.82 f     9.82     0.00
reorder_buf/reg_value_reg[17][10]/D (DFF_X1)     9.82 f     9.82     0.00
reorder_buf/reg_value_reg[14][10]/D (DFF_X1)     9.82 f     9.82     0.00
reorder_buf/reg_value_reg[13][10]/D (DFF_X1)     9.82 f     9.82     0.00
reorder_buf/reg_value_reg[10][10]/D (DFF_X1)     9.82 f     9.82     0.00
reorder_buf/reg_value_reg[9][10]/D (DFF_X1)     9.82 f     9.82     0.00
reorder_buf/reg_value_reg[6][10]/D (DFF_X1)     9.82 f     9.82     0.00
reorder_buf/reg_value_reg[5][10]/D (DFF_X1)     9.82 f     9.82     0.00
reorder_buf/reg_value_reg[2][10]/D (DFF_X1)     9.82 f     9.82     0.00
reorder_buf/reg_value_reg[31][20]/D (DFF_X1)     9.82 f     9.82     0.00
reorder_buf/reg_value_reg[23][20]/D (DFF_X1)     9.82 f     9.82     0.00
reorder_buf/reg_value_reg[31][0]/D (DFF_X1)     9.82 f     9.82     0.00
reorder_buf/reg_value_reg[28][0]/D (DFF_X1)     9.82 f     9.82     0.00
reorder_buf/reg_value_reg[23][0]/D (DFF_X1)     9.82 f     9.82     0.00
reorder_buf/reg_value_reg[20][0]/D (DFF_X1)     9.82 f     9.82     0.00
reorder_buf/reg_value_reg[15][0]/D (DFF_X1)     9.82 f     9.82     0.00
reorder_buf/reg_value_reg[12][0]/D (DFF_X1)     9.82 f     9.82     0.00
reorder_buf/reg_value_reg[27][20]/D (DFF_X1)     9.82 f     9.82     0.00
reorder_buf/reg_value_reg[19][20]/D (DFF_X1)     9.82 f     9.82     0.00
reorder_buf/reg_value_reg[11][20]/D (DFF_X1)     9.82 f     9.82     0.00
reorder_buf/reg_value_reg[8][20]/D (DFF_X1)     9.82 f     9.82     0.00
reorder_buf/reg_value_reg[7][20]/D (DFF_X1)     9.82 f     9.82     0.00
reorder_buf/reg_value_reg[4][20]/D (DFF_X1)     9.82 f     9.82     0.00
reorder_buf/reg_value_reg[3][20]/D (DFF_X1)     9.82 f     9.82     0.00
reorder_buf/reg_value_reg[1][20]/D (DFF_X1)     9.82 f     9.82     0.00
reorder_buf/reg_value_reg[30][20]/D (DFF_X1)     9.82 f     9.82     0.00
reorder_buf/reg_value_reg[29][20]/D (DFF_X1)     9.82 f     9.82     0.00
reorder_buf/reg_value_reg[25][20]/D (DFF_X1)     9.82 f     9.82     0.00
reorder_buf/reg_value_reg[22][20]/D (DFF_X1)     9.82 f     9.82     0.00
reorder_buf/reg_value_reg[21][20]/D (DFF_X1)     9.82 f     9.82     0.00
reorder_buf/reg_value_reg[18][20]/D (DFF_X1)     9.82 f     9.82     0.00
reorder_buf/reg_value_reg[17][20]/D (DFF_X1)     9.82 f     9.82     0.00
reorder_buf/reg_value_reg[14][20]/D (DFF_X1)     9.82 f     9.82     0.00
reorder_buf/reg_value_reg[13][20]/D (DFF_X1)     9.82 f     9.82     0.00
reorder_buf/reg_value_reg[9][20]/D (DFF_X1)     9.82 f     9.82     0.00
reorder_buf/reg_value_reg[5][20]/D (DFF_X1)     9.82 f     9.82     0.00
reorder_buf/reg_value_reg[24][0]/D (DFF_X1)     9.82 f     9.82     0.00
reorder_buf/reg_value_reg[11][0]/D (DFF_X1)     9.82 f     9.82     0.00
reorder_buf/reg_value_reg[8][0]/D (DFF_X1)     9.82 f     9.82     0.00
reorder_buf/reg_value_reg[7][0]/D (DFF_X1)     9.82 f     9.82     0.00
reorder_buf/reg_value_reg[4][0]/D (DFF_X1)     9.82 f     9.82     0.00
reorder_buf/reg_value_reg[27][0]/D (DFF_X1)     9.82 f     9.82     0.00
reorder_buf/reg_value_reg[30][0]/D (DFF_X1)     9.82 f     9.82     0.00
reorder_buf/reg_value_reg[29][0]/D (DFF_X1)     9.82 f     9.82     0.00
reorder_buf/reg_value_reg[26][0]/D (DFF_X1)     9.82 f     9.82     0.00
reorder_buf/reg_value_reg[25][0]/D (DFF_X1)     9.82 f     9.82     0.00
reorder_buf/reg_value_reg[22][0]/D (DFF_X1)     9.82 f     9.82     0.00
reorder_buf/reg_value_reg[18][0]/D (DFF_X1)     9.82 f     9.82     0.00
reorder_buf/reg_value_reg[17][0]/D (DFF_X1)     9.82 f     9.82     0.00
reorder_buf/reg_value_reg[14][0]/D (DFF_X1)     9.82 f     9.82     0.00
reorder_buf/reg_value_reg[13][0]/D (DFF_X1)     9.82 f     9.82     0.00
reorder_buf/reg_value_reg[10][0]/D (DFF_X1)     9.82 f     9.82     0.00
reorder_buf/reg_value_reg[9][0]/D (DFF_X1)     9.82 f     9.82     0.00
reorder_buf/reg_value_reg[6][0]/D (DFF_X1)     9.82 f     9.82     0.00
reorder_buf/reg_value_reg[5][0]/D (DFF_X1)     9.82 f     9.82     0.00
reorder_buf/reg_value_reg[2][0]/D (DFF_X1)     9.82 f     9.82     0.00
reorder_buf/reg_value_reg[31][19]/D (DFF_X1)     9.81 f     9.82     0.01
reorder_buf/reg_value_reg[28][19]/D (DFF_X1)     9.81 f     9.82     0.01
reorder_buf/reg_value_reg[23][19]/D (DFF_X1)     9.81 f     9.82     0.01
reorder_buf/reg_value_reg[20][19]/D (DFF_X1)     9.81 f     9.82     0.01
reorder_buf/reg_value_reg[15][19]/D (DFF_X1)     9.81 f     9.82     0.01
reorder_buf/reg_value_reg[12][19]/D (DFF_X1)     9.81 f     9.82     0.01
reorder_buf/reg_value_reg[0][19]/D (DFF_X1)     9.81 f     9.82     0.01
reorder_buf/reg_value_reg[27][19]/D (DFF_X1)     9.81 f     9.82     0.01
reorder_buf/reg_value_reg[24][19]/D (DFF_X1)     9.81 f     9.82     0.01
reorder_buf/reg_value_reg[19][19]/D (DFF_X1)     9.81 f     9.82     0.01
reorder_buf/reg_value_reg[16][19]/D (DFF_X1)     9.81 f     9.82     0.01
reorder_buf/reg_value_reg[11][19]/D (DFF_X1)     9.81 f     9.82     0.01
reorder_buf/reg_value_reg[8][19]/D (DFF_X1)     9.81 f     9.82     0.01
reorder_buf/reg_value_reg[7][19]/D (DFF_X1)     9.81 f     9.82     0.01
reorder_buf/reg_value_reg[4][19]/D (DFF_X1)     9.81 f     9.82     0.01
reorder_buf/reg_value_reg[3][19]/D (DFF_X1)     9.81 f     9.82     0.01
reorder_buf/reg_value_reg[1][19]/D (DFF_X1)     9.81 f     9.82     0.01
reorder_buf/reg_value_reg[30][19]/D (DFF_X1)     9.81 f     9.82     0.01
reorder_buf/reg_value_reg[29][19]/D (DFF_X1)     9.81 f     9.82     0.01
reorder_buf/reg_value_reg[26][19]/D (DFF_X1)     9.81 f     9.82     0.01
reorder_buf/reg_value_reg[25][19]/D (DFF_X1)     9.81 f     9.82     0.01
reorder_buf/reg_value_reg[22][19]/D (DFF_X1)     9.81 f     9.82     0.01
reorder_buf/reg_value_reg[21][19]/D (DFF_X1)     9.81 f     9.82     0.01
reorder_buf/reg_value_reg[18][19]/D (DFF_X1)     9.81 f     9.82     0.01
reorder_buf/reg_value_reg[17][19]/D (DFF_X1)     9.81 f     9.82     0.01
reorder_buf/reg_value_reg[14][19]/D (DFF_X1)     9.81 f     9.82     0.01
reorder_buf/reg_value_reg[13][19]/D (DFF_X1)     9.81 f     9.82     0.01
reorder_buf/reg_value_reg[10][19]/D (DFF_X1)     9.81 f     9.82     0.01
reorder_buf/reg_value_reg[9][19]/D (DFF_X1)     9.81 f     9.82     0.01
reorder_buf/reg_value_reg[6][19]/D (DFF_X1)     9.81 f     9.82     0.01
reorder_buf/reg_value_reg[5][19]/D (DFF_X1)     9.81 f     9.82     0.01
reorder_buf/reg_value_reg[2][19]/D (DFF_X1)     9.81 f     9.82     0.01
reorder_buf/reg_value_reg[31][22]/D (DFF_X1)     9.81 f     9.82     0.01
reorder_buf/reg_value_reg[28][22]/D (DFF_X1)     9.81 f     9.82     0.01
reorder_buf/reg_value_reg[23][22]/D (DFF_X1)     9.81 f     9.82     0.01
reorder_buf/reg_value_reg[20][22]/D (DFF_X1)     9.81 f     9.82     0.01
reorder_buf/reg_value_reg[15][22]/D (DFF_X1)     9.81 f     9.82     0.01
reorder_buf/reg_value_reg[12][22]/D (DFF_X1)     9.81 f     9.82     0.01
reorder_buf/reg_value_reg[0][22]/D (DFF_X1)     9.81 f     9.82     0.01
reorder_buf/reg_value_reg[27][22]/D (DFF_X1)     9.81 f     9.82     0.01
reorder_buf/reg_value_reg[24][22]/D (DFF_X1)     9.81 f     9.82     0.01
reorder_buf/reg_value_reg[19][22]/D (DFF_X1)     9.81 f     9.82     0.01
reorder_buf/reg_value_reg[16][22]/D (DFF_X1)     9.81 f     9.82     0.01
reorder_buf/reg_value_reg[11][22]/D (DFF_X1)     9.81 f     9.82     0.01
reorder_buf/reg_value_reg[8][22]/D (DFF_X1)     9.81 f     9.82     0.01
reorder_buf/reg_value_reg[7][22]/D (DFF_X1)     9.81 f     9.82     0.01
reorder_buf/reg_value_reg[4][22]/D (DFF_X1)     9.81 f     9.82     0.01
reorder_buf/reg_value_reg[3][22]/D (DFF_X1)     9.81 f     9.82     0.01
reorder_buf/reg_value_reg[1][22]/D (DFF_X1)     9.81 f     9.82     0.01
reorder_buf/reg_value_reg[30][22]/D (DFF_X1)     9.81 f     9.82     0.01
reorder_buf/reg_value_reg[29][22]/D (DFF_X1)     9.81 f     9.82     0.01
reorder_buf/reg_value_reg[26][22]/D (DFF_X1)     9.81 f     9.82     0.01
reorder_buf/reg_value_reg[25][22]/D (DFF_X1)     9.81 f     9.82     0.01
reorder_buf/reg_value_reg[22][22]/D (DFF_X1)     9.81 f     9.82     0.01
reorder_buf/reg_value_reg[21][22]/D (DFF_X1)     9.81 f     9.82     0.01
reorder_buf/reg_value_reg[18][22]/D (DFF_X1)     9.81 f     9.82     0.01
reorder_buf/reg_value_reg[17][22]/D (DFF_X1)     9.81 f     9.82     0.01
reorder_buf/reg_value_reg[14][22]/D (DFF_X1)     9.81 f     9.82     0.01
reorder_buf/reg_value_reg[13][22]/D (DFF_X1)     9.81 f     9.82     0.01
reorder_buf/reg_value_reg[10][22]/D (DFF_X1)     9.81 f     9.82     0.01
reorder_buf/reg_value_reg[9][22]/D (DFF_X1)     9.81 f     9.82     0.01
reorder_buf/reg_value_reg[6][22]/D (DFF_X1)     9.81 f     9.82     0.01
reorder_buf/reg_value_reg[5][22]/D (DFF_X1)     9.81 f     9.82     0.01
reorder_buf/reg_value_reg[2][22]/D (DFF_X1)     9.81 f     9.82     0.01
reorder_buf/reg_value_reg[31][24]/D (DFF_X1)     9.81 f     9.82     0.01
reorder_buf/reg_value_reg[28][24]/D (DFF_X1)     9.81 f     9.82     0.01
reorder_buf/reg_value_reg[23][24]/D (DFF_X1)     9.81 f     9.82     0.01
reorder_buf/reg_value_reg[20][24]/D (DFF_X1)     9.81 f     9.82     0.01
reorder_buf/reg_value_reg[15][24]/D (DFF_X1)     9.81 f     9.82     0.01
reorder_buf/reg_value_reg[12][24]/D (DFF_X1)     9.81 f     9.82     0.01
reorder_buf/reg_value_reg[0][24]/D (DFF_X1)     9.81 f     9.82     0.01
reorder_buf/reg_value_reg[27][24]/D (DFF_X1)     9.81 f     9.82     0.01
reorder_buf/reg_value_reg[24][24]/D (DFF_X1)     9.81 f     9.82     0.01
reorder_buf/reg_value_reg[19][24]/D (DFF_X1)     9.81 f     9.82     0.01
reorder_buf/reg_value_reg[16][24]/D (DFF_X1)     9.81 f     9.82     0.01
reorder_buf/reg_value_reg[11][24]/D (DFF_X1)     9.81 f     9.82     0.01
reorder_buf/reg_value_reg[8][24]/D (DFF_X1)     9.81 f     9.82     0.01
reorder_buf/reg_value_reg[7][24]/D (DFF_X1)     9.81 f     9.82     0.01
reorder_buf/reg_value_reg[4][24]/D (DFF_X1)     9.81 f     9.82     0.01
reorder_buf/reg_value_reg[3][24]/D (DFF_X1)     9.81 f     9.82     0.01
reorder_buf/reg_value_reg[1][24]/D (DFF_X1)     9.81 f     9.82     0.01
reorder_buf/reg_value_reg[30][24]/D (DFF_X1)     9.81 f     9.82     0.01
reorder_buf/reg_value_reg[29][24]/D (DFF_X1)     9.81 f     9.82     0.01
reorder_buf/reg_value_reg[26][24]/D (DFF_X1)     9.81 f     9.82     0.01
reorder_buf/reg_value_reg[25][24]/D (DFF_X1)     9.81 f     9.82     0.01
reorder_buf/reg_value_reg[22][24]/D (DFF_X1)     9.81 f     9.82     0.01
reorder_buf/reg_value_reg[21][24]/D (DFF_X1)     9.81 f     9.82     0.01
reorder_buf/reg_value_reg[18][24]/D (DFF_X1)     9.81 f     9.82     0.01
reorder_buf/reg_value_reg[17][24]/D (DFF_X1)     9.81 f     9.82     0.01
reorder_buf/reg_value_reg[14][24]/D (DFF_X1)     9.81 f     9.82     0.01
reorder_buf/reg_value_reg[13][24]/D (DFF_X1)     9.81 f     9.82     0.01
reorder_buf/reg_value_reg[10][24]/D (DFF_X1)     9.81 f     9.82     0.01
reorder_buf/reg_value_reg[9][24]/D (DFF_X1)     9.81 f     9.82     0.01
reorder_buf/reg_value_reg[6][24]/D (DFF_X1)     9.81 f     9.82     0.01
reorder_buf/reg_value_reg[5][24]/D (DFF_X1)     9.81 f     9.82     0.01
reorder_buf/reg_value_reg[2][24]/D (DFF_X1)     9.81 f     9.82     0.01
reorder_buf/reg_value_reg[31][28]/D (DFF_X1)     9.80 f     9.82     0.02
reorder_buf/reg_value_reg[20][28]/D (DFF_X1)     9.80 f     9.82     0.02
reorder_buf/reg_value_reg[12][28]/D (DFF_X1)     9.80 f     9.82     0.02
reorder_buf/reg_value_reg[24][28]/D (DFF_X1)     9.80 f     9.82     0.02
reorder_buf/reg_value_reg[19][28]/D (DFF_X1)     9.80 f     9.82     0.02
reorder_buf/reg_value_reg[16][28]/D (DFF_X1)     9.80 f     9.82     0.02
reorder_buf/reg_value_reg[11][28]/D (DFF_X1)     9.80 f     9.82     0.02
reorder_buf/reg_value_reg[8][28]/D (DFF_X1)     9.80 f     9.82     0.02
reorder_buf/reg_value_reg[7][28]/D (DFF_X1)     9.80 f     9.82     0.02
reorder_buf/reg_value_reg[4][28]/D (DFF_X1)     9.80 f     9.82     0.02
reorder_buf/reg_value_reg[3][28]/D (DFF_X1)     9.80 f     9.82     0.02
reorder_buf/reg_value_reg[1][28]/D (DFF_X1)     9.80 f     9.82     0.02
reorder_buf/reg_value_reg[30][28]/D (DFF_X1)     9.80 f     9.82     0.02
reorder_buf/reg_value_reg[29][28]/D (DFF_X1)     9.80 f     9.82     0.02
reorder_buf/reg_value_reg[26][28]/D (DFF_X1)     9.80 f     9.82     0.02
reorder_buf/reg_value_reg[25][28]/D (DFF_X1)     9.80 f     9.82     0.02
reorder_buf/reg_value_reg[22][28]/D (DFF_X1)     9.80 f     9.82     0.02
reorder_buf/reg_value_reg[21][28]/D (DFF_X1)     9.80 f     9.82     0.02
reorder_buf/reg_value_reg[18][28]/D (DFF_X1)     9.80 f     9.82     0.02
reorder_buf/reg_value_reg[14][28]/D (DFF_X1)     9.80 f     9.82     0.02
reorder_buf/reg_value_reg[9][28]/D (DFF_X1)     9.80 f     9.82     0.02
reorder_buf/reg_value_reg[28][20]/D (DFF_X1)     9.80 f     9.82     0.02
reorder_buf/reg_value_reg[20][20]/D (DFF_X1)     9.80 f     9.82     0.02
reorder_buf/reg_value_reg[15][20]/D (DFF_X1)     9.80 f     9.82     0.02
reorder_buf/reg_value_reg[12][20]/D (DFF_X1)     9.80 f     9.82     0.02

1
